Component: ARM Compiler 5.05 update 1 (build 106) Tool: armlink [4d0efa]

==============================================================================

Section Cross References

    swm320_adc.o(i.ADC_Init) refers to swm320_adc.o(i.ADC_Close) for ADC_Close
    swm320_adc.o(i.ADC_Init) refers to system_swm320.o(i.PLLInit) for PLLInit
    swm320_adc.o(i.ADC_Init) refers to swm320_adc.o(i.NVIC_EnableIRQ) for NVIC_EnableIRQ
    swm320_adc.o(i.ADC_Init) refers to swm320_adc.o(i.NVIC_DisableIRQ) for NVIC_DisableIRQ
    swm320_adc.o(i.ADC_IntEOCClr) refers to swm320_adc.o(i.chn2idx) for chn2idx
    swm320_adc.o(i.ADC_IntEOCDis) refers to swm320_adc.o(i.chn2idx) for chn2idx
    swm320_adc.o(i.ADC_IntEOCEn) refers to swm320_adc.o(i.chn2idx) for chn2idx
    swm320_adc.o(i.ADC_IntEOCStat) refers to swm320_adc.o(i.chn2idx) for chn2idx
    swm320_adc.o(i.ADC_IntFULLClr) refers to swm320_adc.o(i.chn2idx) for chn2idx
    swm320_adc.o(i.ADC_IntFULLDis) refers to swm320_adc.o(i.chn2idx) for chn2idx
    swm320_adc.o(i.ADC_IntFULLEn) refers to swm320_adc.o(i.chn2idx) for chn2idx
    swm320_adc.o(i.ADC_IntFULLStat) refers to swm320_adc.o(i.chn2idx) for chn2idx
    swm320_adc.o(i.ADC_IntHFULLClr) refers to swm320_adc.o(i.chn2idx) for chn2idx
    swm320_adc.o(i.ADC_IntHFULLDis) refers to swm320_adc.o(i.chn2idx) for chn2idx
    swm320_adc.o(i.ADC_IntHFULLEn) refers to swm320_adc.o(i.chn2idx) for chn2idx
    swm320_adc.o(i.ADC_IntHFULLStat) refers to swm320_adc.o(i.chn2idx) for chn2idx
    swm320_adc.o(i.ADC_IntOVFClr) refers to swm320_adc.o(i.chn2idx) for chn2idx
    swm320_adc.o(i.ADC_IntOVFDis) refers to swm320_adc.o(i.chn2idx) for chn2idx
    swm320_adc.o(i.ADC_IntOVFEn) refers to swm320_adc.o(i.chn2idx) for chn2idx
    swm320_adc.o(i.ADC_IntOVFStat) refers to swm320_adc.o(i.chn2idx) for chn2idx
    swm320_adc.o(i.ADC_IsEOC) refers to swm320_adc.o(i.chn2idx) for chn2idx
    swm320_adc.o(i.ADC_Read) refers to swm320_adc.o(i.chn2idx) for chn2idx
    swm320_can.o(i.CAN_Init) refers to swm320_can.o(i.CAN_Close) for CAN_Close
    swm320_can.o(i.CAN_Init) refers to system_swm320.o(.data) for SystemCoreClock
    swm320_can.o(i.CAN_SetBaudrate) refers to system_swm320.o(.data) for SystemCoreClock
    swm320_dma.o(i.DMA_CHM_Config) refers to swm320_dma.o(i.DMA_CH_Close) for DMA_CH_Close
    swm320_exti.o(i.EXTI_Init) refers to swm320_exti.o(i.EXTI_Close) for EXTI_Close
    swm320_flash.o(i.FLASH_Erase) refers to swm320_flash.o(.data) for IAP_Flash_Erase
    swm320_flash.o(i.FLASH_Write) refers to swm320_flash.o(.data) for IAP_Flash_Write
    swm320_flash.o(i.Flash_Param_at_120MHz) refers to swm320_flash.o(.data) for IAP_Flash_Param
    swm320_gpio.o(i.GPIO_Init) refers to swm320_port.o(i.PORT_Init) for PORT_Init
    swm320_i2c.o(i.I2C_Init) refers to swm320_i2c.o(i.I2C_Close) for I2C_Close
    swm320_i2c.o(i.I2C_Init) refers to swm320_i2c.o(i.NVIC_EnableIRQ) for NVIC_EnableIRQ
    swm320_i2c.o(i.I2C_Init) refers to swm320_i2c.o(i.NVIC_DisableIRQ) for NVIC_DisableIRQ
    swm320_i2c.o(i.I2C_Init) refers to system_swm320.o(.data) for SystemCoreClock
    swm320_lcd.o(i.LCD_Init) refers to swm320_lcd.o(i.LCD_INTEn) for LCD_INTEn
    swm320_lcd.o(i.LCD_Init) refers to swm320_lcd.o(i.LCD_INTDis) for LCD_INTDis
    swm320_pwm.o(i.PWM_Init) refers to swm320_pwm.o(i.PWM_Stop) for PWM_Stop
    swm320_rtc.o(i.RTC_AlarmSetup) refers to swm320_rtc.o(i.NVIC_EnableIRQ) for NVIC_EnableIRQ
    swm320_rtc.o(i.RTC_Init) refers to swm320_rtc.o(i.RTC_Stop) for RTC_Stop
    swm320_rtc.o(i.RTC_Init) refers to swm320_rtc.o(i.calcWeekDay) for calcWeekDay
    swm320_rtc.o(i.RTC_Init) refers to swm320_rtc.o(i.NVIC_EnableIRQ) for NVIC_EnableIRQ
    swm320_rtc.o(i.calcWeekDay) refers to memcpya.o(.text) for __aeabi_memcpy4
    swm320_rtc.o(i.calcWeekDay) refers to swm320_rtc.o(.constdata) for .constdata
    swm320_sdio.o(i.SDIO_BlockRead) refers to swm320_sdio.o(i.SDIO_SendCmd) for SDIO_SendCmd
    swm320_sdio.o(i.SDIO_BlockRead) refers to swm320_sdio.o(.bss) for SD_cardInfo
    swm320_sdio.o(i.SDIO_BlockWrite) refers to swm320_sdio.o(i.SDIO_SendCmd) for SDIO_SendCmd
    swm320_sdio.o(i.SDIO_BlockWrite) refers to swm320_sdio.o(.bss) for SD_cardInfo
    swm320_sdio.o(i.SDIO_Init) refers to swm320_sdio.o(i.calcSDCLKDiv) for calcSDCLKDiv
    swm320_sdio.o(i.SDIO_Init) refers to swm320_sdio.o(i.SDIO_SendCmd) for SDIO_SendCmd
    swm320_sdio.o(i.SDIO_Init) refers to swm320_sdio.o(i.parseCID) for parseCID
    swm320_sdio.o(i.SDIO_Init) refers to swm320_sdio.o(i.parseCSD) for parseCSD
    swm320_sdio.o(i.SDIO_Init) refers to system_swm320.o(.data) for SystemCoreClock
    swm320_sdio.o(i.SDIO_Init) refers to swm320_sdio.o(.bss) for SD_cardInfo
    swm320_sdio.o(i.calcSDCLKDiv) refers to system_swm320.o(.data) for SystemCoreClock
    swm320_sdio.o(i.parseCID) refers to swm320_sdio.o(.bss) for SD_cardInfo
    swm320_sdio.o(i.parseCSD) refers to swm320_sdio.o(.bss) for SD_cardInfo
    swm320_sdram.o(i.SDRAM_Init) refers to system_swm320.o(.data) for SystemCoreClock
[...]
    letter_fp                                0x20000044   Data           4  lv_draw.o(.data)
    map_fp                                   0x20000048   Data           4  lv_draw.o(.data)
    .data                                    0x2000004c   Section       22  lv_draw_vbasic.o(.data)
    bpp1_opa_table                           0x2000004c   Data           2  lv_draw_vbasic.o(.data)
    bpp2_opa_table                           0x2000004e   Data           4  lv_draw_vbasic.o(.data)
    bpp4_opa_table                           0x20000052   Data          16  lv_draw_vbasic.o(.data)
    .data                                    0x20000064   Section        8  lv_hal_disp.o(.data)
    disp_list                                0x20000064   Data           4  lv_hal_disp.o(.data)
    active                                   0x20000068   Data           4  lv_hal_disp.o(.data)
    .data                                    0x2000006c   Section        4  lv_hal_indev.o(.data)
    indev_list                               0x2000006c   Data           4  lv_hal_indev.o(.data)
    .data                                    0x20000070   Section        5  lv_hal_tick.o(.data)
    sys_time                                 0x20000070   Data           4  lv_hal_tick.o(.data)
    tick_irq_flag                            0x20000074   Data           1  lv_hal_tick.o(.data)
    .data                                    0x20000078   Section        4  lv_mem.o(.data)
    zero_mem                                 0x20000078   Data           4  lv_mem.o(.data)
    .data                                    0x2000007c   Section       16  lv_task.o(.data)
    lv_task_run                              0x2000007c   Data           1  lv_task.o(.data)
    idle_last                                0x2000007d   Data           1  lv_task.o(.data)
    idle_period_start                        0x20000080   Data           4  lv_task.o(.data)
    handler_start                            0x20000084   Data           4  lv_task.o(.data)
    busy_time                                0x20000088   Data           4  lv_task.o(.data)
    .data                                    0x2000008c   Section        8  lv_bar.o(.data)
    ancestor_design_f                        0x2000008c   Data           4  lv_bar.o(.data)
    ancestor_signal                          0x20000090   Data           4  lv_bar.o(.data)
    .data                                    0x20000094   Section        4  lv_img.o(.data)
    ancestor_signal                          0x20000094   Data           4  lv_img.o(.data)
    .data                                    0x20000098   Section        4  lv_label.o(.data)
    ancestor_signal                          0x20000098   Data           4  lv_label.o(.data)
    .data                                    0x2000009c   Section        4  lv_theme.o(.data)
    current_theme                            0x2000009c   Data           4  lv_theme.o(.data)
    .data                                    0x200000a0   Section       40  lv_font_dejavu_20.o(.data)
    .data                                    0x200000c8   Section       40  lv_font_symbol_20.o(.data)
    .data                                    0x200000f0   Section       52  main.o(.data)
    touch_irq_flag                           0x200000f8   Data           4  main.o(.data)
    s_delay_time                             0x200000fc   Data           2  main.o(.data)
    s_flag_delaytime                         0x200000fe   Data           2  main.o(.data)
    page1                                    0x20000100   Data           4  main.o(.data)
    .data                                    0x20000124   Section        4  bsp_systick.o(.data)
    uwTick                                   0x20000124   Data           4  bsp_systick.o(.data)
    .data                                    0x20000128   Section        4  bsp_spiflash.o(.data)
    SPITimeout                               0x20000128   Data           4  bsp_spiflash.o(.data)
    .data                                    0x2000012c   Section       11  ff.o(.data)
    FatFs                                    0x2000012c   Data           8  ff.o(.data)
    Fsid                                     0x20000134   Data           2  ff.o(.data)
    CurrVol                                  0x20000136   Data           1  ff.o(.data)
    .data                                    0x20000138   Section        4  stdout.o(.data)
    .bss                                     0x20000140   Section       80  swm320_sdio.o(.bss)
    .bss                                     0x20000190   Section       12  lv_obj.o(.bss)
    scr_ll                                   0x20000190   Data          12  lv_obj.o(.bss)
    .bss                                     0x2000019c   Section      320  lv_refr.o(.bss)
    inv_buf                                  0x2000019c   Data         320  lv_refr.o(.bss)
    .bss                                     0x200002dc   Section      780  lv_style.o(.bss)
    .bss                                     0x200005e8   Section    19200  lv_vdb.o(.bss)
    vdb_buf                                  0x200005e8   Data       19200  lv_vdb.o(.bss)
    .bss                                     0x200050e8   Section    65536  lv_mem.o(.bss)
    work_mem                                 0x200050e8   Data       65536  lv_mem.o(.bss)
    .bss                                     0x200150e8   Section       12  lv_task.o(.bss)
    lv_task_ll                               0x200150e8   Data          12  lv_task.o(.bss)
    .bss                                     0x200150f4   Section     9496  main.o(.bss)
    b1                                       0x20017558   Data          60  main.o(.bss)
    b2                                       0x20017594   Data          60  main.o(.bss)
    b3                                       0x200175d0   Data          60  main.o(.bss)
    STACK                                    0x20017610   Section    15360  startup_swm320.o(STACK)
    .ARM.__AT_0x70000000                     0x70000000   Section    261120  tft.o(.ARM.__AT_0x70000000)
    LCD_BufferSHOW                           0x70000000   Data       261120  tft.o(.ARM.__AT_0x70000000)
    .ARM.__AT_0x7003FC00                     0x7003fc00   Section    261120  tft.o(.ARM.__AT_0x7003FC00)
    LCD_BufferGUI                            0x7003fc00   Data       261120  tft.o(.ARM.__AT_0x7003FC00)

    Global Symbols

    Symbol Name                              Value     Ov Type        Size  Object(Section)

    BuildAttributes$$THM_ISAv4$E$P$D$K$B$S$7EM$PE$A:L22UL41UL21$X:L11$S22US41US21$IEEE1$IW$USESV6$~STKCKD$USESV7$~SHL$OTIME$ROPI$EBA8$MICROLIB$REQ8$PRES8$EABIv2 0x00000000   Number         0  anon$$obj.o ABSOLUTE
    __ARM_use_no_argv                        0x00000000   Number         0  main.o ABSOLUTE
    __Vectors                                0x00000000   Data           4  startup_swm320.o(RESET)
    _printf_a                                0x00000000   Number         0  stubs.o ABSOLUTE
    _printf_c                                0x00000000   Number         0  stubs.o ABSOLUTE
    _printf_charcount                        0x00000000   Number         0  stubs.o ABSOLUTE
    _printf_d                                0x00000000   Number         0  stubs.o ABSOLUTE
    _printf_e                                0x00000000   Number         0  stubs.o ABSOLUTE
    _printf_f                                0x00000000   Number         0  stubs.o ABSOLUTE
    _printf_flags                            0x00000000   Number         0  stubs.o ABSOLUTE
    _printf_fp_dec                           0x00000000   Number         0  stubs.o ABSOLUTE
    _printf_fp_hex                           0x00000000   Number         0  stubs.o ABSOLUTE
    _printf_g                                0x00000000   Number         0  stubs.o ABSOLUTE
    _printf_i                                0x00000000   Number         0  stubs.o ABSOLUTE
    _printf_int_dec                          0x00000000   Number         0  stubs.o ABSOLUTE
    _printf_l                                0x00000000   Number         0  stubs.o ABSOLUTE
    _printf_lc                               0x00000000   Number         0  stubs.o ABSOLUTE
    _printf_ll                               0x00000000   Number         0  stubs.o ABSOLUTE
    _printf_lld                              0x00000000   Number         0  stubs.o ABSOLUTE
    _printf_lli                              0x00000000   Number         0  stubs.o ABSOLUTE
    _printf_llo                              0x00000000   Number         0  stubs.o ABSOLUTE
    _printf_llu                              0x00000000   Number         0  stubs.o ABSOLUTE
    _printf_llx                              0x00000000   Number         0  stubs.o ABSOLUTE
    _printf_longlong_dec                     0x00000000   Number         0  stubs.o ABSOLUTE
    _printf_longlong_hex                     0x00000000   Number         0  stubs.o ABSOLUTE
    _printf_longlong_oct                     0x00000000   Number         0  stubs.o ABSOLUTE
    _printf_ls                               0x00000000   Number         0  stubs.o ABSOLUTE
    _printf_mbtowc                           0x00000000   Number         0  stubs.o ABSOLUTE
    _printf_n                                0x00000000   Number         0  stubs.o ABSOLUTE
    _printf_o                                0x00000000   Number         0  stubs.o ABSOLUTE
    _printf_p                                0x00000000   Number         0  stubs.o ABSOLUTE
    _printf_percent                          0x00000000   Number         0  stubs.o ABSOLUTE
    _printf_pre_padding                      0x00000000   Number         0  stubs.o ABSOLUTE
    _printf_return_value                     0x00000000   Number         0  stubs.o ABSOLUTE
    _printf_s                                0x00000000   Number         0  stubs.o ABSOLUTE
    _printf_sizespec                         0x00000000   Number         0  stubs.o ABSOLUTE
    _printf_str                              0x00000000   Number         0  stubs.o ABSOLUTE
    _printf_truncate_signed                  0x00000000   Number         0  stubs.o ABSOLUTE
    _printf_truncate_unsigned                0x00000000   Number         0  stubs.o ABSOLUTE
    _printf_u                                0x00000000   Number         0  stubs.o ABSOLUTE
    _printf_wc                               0x00000000   Number         0  stubs.o ABSOLUTE
    _printf_wctomb                           0x00000000   Number         0  stubs.o ABSOLUTE
    _printf_widthprec                        0x00000000   Number         0  stubs.o ABSOLUTE
    _printf_x                                0x00000000   Number         0  stubs.o ABSOLUTE
    __cpp_initialize__aeabi_                  - Undefined Weak Reference
    __cxa_finalize                            - Undefined Weak Reference
    _clock_init                               - Undefined Weak Reference
    _microlib_exit                            - Undefined Weak Reference
    __Vectors_End                            0x00000148   Data           0  startup_swm320.o(RESET)
    __Vectors_Size                           0x00000148   Number         0  startup_swm320.o ABSOLUTE
    __main                                   0x00000149   Thumb Code     0  entry.o(.ARM.Collect$$$$00000000)
    _main_stk                                0x00000149   Thumb Code     0  entry2.o(.ARM.Collect$$$$00000001)
    _main_scatterload                        0x0000014d   Thumb Code     0  entry5.o(.ARM.Collect$$$$00000004)
    __main_after_scatterload                 0x00000151   Thumb Code     0  entry5.o(.ARM.Collect$$$$00000004)
    _main_clock                              0x00000151   Thumb Code     0  entry7b.o(.ARM.Collect$$$$00000008)
    _main_cpp_init                           0x00000151   Thumb Code     0  entry8b.o(.ARM.Collect$$$$0000000A)
    _main_init                               0x00000151   Thumb Code     0  entry9a.o(.ARM.Collect$$$$0000000B)
    __rt_final_cpp                           0x00000159   Thumb Code     0  entry10a.o(.ARM.Collect$$$$0000000D)
    __rt_final_exit                          0x00000159   Thumb Code     0  entry11a.o(.ARM.Collect$$$$0000000F)
    Reset_Handler                            0x0000015d   Thumb Code     4  startup_swm320.o(.text)
    NMI_Handler                              0x00000161   Thumb Code     2  startup_swm320.o(.text)
    HardFault_Handler                        0x00000163   Thumb Code     2  startup_swm320.o(.text)
    MemManage_Handler                        0x00000165   Thumb Code     2  startup_swm320.o(.text)
    BusFault_Handler                         0x00000167   Thumb Code     2  startup_swm320.o(.text)
    UsageFault_Handler                       0x00000169   Thumb Code     2  startup_swm320.o(.text)
    SVC_Handler                              0x0000016b   Thumb Code     2  startup_swm320.o(.text)
    DebugMon_Handler                         0x0000016d   Thumb Code     2  startup_swm320.o(.text)
    PendSV_Handler                           0x0000016f   Thumb Code     2  startup_swm320.o(.text)
    GPIOA0_Handler                           0x00000173   Thumb Code     2  startup_swm320.o(.text)
    GPIOA1_Handler                           0x00000175   Thumb Code     2  startup_swm320.o(.text)
    GPIOA2_Handler                           0x00000177   Thumb Code     2  startup_swm320.o(.text)
    GPIOA3_Handler                           0x00000179   Thumb Code     2  startup_swm320.o(.text)
    GPIOA4_Handler                           0x0000017b   Thumb Code     2  startup_swm320.o(.text)
    GPIOA5_Handler                           0x0000017d   Thumb Code     2  startup_swm320.o(.text)
    GPIOA6_Handler                           0x0000017f   Thumb Code     2  startup_swm320.o(.text)
    GPIOA7_Handler                           0x00000181   Thumb Code     2  startup_swm320.o(.text)
    GPIOB0_Handler                           0x00000183   Thumb Code     2  startup_swm320.o(.text)
    GPIOB1_Handler                           0x00000185   Thumb Code     2  startup_swm320.o(.text)
    GPIOB2_Handler                           0x00000187   Thumb Code     2  startup_swm320.o(.text)
    GPIOB3_Handler                           0x00000189   Thumb Code     2  startup_swm320.o(.text)
    GPIOB4_Handler                           0x0000018b   Thumb Code     2  startup_swm320.o(.text)
    GPIOB5_Handler                           0x0000018d   Thumb Code     2  startup_swm320.o(.text)
    GPIOB6_Handler                           0x0000018f   Thumb Code     2  startup_swm320.o(.text)
    GPIOB7_Handler                           0x00000191   Thumb Code     2  startup_swm320.o(.text)
    GPIOC0_Handler                           0x00000193   Thumb Code     2  startup_swm320.o(.text)
    GPIOC1_Handler                           0x00000195   Thumb Code     2  startup_swm320.o(.text)
    GPIOC3_Handler                           0x00000199   Thumb Code     2  startup_swm320.o(.text)
    GPIOC4_Handler                           0x0000019b   Thumb Code     2  startup_swm320.o(.text)
    GPIOC5_Handler                           0x0000019d   Thumb Code     2  startup_swm320.o(.text)
    GPIOC6_Handler                           0x0000019f   Thumb Code     2  startup_swm320.o(.text)
    GPIOC7_Handler                           0x000001a1   Thumb Code     2  startup_swm320.o(.text)
    GPIOM0_Handler                           0x000001a3   Thumb Code     2  startup_swm320.o(.text)
    GPIOM1_Handler                           0x000001a5   Thumb Code     2  startup_swm320.o(.text)
    GPIOM2_Handler                           0x000001a7   Thumb Code     2  startup_swm320.o(.text)
    GPIOM3_Handler                           0x000001a9   Thumb Code     2  startup_swm320.o(.text)
    GPIOM4_Handler                           0x000001ab   Thumb Code     2  startup_swm320.o(.text)
    GPIOM5_Handler                           0x000001ad   Thumb Code     2  startup_swm320.o(.text)
    GPIOM6_Handler                           0x000001af   Thumb Code     2  startup_swm320.o(.text)
    GPIOM7_Handler                           0x000001b1   Thumb Code     2  startup_swm320.o(.text)
    DMA_Handler                              0x000001b3   Thumb Code     2  startup_swm320.o(.text)
    NORFLC_Handler                           0x000001b7   Thumb Code     2  startup_swm320.o(.text)
    CAN_Handler                              0x000001b9   Thumb Code     2  startup_swm320.o(.text)
    PULSE_Handler                            0x000001bb   Thumb Code     2  startup_swm320.o(.text)
    WDT_Handler                              0x000001bd   Thumb Code     2  startup_swm320.o(.text)
    PWM_Handler                              0x000001bf   Thumb Code     2  startup_swm320.o(.text)
    UART0_Handler                            0x000001c1   Thumb Code     2  startup_swm320.o(.text)
    UART1_Handler                            0x000001c3   Thumb Code     2  startup_swm320.o(.text)
    UART2_Handler                            0x000001c5   Thumb Code     2  startup_swm320.o(.text)
    UART3_Handler                            0x000001c7   Thumb Code     2  startup_swm320.o(.text)
    I2C0_Handler                             0x000001c9   Thumb Code     2  startup_swm320.o(.text)
    I2C1_Handler                             0x000001cb   Thumb Code     2  startup_swm320.o(.text)
    SPI0_Handler                             0x000001cd   Thumb Code     2  startup_swm320.o(.text)
    ADC0_Handler                             0x000001cf   Thumb Code     2  startup_swm320.o(.text)
    RTC_Handler                              0x000001d1   Thumb Code     2  startup_swm320.o(.text)
    BOD_Handler                              0x000001d3   Thumb Code     2  startup_swm320.o(.text)
    SDIO_Handler                             0x000001d5   Thumb Code     2  startup_swm320.o(.text)
    GPIOA_Handler                            0x000001d7   Thumb Code     2  startup_swm320.o(.text)
    GPIOB_Handler                            0x000001d9   Thumb Code     2  startup_swm320.o(.text)
    GPIOC_Handler                            0x000001db   Thumb Code     2  startup_swm320.o(.text)
    GPIOM_Handler                            0x000001dd   Thumb Code     2  startup_swm320.o(.text)
    GPION_Handler                            0x000001df   Thumb Code     2  startup_swm320.o(.text)
    GPIOP_Handler                            0x000001e1   Thumb Code     2  startup_swm320.o(.text)
    ADC1_Handler                             0x000001e3   Thumb Code     2  startup_swm320.o(.text)
    FPU_Handler                              0x000001e5   Thumb Code     2  startup_swm320.o(.text)
    SPI1_Handler                             0x000001e7   Thumb Code     2  startup_swm320.o(.text)
    TIMR0_Handler                            0x000001e9   Thumb Code     2  startup_swm320.o(.text)
    TIMR1_Handler                            0x000001eb   Thumb Code     2  startup_swm320.o(.text)
    TIMR2_Handler                            0x000001ed   Thumb Code     2  startup_swm320.o(.text)
    TIMR3_Handler                            0x000001ef   Thumb Code     2  startup_swm320.o(.text)
    TIMR4_Handler                            0x000001f1   Thumb Code     2  startup_swm320.o(.text)
    TIMR5_Handler                            0x000001f3   Thumb Code     2  startup_swm320.o(.text)
    __aeabi_memcpy                           0x000001f9   Thumb Code    36  memcpya.o(.text)
    __aeabi_memcpy4                          0x000001f9   Thumb Code     0  memcpya.o(.text)
    __aeabi_memcpy8                          0x000001f9   Thumb Code     0  memcpya.o(.text)
    __aeabi_memset                           0x0000021d   Thumb Code    14  memseta.o(.text)
    __aeabi_memset4                          0x0000021d   Thumb Code     0  memseta.o(.text)
    __aeabi_memset8                          0x0000021d   Thumb Code     0  memseta.o(.text)
    __aeabi_memclr                           0x0000022b   Thumb Code     4  memseta.o(.text)
    __aeabi_memclr4                          0x0000022b   Thumb Code     0  memseta.o(.text)
    __aeabi_memclr8                          0x0000022b   Thumb Code     0  memseta.o(.text)
    _memset$wrapper                          0x0000022f   Thumb Code    18  memseta.o(.text)
    strlen                                   0x00000241   Thumb Code    14  strlen.o(.text)
    strcpy                                   0x0000024f   Thumb Code    18  strcpy.o(.text)
    __aeabi_uidiv                            0x00000261   Thumb Code     0  uidiv.o(.text)
    __aeabi_uidivmod                         0x00000261   Thumb Code    44  uidiv.o(.text)
    __aeabi_uldivmod                         0x0000028d   Thumb Code    98  uldiv.o(.text)
    __I$use$fp                               0x000002ef   Thumb Code     0  iusefp.o(.text)
    __aeabi_dadd                             0x000002ef   Thumb Code   322  dadd.o(.text)
    __aeabi_dsub                             0x00000431   Thumb Code     6  dadd.o(.text)
    __aeabi_drsub                            0x00000437   Thumb Code     6  dadd.o(.text)
    __aeabi_dmul                             0x0000043d   Thumb Code   228  dmul.o(.text)
    __aeabi_ddiv                             0x00000521   Thumb Code   222  ddiv.o(.text)
    __aeabi_d2ulz                            0x000005ff   Thumb Code    48  dfixul.o(.text)
    __aeabi_cdrcmple                         0x00000631   Thumb Code    48  cdrcmple.o(.text)
    __scatterload                            0x00000661   Thumb Code    28  init.o(.text)
    __scatterload_rt2                        0x00000661   Thumb Code     0  init.o(.text)
    __aeabi_llsl                             0x00000685   Thumb Code    30  llshl.o(.text)
    _ll_shift_l                              0x00000685   Thumb Code     0  llshl.o(.text)
    __aeabi_llsr                             0x000006a3   Thumb Code    32  llushr.o(.text)
    _ll_ushift_r                             0x000006a3   Thumb Code     0  llushr.o(.text)
    __aeabi_lasr                             0x000006c3   Thumb Code    36  llsshr.o(.text)
    _ll_sshift_r                             0x000006c3   Thumb Code     0  llsshr.o(.text)
    _double_round                            0x000006e7   Thumb Code    30  depilogue.o(.text)
    _double_epilogue                         0x00000705   Thumb Code   156  depilogue.o(.text)
    __decompress                             0x000007a1   Thumb Code     0  __dczerorl2.o(.text)
    __decompress1                            0x000007a1   Thumb Code    86  __dczerorl2.o(.text)
    DrawImage                                0x000007f9   Thumb Code    78  tft.o(i.DrawImage)
    EXTI_Clear                               0x0000084d   Thumb Code     8  swm320_exti.o(i.EXTI_Clear)
    GPIOC2_Handler                           0x00000855   Thumb Code    18  main.o(i.GPIOC2_Handler)
    GPIO_ClrBit                              0x00000871   Thumb Code    12  swm320_gpio.o(i.GPIO_ClrBit)
    GPIO_Init                                0x0000087d   Thumb Code   710  swm320_gpio.o(i.GPIO_Init)
    GPIO_SetBit                              0x00000b69   Thumb Code    12  swm320_gpio.o(i.GPIO_SetBit)
    LCD_Handler                              0x00000b75   Thumb Code    16  main.o(i.LCD_Handler)
    LCD_INTClr                               0x00000b89   Thumb Code     6  swm320_lcd.o(i.LCD_INTClr)
    LCD_INTDis                               0x00000b8f   Thumb Code     6  swm320_lcd.o(i.LCD_INTDis)
    LCD_INTEn                                0x00000b95   Thumb Code     6  swm320_lcd.o(i.LCD_INTEn)
    LCD_Init                                 0x00000b9d   Thumb Code   202  swm320_lcd.o(i.LCD_Init)
    LCD_Start                                0x00000c71   Thumb Code    10  swm320_lcd.o(i.LCD_Start)
    PLLInit                                  0x00000cf1   Thumb Code    78  system_swm320.o(i.PLLInit)
    PORT_Init                                0x00000d4d   Thumb Code  1596  swm320_port.o(i.PORT_Init)
    SDIO_BlockRead                           0x00001395   Thumb Code   110  swm320_sdio.o(i.SDIO_BlockRead)
    SDIO_BlockWrite                          0x00001409   Thumb Code   120  swm320_sdio.o(i.SDIO_BlockWrite)
    SDIO_Init                                0x00001485   Thumb Code   570  swm320_sdio.o(i.SDIO_Init)
    SDIO_SendCmd                             0x000016d5   Thumb Code   140  swm320_sdio.o(i.SDIO_SendCmd)
    SDRAM_Init                               0x00001761   Thumb Code   196  swm320_sdram.o(i.SDRAM_Init)
    SPIFLASH2SDRAM                           0x00001829   Thumb Code   162  main.o(i.SPIFLASH2SDRAM)
    SPI_Close                                0x000018dd   Thumb Code    10  swm320_spi.o(i.SPI_Close)
    SPI_FLASH_BufferRead                     0x000018e9   Thumb Code    86  bsp_spiflash.o(i.SPI_FLASH_BufferRead)
    SPI_FLASH_BufferWrite                    0x00001949   Thumb Code   290  bsp_spiflash.o(i.SPI_FLASH_BufferWrite)
    SPI_FLASH_PageWrite                      0x00001a6d   Thumb Code   108  bsp_spiflash.o(i.SPI_FLASH_PageWrite)
    SPI_FLASH_ReadDeviceID                   0x00001b05   Thumb Code    66  bsp_spiflash.o(i.SPI_FLASH_ReadDeviceID)
    SPI_FLASH_ReadID                         0x00001b51   Thumb Code    82  bsp_spiflash.o(i.SPI_FLASH_ReadID)
    SPI_FLASH_SectorErase                    0x00001bad   Thumb Code    70  bsp_spiflash.o(i.SPI_FLASH_SectorErase)
    SPI_FLASH_WaitForWriteEnd                0x00001bfd   Thumb Code    74  bsp_spiflash.o(i.SPI_FLASH_WaitForWriteEnd)
    SPI_FLASH_WriteEnable                    0x00001c55   Thumb Code    28  bsp_spiflash.o(i.SPI_FLASH_WriteEnable)
    SPI_Flash_Init                           0x00001c79   Thumb Code   114  bsp_spiflash.o(i.SPI_Flash_Init)
    SPI_Flash_WAKEUP                         0x00001cf5   Thumb Code    28  bsp_spiflash.o(i.SPI_Flash_WAKEUP)
    SPI_Init                                 0x00001d19   Thumb Code   220  swm320_spi.o(i.SPI_Init)
    SPI_Open                                 0x00001dfd   Thumb Code    10  swm320_spi.o(i.SPI_Open)
    SPI_ReadWrite                            0x00001e07   Thumb Code    20  swm320_spi.o(i.SPI_ReadWrite)
    SWM_IncTick                              0x00001e1d   Thumb Code    12  bsp_systick.o(i.SWM_IncTick)
    SerialInit                               0x00001e2d   Thumb Code    72  bsp_uart.o(i.SerialInit)
    SysTick_Handler                          0x00001e79   Thumb Code    12  bsp_systick.o(i.SysTick_Handler)
    SysTick_Handler_CallBack                 0x00001e85   Thumb Code    10  main.o(i.SysTick_Handler_CallBack)
    SysTick_Init                             0x00001e91   Thumb Code    90  bsp_systick.o(i.SysTick_Init)
    SystemCoreClockUpdate                    0x00001ef9   Thumb Code   150  system_swm320.o(i.SystemCoreClockUpdate)
    SystemInit                               0x00001fa1   Thumb Code    94  system_swm320.o(i.SystemInit)
    UART_Close                               0x00001fff   Thumb Code    10  swm320_uart.o(i.UART_Close)
    UART_Init                                0x00002009   Thumb Code   392  swm320_uart.o(i.UART_Init)
    UART_IsTXBusy                            0x00002199   Thumb Code    14  swm320_uart.o(i.UART_IsTXBusy)
    UART_Open                                0x000021a7   Thumb Code    10  swm320_uart.o(i.UART_Open)
    UART_WriteByte                           0x000021b1   Thumb Code     4  swm320_uart.o(i.UART_WriteByte)
    __0printf                                0x000021b5   Thumb Code    22  printfa.o(i.__0printf)
    __1printf                                0x000021b5   Thumb Code     0  printfa.o(i.__0printf)
    __2printf                                0x000021b5   Thumb Code     0  printfa.o(i.__0printf)
    __c89printf                              0x000021b5   Thumb Code     0  printfa.o(i.__0printf)
    printf                                   0x000021b5   Thumb Code     0  printfa.o(i.__0printf)
    __scatterload_copy                       0x000021d5   Thumb Code    14  handlers.o(i.__scatterload_copy)
    __scatterload_null                       0x000021e3   Thumb Code     2  handlers.o(i.__scatterload_null)
    __scatterload_zeroinit                   0x000021e5   Thumb Code    14  handlers.o(i.__scatterload_zeroinit)
    bsp_SDIOInit                             0x00002a87   Thumb Code    84  bsp_sdio.o(i.bsp_SDIOInit)
    calcSDCLKDiv                             0x00002add   Thumb Code   142  swm320_sdio.o(i.calcSDCLKDiv)
    disk_initialize                          0x0000352d   Thumb Code    70  diskio.o(i.disk_initialize)
    disk_ioctl                               0x00003575   Thumb Code   110  diskio.o(i.disk_ioctl)
    disk_read                                0x000035e9   Thumb Code    78  diskio.o(i.disk_read)
    disk_status                              0x00003637   Thumb Code    32  diskio.o(i.disk_status)
    disk_write                               0x00003657   Thumb Code    92  diskio.o(i.disk_write)
    f_close                                  0x0000375d   Thumb Code    34  ff.o(i.f_close)
    f_lseek                                  0x0000377f   Thumb Code   416  ff.o(i.f_lseek)
    f_mkfs                                   0x00003921   Thumb Code  1700  ff.o(i.f_mkfs)
    f_mount                                  0x00003ffd   Thumb Code    80  ff.o(i.f_mount)
    f_open                                   0x00004051   Thumb Code   506  ff.o(i.f_open)
    f_read                                   0x00004251   Thumb Code   462  ff.o(i.f_read)
    f_sync                                   0x00004421   Thumb Code   156  ff.o(i.f_sync)
    ff_oem2uni                               0x000044c1   Thumb Code    38  ffunicode.o(i.ff_oem2uni)
    ff_uni2oem                               0x000044ed   Thumb Code    58  ffunicode.o(i.ff_uni2oem)
    ff_wtoupper                              0x0000452d   Thumb Code   166  ffunicode.o(i.ff_wtoupper)
    fputc                                    0x00004a11   Thumb Code    30  bsp_uart.o(i.fputc)
    lv_area_get_size                         0x000054a7   Thumb Code    34  lv_area.o(i.lv_area_get_size)
    lv_area_is_in                            0x000054f3   Thumb Code    58  lv_area.o(i.lv_area_is_in)
    lv_area_is_on                            0x0000552d   Thumb Code    58  lv_area.o(i.lv_area_is_on)
    lv_area_is_point_on                      0x00005567   Thumb Code    58  lv_area.o(i.lv_area_is_point_on)
    lv_area_join                             0x000055a1   Thumb Code   100  lv_area.o(i.lv_area_join)
    lv_area_set                              0x00005605   Thumb Code    14  lv_area.o(i.lv_area_set)
    lv_area_union                            0x00005613   Thumb Code   130  lv_area.o(i.lv_area_union)
    lv_bar_create                            0x00005695   Thumb Code   222  lv_bar.o(i.lv_bar_create)
    lv_bar_get_style                         0x000058bd   Thumb Code    38  lv_bar.o(i.lv_bar_get_style)
    lv_bar_set_style                         0x000058e3   Thumb Code    52  lv_bar.o(i.lv_bar_set_style)
    lv_bar_set_value                         0x00005917   Thumb Code    76  lv_bar.o(i.lv_bar_set_value)
    lv_circ_cont                             0x000059dd   Thumb Code    22  lv_circ.o(i.lv_circ_cont)
    lv_circ_init                             0x000059f3   Thumb Code    16  lv_circ.o(i.lv_circ_init)
    lv_circ_next                             0x00005a03   Thumb Code    60  lv_circ.o(i.lv_circ_next)
    lv_disp_drv_init                         0x00005bb3   Thumb Code    10  lv_hal_disp.o(i.lv_disp_drv_init)
    lv_disp_drv_register                     0x00005bbd   Thumb Code    66  lv_hal_disp.o(i.lv_disp_drv_register)
    lv_disp_flush                            0x00005c09   Thumb Code    60  lv_hal_disp.o(i.lv_disp_flush)
    lv_draw_img                              0x00005c75   Thumb Code   142  lv_draw.o(i.lv_draw_img)
    lv_draw_label                            0x00005d15   Thumb Code   684  lv_draw.o(i.lv_draw_label)
    lv_draw_rect                             0x00005fc9   Thumb Code    98  lv_draw.o(i.lv_draw_rect)
    lv_flush_ready                           0x00006e75   Thumb Code     8  lv_vdb.o(i.lv_flush_ready)
    lv_font_add                              0x00006e81   Thumb Code    20  lv_font.o(i.lv_font_add)
    lv_font_get_bitmap                       0x00006e95   Thumb Code    42  lv_font.o(i.lv_font_get_bitmap)
    lv_font_get_bitmap_continuous            0x00006ebf   Thumb Code    38  lv_font.o(i.lv_font_get_bitmap_continuous)
    lv_font_get_bpp                          0x00006ee5   Thumb Code    40  lv_font.o(i.lv_font_get_bpp)
    lv_font_get_width                        0x00006f0d   Thumb Code    42  lv_font.o(i.lv_font_get_width)
    lv_font_get_width_continuous             0x00006f37   Thumb Code    32  lv_font.o(i.lv_font_get_width_continuous)
    lv_font_init                             0x00006f59   Thumb Code    20  lv_font.o(i.lv_font_init)
    lv_group_add_obj                         0x00006f75   Thumb Code    36  lv_group.o(i.lv_group_add_obj)
    lv_group_focus_next                      0x00006f99   Thumb Code   114  lv_group.o(i.lv_group_focus_next)
    lv_group_focus_prev                      0x0000700b   Thumb Code   114  lv_group.o(i.lv_group_focus_prev)
    lv_group_get_focused                     0x0000707d   Thumb Code    22  lv_group.o(i.lv_group_get_focused)
    lv_group_mod_style                       0x00007093   Thumb Code    44  lv_group.o(i.lv_group_mod_style)
    lv_group_send_data                       0x000070bf   Thumb Code    30  lv_group.o(i.lv_group_send_data)
    lv_img_create                            0x000070dd   Thumb Code   220  lv_img.o(i.lv_img_create)
    lv_img_get_auto_size                     0x00007319   Thumb Code    20  lv_img.o(i.lv_img_get_auto_size)
    lv_img_get_src_type                      0x0000732d   Thumb Code    54  lv_img.o(i.lv_img_get_src_type)
    lv_img_set_src                           0x00007363   Thumb Code   284  lv_img.o(i.lv_img_set_src)
    lv_indev_init                            0x00007525   Thumb Code    22  lv_indev.o(i.lv_indev_init)
    lv_indev_next                            0x00007541   Thumb Code    22  lv_hal_indev.o(i.lv_indev_next)
    lv_indev_read                            0x0000755d   Thumb Code    38  lv_hal_indev.o(i.lv_indev_read)
    lv_indev_reset                           0x00007583   Thumb Code    62  lv_indev.o(i.lv_indev_reset)
    lv_init                                  0x000075c1   Thumb Code   108  lv_obj.o(i.lv_init)
    lv_inv_area                              0x00007645   Thumb Code   176  lv_refr.o(i.lv_inv_area)
    lv_label_create                          0x00007701   Thumb Code   368  lv_label.o(i.lv_label_create)
    lv_label_get_align                       0x00007975   Thumb Code    20  lv_label.o(i.lv_label_get_align)
    lv_label_get_body_draw                   0x00007989   Thumb Code    20  lv_label.o(i.lv_label_get_body_draw)
    lv_label_get_letter_on                   0x0000799d   Thumb Code   376  lv_label.o(i.lv_label_get_letter_on)
    lv_label_get_long_mode                   0x00007b15   Thumb Code    16  lv_label.o(i.lv_label_get_long_mode)
    lv_label_get_recolor                     0x00007b25   Thumb Code    20  lv_label.o(i.lv_label_get_recolor)
    lv_label_get_text                        0x00007b39   Thumb Code    16  lv_label.o(i.lv_label_get_text)
    lv_label_set_align                       0x00007d55   Thumb Code    44  lv_label.o(i.lv_label_set_align)
    lv_label_set_body_draw                   0x00007d81   Thumb Code    50  lv_label.o(i.lv_label_set_body_draw)
    lv_label_set_long_mode                   0x00007db3   Thumb Code    78  lv_label.o(i.lv_label_set_long_mode)
    lv_label_set_recolor                     0x00007e01   Thumb Code    44  lv_label.o(i.lv_label_set_recolor)
    lv_label_set_static_text                 0x00007e2d   Thumb Code    58  lv_label.o(i.lv_label_set_static_text)
    lv_label_set_text                        0x00007e67   Thumb Code   126  lv_label.o(i.lv_label_set_text)
    lv_layer_sys                             0x00007ff5   Thumb Code     6  lv_obj.o(i.lv_layer_sys)
    lv_layer_top                             0x00008001   Thumb Code     6  lv_obj.o(i.lv_layer_top)
    lv_ll_chg_list                           0x0000800d   Thumb Code    60  lv_ll.o(i.lv_ll_chg_list)
    lv_ll_get_head                           0x00008049   Thumb Code    10  lv_ll.o(i.lv_ll_get_head)
    lv_ll_get_next                           0x00008053   Thumb Code    22  lv_ll.o(i.lv_ll_get_next)
    lv_ll_get_prev                           0x00008069   Thumb Code    20  lv_ll.o(i.lv_ll_get_prev)
    lv_ll_get_tail                           0x0000807d   Thumb Code    10  lv_ll.o(i.lv_ll_get_tail)
    lv_ll_init                               0x00008087   Thumb Code    22  lv_ll.o(i.lv_ll_init)
    lv_ll_ins_head                           0x0000809d   Thumb Code    64  lv_ll.o(i.lv_ll_ins_head)
    lv_ll_ins_prev                           0x000080dd   Thumb Code   114  lv_ll.o(i.lv_ll_ins_prev)
    lv_ll_ins_tail                           0x0000814f   Thumb Code    64  lv_ll.o(i.lv_ll_ins_tail)
    lv_ll_rem                                0x0000818f   Thumb Code   138  lv_ll.o(i.lv_ll_rem)
    lv_mem_alloc                             0x00008219   Thumb Code    58  lv_mem.o(i.lv_mem_alloc)
    lv_mem_free                              0x00008271   Thumb Code    88  lv_mem.o(i.lv_mem_free)
    lv_mem_get_size                          0x000082cd   Thumb Code    26  lv_mem.o(i.lv_mem_get_size)
    lv_mem_init                              0x000082ed   Thumb Code    24  lv_mem.o(i.lv_mem_init)
    lv_mem_realloc                           0x00008309   Thumb Code   108  lv_mem.o(i.lv_mem_realloc)
    lv_obj_allocate_ext_attr                 0x00008375   Thumb Code    20  lv_obj.o(i.lv_obj_allocate_ext_attr)
    lv_obj_create                            0x00008389   Thumb Code   468  lv_obj.o(i.lv_obj_create)
    lv_obj_get_child                         0x00008623   Thumb Code    26  lv_obj.o(i.lv_obj_get_child)
    lv_obj_get_click                         0x0000863d   Thumb Code    12  lv_obj.o(i.lv_obj_get_click)
    lv_obj_get_coords                        0x00008649   Thumb Code    18  lv_obj.o(i.lv_obj_get_coords)
    lv_obj_get_design_func                   0x0000865b   Thumb Code     6  lv_obj.o(i.lv_obj_get_design_func)
    lv_obj_get_drag                          0x00008661   Thumb Code    12  lv_obj.o(i.lv_obj_get_drag)
    lv_obj_get_drag_parent                   0x0000866d   Thumb Code    12  lv_obj.o(i.lv_obj_get_drag_parent)
    lv_obj_get_drag_throw                    0x00008679   Thumb Code    12  lv_obj.o(i.lv_obj_get_drag_throw)
    lv_obj_get_ext_attr                      0x00008685   Thumb Code     6  lv_obj.o(i.lv_obj_get_ext_attr)
    lv_obj_get_group                         0x0000868b   Thumb Code     6  lv_obj.o(i.lv_obj_get_group)
    lv_obj_get_height                        0x00008691   Thumb Code    16  lv_obj.o(i.lv_obj_get_height)
    lv_obj_get_hidden                        0x000086a1   Thumb Code    12  lv_obj.o(i.lv_obj_get_hidden)
    lv_obj_get_parent                        0x000086ad   Thumb Code     6  lv_obj.o(i.lv_obj_get_parent)
    lv_obj_get_screen                        0x000086b3   Thumb Code    26  lv_obj.o(i.lv_obj_get_screen)
    lv_obj_get_signal_func                   0x000086cd   Thumb Code     6  lv_obj.o(i.lv_obj_get_signal_func)
    lv_obj_get_style                         0x000086d5   Thumb Code   108  lv_obj.o(i.lv_obj_get_style)
    lv_obj_get_width                         0x00008745   Thumb Code    16  lv_obj.o(i.lv_obj_get_width)
    lv_obj_get_x                             0x00008755   Thumb Code    24  lv_obj.o(i.lv_obj_get_x)
    lv_obj_get_y                             0x0000876d   Thumb Code    24  lv_obj.o(i.lv_obj_get_y)
    lv_obj_invalidate                        0x00008785   Thumb Code   190  lv_obj.o(i.lv_obj_invalidate)
    lv_obj_is_protected                      0x00008843   Thumb Code    18  lv_obj.o(i.lv_obj_is_protected)
    lv_obj_refresh_ext_size                  0x00008855   Thumb Code    26  lv_obj.o(i.lv_obj_refresh_ext_size)
    lv_obj_refresh_style                     0x0000886f   Thumb Code    28  lv_obj.o(i.lv_obj_refresh_style)
    lv_obj_set_click                         0x0000888b   Thumb Code    18  lv_obj.o(i.lv_obj_set_click)
    lv_obj_set_design_func                   0x0000889d   Thumb Code     4  lv_obj.o(i.lv_obj_set_design_func)
    lv_obj_set_height                        0x000088a1   Thumb Code    26  lv_obj.o(i.lv_obj_set_height)
    lv_obj_set_pos                           0x000088bb   Thumb Code   162  lv_obj.o(i.lv_obj_set_pos)
    lv_obj_set_protect                       0x0000895d   Thumb Code    12  lv_obj.o(i.lv_obj_set_protect)
    lv_obj_set_signal_func                   0x00008969   Thumb Code     4  lv_obj.o(i.lv_obj_set_signal_func)
    lv_obj_set_size                          0x0000896d   Thumb Code   108  lv_obj.o(i.lv_obj_set_size)
    lv_obj_set_style                         0x000089d9   Thumb Code    22  lv_obj.o(i.lv_obj_set_style)
    lv_obj_set_width                         0x000089ef   Thumb Code    26  lv_obj.o(i.lv_obj_set_width)
    lv_refr_get_buf_size                     0x00008bd5   Thumb Code     6  lv_refr.o(i.lv_refr_get_buf_size)
    lv_refr_init                             0x00008c51   Thumb Code    40  lv_refr.o(i.lv_refr_init)
    lv_refr_pop_from_buf                     0x00008ee5   Thumb Code    28  lv_refr.o(i.lv_refr_pop_from_buf)
    lv_scr_act                               0x00008f65   Thumb Code     6  lv_obj.o(i.lv_scr_act)
    lv_style_copy                            0x00008f71   Thumb Code    18  lv_style.o(i.lv_style_copy)
    lv_style_init                            0x00008f85   Thumb Code  1142  lv_style.o(i.lv_style_init)
    lv_task_create                           0x00009405   Thumb Code   132  lv_task.o(i.lv_task_create)
    lv_task_del                              0x0000948d   Thumb Code    20  lv_task.o(i.lv_task_del)
    lv_task_enable                           0x000094a5   Thumb Code     6  lv_task.o(i.lv_task_enable)
    lv_task_handler                          0x000094e5   Thumb Code   240  lv_task.o(i.lv_task_handler)
    lv_task_init                             0x000095ed   Thumb Code    18  lv_task.o(i.lv_task_init)
    lv_task_ready                            0x00009605   Thumb Code    18  lv_task.o(i.lv_task_ready)
    lv_theme_get_current                     0x00009619   Thumb Code     6  lv_theme.o(i.lv_theme_get_current)
    lv_tick_elaps                            0x00009625   Thumb Code    26  lv_hal_tick.o(i.lv_tick_elaps)
    lv_tick_get                              0x00009641   Thumb Code    22  lv_hal_tick.o(i.lv_tick_get)
    lv_tick_inc                              0x00009661   Thumb Code    18  lv_hal_tick.o(i.lv_tick_inc)
    lv_txt_get_length                        0x0000967d   Thumb Code    34  lv_txt.o(i.lv_txt_get_length)
    lv_txt_get_next_line                     0x0000969f   Thumb Code   228  lv_txt.o(i.lv_txt_get_next_line)
    lv_txt_get_size                          0x00009783   Thumb Code   204  lv_txt.o(i.lv_txt_get_size)
    lv_txt_get_width                         0x0000984f   Thumb Code   154  lv_txt.o(i.lv_txt_get_width)
    lv_txt_is_cmd                            0x000098e9   Thumb Code    66  lv_txt.o(i.lv_txt_is_cmd)
    lv_txt_utf8_get_char_id                  0x00009931   Thumb Code    34  lv_txt.o(i.lv_txt_utf8_get_char_id)
    lv_txt_utf8_next                         0x00009953   Thumb Code   328  lv_txt.o(i.lv_txt_utf8_next)
    lv_txt_utf8_prev                         0x00009a9b   Thumb Code    82  lv_txt.o(i.lv_txt_utf8_prev)
    lv_txt_utf8_size                         0x00009aed   Thumb Code    52  lv_txt.o(i.lv_txt_utf8_size)
    lv_vdb_flush                             0x00009b21   Thumb Code    46  lv_vdb.o(i.lv_vdb_flush)
    lv_vdb_get                               0x00009b55   Thumb Code    14  lv_vdb.o(i.lv_vdb_get)
    lv_vfill                                 0x00009b6d   Thumb Code   140  lv_draw_vbasic.o(i.lv_vfill)
    lv_vletter                               0x00009bf9   Thumb Code   712  lv_draw_vbasic.o(i.lv_vletter)
    lv_vmap                                  0x00009ecd   Thumb Code   570  lv_draw_vbasic.o(i.lv_vmap)
    lv_vpx                                   0x0000a10d   Thumb Code   140  lv_draw_vbasic.o(i.lv_vpx)
    main                                     0x0000a199   Thumb Code  1496  main.o(i.main)
    parseCID                                 0x0000a809   Thumb Code   220  swm320_sdio.o(i.parseCID)
    parseCSD                                 0x0000a8e9   Thumb Code   536  swm320_sdio.o(i.parseCSD)
    switchCLK_20MHz                          0x0000b089   Thumb Code    48  system_swm320.o(i.switchCLK_20MHz)
    switchCLK_32KHz                          0x0000b0bd   Thumb Code    68  system_swm320.o(i.switchCLK_32KHz)
    switchCLK_40MHz                          0x0000b105   Thumb Code    48  system_swm320.o(i.switchCLK_40MHz)
    switchCLK_PLL                            0x0000b139   Thumb Code    60  system_swm320.o(i.switchCLK_PLL)
    switchCLK_XTAL                           0x0000b179   Thumb Code    48  system_swm320.o(i.switchCLK_XTAL)
    tft_init                                 0x0000b499   Thumb Code    60  tft.o(i.tft_init)
    txt_utf8_get_byte_id                     0x0000b6ad   Thumb Code    30  lv_txt.o(i.txt_utf8_get_byte_id)
    Region$$Table$$Base                      0x000102b4   Number         0  anon$$obj.o(Region$$Table)
    Region$$Table$$Limit                     0x000102d4   Number         0  anon$$obj.o(Region$$Table)
    SystemCoreClock                          0x20000000   Data           4  system_swm320.o(.data)
    CyclesPerUs                              0x20000004   Data           4  system_swm320.o(.data)
    lv_font_dejavu_20                        0x200000a0   Data          40  lv_font_dejavu_20.o(.data)
    lv_font_symbol_20                        0x200000c8   Data          40  lv_font_symbol_20.o(.data)
    res_sd                                   0x200000f0   Data           1  main.o(.data)
    res_flash                                0x200000f1   Data           1  main.o(.data)
    fnum                                     0x200000f4   Data           4  main.o(.data)
    mathout                                  0x20000104   Data           4  main.o(.data)
    i                                        0x20000108   Data           4  main.o(.data)
    math                                     0x2000010c   Data           4  main.o(.data)
    bg                                       0x20000110   Data           4  main.o(.data)
    my_image1                                0x20000114   Data           8  main.o(.data)
    up                                       0x2000011c   Data           8  main.o(.data)
    __stdout                                 0x20000138   Data           4  stdout.o(.data)
    SD_cardInfo                              0x20000140   Data          80  swm320_sdio.o(.bss)
    lv_style_scr                             0x200002dc   Data          60  lv_style.o(.bss)
    lv_style_transp                          0x20000318   Data          60  lv_style.o(.bss)
    lv_style_transp_fit                      0x20000354   Data          60  lv_style.o(.bss)
    lv_style_transp_tight                    0x20000390   Data          60  lv_style.o(.bss)
    lv_style_plain                           0x200003cc   Data          60  lv_style.o(.bss)
    lv_style_plain_color                     0x20000408   Data          60  lv_style.o(.bss)
    lv_style_pretty                          0x20000444   Data          60  lv_style.o(.bss)
    lv_style_pretty_color                    0x20000480   Data          60  lv_style.o(.bss)
    lv_style_btn_rel                         0x200004bc   Data          60  lv_style.o(.bss)
    lv_style_btn_pr                          0x200004f8   Data          60  lv_style.o(.bss)
    lv_style_btn_tgl_rel                     0x20000534   Data          60  lv_style.o(.bss)
    lv_style_btn_tgl_pr                      0x20000570   Data          60  lv_style.o(.bss)
    lv_style_btn_ina                         0x200005ac   Data          60  lv_style.o(.bss)
    fs                                       0x200150f4   Data        4156  main.o(.bss)
    fnew                                     0x20016130   Data        4136  main.o(.bss)
    save                                     0x20017158   Data        1024  main.o(.bss)
    __initial_sp                             0x2001b210   Data           0  startup_swm320.o(STACK)



==============================================================================

Memory Map of the image

  Image Entry point : 0x00000149

  Load Region LR_IROM1 (Base: 0x00000000, Size: 0x00010410, Max: 0x00080000, ABSOLUTE, COMPRESSED[0x00010340])

    Execution Region ER_IROM1 (Base: 0x00000000, Size: 0x000102d4, Max: 0x00080000, ABSOLUTE)

    Base Addr    Size         Type   Attr      Idx    E Section Name        Object

    0x00000000   0x00000148   Data   RO         2060    RESET               startup_swm320.o
    0x00000148   0x00000000   Code   RO         9926  * .ARM.Collect$$$$00000000  mc_w.l(entry.o)
    0x00000148   0x00000004   Code   RO        10210    .ARM.Collect$$$$00000001  mc_w.l(entry2.o)
    0x0000014c   0x00000004   Code   RO        10213    .ARM.Collect$$$$00000004  mc_w.l(entry5.o)
    0x00000150   0x00000000   Code   RO        10215    .ARM.Collect$$$$00000008  mc_w.l(entry7b.o)
    0x00000150   0x00000000   Code   RO        10217    .ARM.Collect$$$$0000000A  mc_w.l(entry8b.o)
    0x00000150   0x00000008   Code   RO        10218    .ARM.Collect$$$$0000000B  mc_w.l(entry9a.o)
    0x00000158   0x00000000   Code   RO        10220    .ARM.Collect$$$$0000000D  mc_w.l(entry10a.o)
    0x00000158   0x00000000   Code   RO        10222    .ARM.Collect$$$$0000000F  mc_w.l(entry11a.o)
    0x00000158   0x00000004   Code   RO        10211    .ARM.Collect$$$$00002712  mc_w.l(entry2.o)
    0x0000015c   0x0000009c   Code   RO         2061    .text               startup_swm320.o
    0x000001f8   0x00000024   Code   RO         9929    .text               mc_w.l(memcpya.o)
    0x0000021c   0x00000024   Code   RO         9931    .text               mc_w.l(memseta.o)
    0x00000240   0x0000000e   Code   RO         9933    .text               mc_w.l(strlen.o)
    0x0000024e   0x00000012   Code   RO         9939    .text               mc_w.l(strcpy.o)
    0x00000260   0x0000002c   Code   RO        10225    .text               mc_w.l(uidiv.o)
    0x0000028c   0x00000062   Code   RO        10227    .text               mc_w.l(uldiv.o)
    0x000002ee   0x00000000   Code   RO        10229    .text               mc_w.l(iusefp.o)
    0x000002ee   0x0000014e   Code   RO        10232    .text               mf_w.l(dadd.o)
    0x0000043c   0x000000e4   Code   RO        10234    .text               mf_w.l(dmul.o)
    0x00000520   0x000000de   Code   RO        10236    .text               mf_w.l(ddiv.o)
    0x000005fe   0x00000030   Code   RO        10238    .text               mf_w.l(dfixul.o)
    0x0000062e   0x00000002   PAD
    0x00000630   0x00000030   Code   RO        10240    .text               mf_w.l(cdrcmple.o)
    0x00000660   0x00000024   Code   RO        10242    .text               mc_w.l(init.o)
    0x00000684   0x0000001e   Code   RO        10244    .text               mc_w.l(llshl.o)
    0x000006a2   0x00000020   Code   RO        10246    .text               mc_w.l(llushr.o)
    0x000006c2   0x00000024   Code   RO        10248    .text               mc_w.l(llsshr.o)
    0x000006e6   0x000000ba   Code   RO        10250    .text               mf_w.l(depilogue.o)
    0x000007a0   0x00000056   Code   RO        10260    .text               mc_w.l(__dczerorl2.o)
    0x000007f6   0x00000002   PAD
    0x000007f8   0x00000054   Code   RO         7550    i.DrawImage         tft.o
    0x0000084c   0x00000008   Code   RO          614    i.EXTI_Clear        swm320_exti.o
    0x00000854   0x0000001c   Code   RO         7281    i.GPIOC2_Handler    main.o
    0x00000870   0x0000000c   Code   RO          716    i.GPIO_ClrBit       swm320_gpio.o
    0x0000087c   0x000002ec   Code   RO          720    i.GPIO_Init         swm320_gpio.o
    0x00000b68   0x0000000c   Code   RO          723    i.GPIO_SetBit       swm320_gpio.o
    0x00000b74   0x00000014   Code   RO         7283    i.LCD_Handler       main.o
    0x00000b88   0x00000006   Code   RO          864    i.LCD_INTClr        swm320_lcd.o
    0x00000b8e   0x00000006   Code   RO          865    i.LCD_INTDis        swm320_lcd.o
    0x00000b94   0x00000006   Code   RO          866    i.LCD_INTEn         swm320_lcd.o
    0x00000b9a   0x00000002   PAD
    0x00000b9c   0x000000d4   Code   RO          868    i.LCD_Init          swm320_lcd.o
    0x00000c70   0x0000000a   Code   RO          870    i.LCD_Start         swm320_lcd.o
    0x00000c7a   0x00000002   PAD
    0x00000c7c   0x00000018   Code   RO         1406    i.NVIC_DisableIRQ   swm320_spi.o
    0x00000c94   0x00000018   Code   RO         1709    i.NVIC_DisableIRQ   swm320_uart.o
    0x00000cac   0x00000016   Code   RO         1407    i.NVIC_EnableIRQ    swm320_spi.o
    0x00000cc2   0x00000016   Code   RO         1710    i.NVIC_EnableIRQ    swm320_uart.o
    0x00000cd8   0x00000016   Code   RO         7284    i.NVIC_EnableIRQ    main.o
    0x00000cee   0x00000002   PAD
    0x00000cf0   0x0000005c   Code   RO         1989    i.PLLInit           system_swm320.o
    0x00000d4c   0x00000648   Code   RO          981    i.PORT_Init         swm320_port.o
    0x00001394   0x00000074   Code   RO         1304    i.SDIO_BlockRead    swm320_sdio.o
    0x00001408   0x0000007c   Code   RO         1305    i.SDIO_BlockWrite   swm320_sdio.o
    0x00001484   0x00000250   Code   RO         1306    i.SDIO_Init         swm320_sdio.o
    0x000016d4   0x0000008c   Code   RO         1307    i.SDIO_SendCmd      swm320_sdio.o
    0x00001760   0x000000c8   Code   RO         1372    i.SDRAM_Init        swm320_sdram.o
    0x00001828   0x000000b4   Code   RO         7285    i.SPIFLASH2SDRAM    main.o
    0x000018dc   0x0000000a   Code   RO         1408    i.SPI_Close         swm320_spi.o
    0x000018e6   0x00000002   PAD
    0x000018e8   0x00000060   Code   RO         9394    i.SPI_FLASH_BufferRead  bsp_spiflash.o
    0x00001948   0x00000122   Code   RO         9395    i.SPI_FLASH_BufferWrite  bsp_spiflash.o
    0x00001a6a   0x00000002   PAD
    0x00001a6c   0x00000098   Code   RO         9396    i.SPI_FLASH_PageWrite  bsp_spiflash.o
    0x00001b04   0x0000004c   Code   RO         9397    i.SPI_FLASH_ReadDeviceID  bsp_spiflash.o
    0x00001b50   0x0000005c   Code   RO         9398    i.SPI_FLASH_ReadID  bsp_spiflash.o
    0x00001bac   0x00000050   Code   RO         9399    i.SPI_FLASH_SectorErase  bsp_spiflash.o
    0x00001bfc   0x00000058   Code   RO         9400    i.SPI_FLASH_WaitForWriteEnd  bsp_spiflash.o
    0x00001c54   0x00000024   Code   RO         9401    i.SPI_FLASH_WriteEnable  bsp_spiflash.o
    0x00001c78   0x0000007c   Code   RO         9402    i.SPI_Flash_Init    bsp_spiflash.o
    0x00001cf4   0x00000024   Code   RO         9404    i.SPI_Flash_WAKEUP  bsp_spiflash.o
    0x00001d18   0x000000e4   Code   RO         1429    i.SPI_Init          swm320_spi.o
    0x00001dfc   0x0000000a   Code   RO         1433    i.SPI_Open          swm320_spi.o
    0x00001e06   0x00000014   Code   RO         1435    i.SPI_ReadWrite     swm320_spi.o
    0x00001e1a   0x00000002   PAD
    0x00001e1c   0x00000010   Code   RO         9111    i.SWM_IncTick       bsp_systick.o
    0x00001e2c   0x0000004c   Code   RO         9361    i.SerialInit        bsp_uart.o
    0x00001e78   0x0000000c   Code   RO         9112    i.SysTick_Handler   bsp_systick.o
    0x00001e84   0x0000000a   Code   RO         7286    i.SysTick_Handler_CallBack  main.o
    0x00001e8e   0x00000002   PAD
    0x00001e90   0x00000068   Code   RO         9114    i.SysTick_Init      bsp_systick.o
    0x00001ef8   0x000000a8   Code   RO         1990    i.SystemCoreClockUpdate  system_swm320.o
    0x00001fa0   0x0000005e   Code   RO         1991    i.SystemInit        system_swm320.o
    0x00001ffe   0x0000000a   Code   RO         1715    i.UART_Close        swm320_uart.o
    0x00002008   0x00000190   Code   RO         1729    i.UART_Init         swm320_uart.o
    0x00002198   0x0000000e   Code   RO         1731    i.UART_IsTXBusy     swm320_uart.o
    0x000021a6   0x0000000a   Code   RO         1737    i.UART_Open         swm320_uart.o
    0x000021b0   0x00000004   Code   RO         1742    i.UART_WriteByte    swm320_uart.o
    0x000021b4   0x00000020   Code   RO        10176    i.__0printf         mc_w.l(printfa.o)
    0x000021d4   0x0000000e   Code   RO        10254    i.__scatterload_copy  mc_w.l(handlers.o)
    0x000021e2   0x00000002   Code   RO        10255    i.__scatterload_null  mc_w.l(handlers.o)
    0x000021e4   0x0000000e   Code   RO        10256    i.__scatterload_zeroinit  mc_w.l(handlers.o)
    0x000021f2   0x00000002   PAD
    0x000021f4   0x00000164   Code   RO        10183    i._fp_digits        mc_w.l(printfa.o)
    0x00002358   0x000006dc   Code   RO        10184    i._printf_core      mc_w.l(printfa.o)
    0x00002a34   0x00000024   Code   RO        10185    i._printf_post_padding  mc_w.l(printfa.o)
    0x00002a58   0x0000002e   Code   RO        10186    i._printf_pre_padding  mc_w.l(printfa.o)
    0x00002a86   0x00000054   Code   RO         9483    i.bsp_SDIOInit      bsp_sdio.o
    0x00002ada   0x00000002   PAD
    0x00002adc   0x0000009c   Code   RO         1308    i.calcSDCLKDiv      swm320_sdio.o
    0x00002b78   0x0000007c   Code   RO         9567    i.check_fs          ff.o
    0x00002bf4   0x00000014   Code   RO         9568    i.chk_chr           ff.o
    0x00002c08   0x0000001a   Code   RO         9569    i.clst2sect         ff.o
    0x00002c22   0x00000002   PAD
    0x00002c24   0x00000098   Code   RO         9570    i.cmp_lfn           ff.o
    0x00002cbc   0x00000120   Code   RO         9571    i.create_chain      ff.o
    0x00002ddc   0x000002c0   Code   RO         9572    i.create_name       ff.o
    0x0000309c   0x0000000c   Code   RO         9573    i.dbc_1st           ff.o
    0x000030a8   0x0000000c   Code   RO         9574    i.dbc_2nd           ff.o
    0x000030b4   0x00000060   Code   RO         9575    i.dir_alloc         ff.o
    0x00003114   0x0000005e   Code   RO         9576    i.dir_clear         ff.o
    0x00003172   0x000000fc   Code   RO         9577    i.dir_find          ff.o
    0x0000326e   0x000000d6   Code   RO         9578    i.dir_next          ff.o
    0x00003344   0x00000142   Code   RO         9580    i.dir_register      ff.o
    0x00003486   0x000000a6   Code   RO         9582    i.dir_sdi           ff.o
    0x0000352c   0x00000046   Code   RO         9510    i.disk_initialize   diskio.o
    0x00003572   0x00000002   PAD
    0x00003574   0x00000074   Code   RO         9511    i.disk_ioctl        diskio.o
    0x000035e8   0x0000004e   Code   RO         9512    i.disk_read         diskio.o
    0x00003636   0x00000020   Code   RO         9513    i.disk_status       diskio.o
    0x00003656   0x0000005c   Code   RO         9514    i.disk_write        diskio.o
    0x000036b2   0x00000030   Code   RO         3874    i.ent_alloc         lv_mem.o
    0x000036e2   0x00000002   PAD
    0x000036e4   0x0000002c   Code   RO         3875    i.ent_get_next      lv_mem.o
    0x00003710   0x0000004c   Code   RO         3876    i.ent_trunc         lv_mem.o
    0x0000375c   0x00000022   Code   RO         9585    i.f_close           ff.o
    0x0000377e   0x000001a0   Code   RO         9588    i.f_lseek           ff.o
    0x0000391e   0x00000002   PAD
    0x00003920   0x000006dc   Code   RO         9590    i.f_mkfs            ff.o
    0x00003ffc   0x00000054   Code   RO         9591    i.f_mount           ff.o
    0x00004050   0x00000200   Code   RO         9592    i.f_open            ff.o
    0x00004250   0x000001ce   Code   RO         9594    i.f_read            ff.o
    0x0000441e   0x00000002   PAD
    0x00004420   0x000000a0   Code   RO         9598    i.f_sync            ff.o
    0x000044c0   0x0000002c   Code   RO         9900    i.ff_oem2uni        ffunicode.o
    0x000044ec   0x00000040   Code   RO         9901    i.ff_uni2oem        ffunicode.o
    0x0000452c   0x000000b0   Code   RO         9902    i.ff_wtoupper       ffunicode.o
    0x000045dc   0x00000360   Code   RO         9602    i.find_volume       ff.o
    0x0000493c   0x000000d4   Code   RO         9603    i.follow_path       ff.o
    0x00004a10   0x00000024   Code   RO         9362    i.fputc             bsp_uart.o
    0x00004a34   0x000000cc   Code   RO         9604    i.gen_numname       ff.o
    0x00004b00   0x00000132   Code   RO         9605    i.get_fat           ff.o
    0x00004c32   0x00000002   PAD
    0x00004c34   0x00000054   Code   RO         9607    i.get_ldnumber      ff.o
    0x00004c88   0x0000004a   Code   RO         3064    i.hex_char_to_num   lv_draw.o
    0x00004cd2   0x00000056   Code   RO         2216    i.indev_button_proc  lv_indev.o
    0x00004d28   0x00000120   Code   RO         2217    i.indev_drag        lv_indev.o
    0x00004e48   0x000000f4   Code   RO         2218    i.indev_drag_throw  lv_indev.o
    0x00004f3c   0x000000ac   Code   RO         2219    i.indev_keypad_proc  lv_indev.o
    0x00004fe8   0x0000005a   Code   RO         2220    i.indev_pointer_proc  lv_indev.o
    0x00005042   0x00000002   PAD
    0x00005044   0x000001f4   Code   RO         2221    i.indev_proc_press  lv_indev.o
    0x00005238   0x00000070   Code   RO         2222    i.indev_proc_release  lv_indev.o
    0x000052a8   0x0000004a   Code   RO         2223    i.indev_proc_reset_query_handler  lv_indev.o
    0x000052f2   0x00000002   PAD
    0x000052f4   0x00000094   Code   RO         2224    i.indev_proc_task   lv_indev.o
    0x00005388   0x00000076   Code   RO         2225    i.indev_search_obj  lv_indev.o
    0x000053fe   0x00000002   PAD
    0x00005400   0x0000002c   Code   RO         4049    i.is_break_char     lv_txt.o
    0x0000542c   0x00000026   Code   RO         9608    i.ld_clust          ff.o
    0x00005452   0x00000018   Code   RO         9609    i.ld_dword          ff.o
    0x0000546a   0x0000000c   Code   RO         9610    i.ld_word           ff.o
    0x00005476   0x0000000a   Code   RO         2393    i.lv_area_copy      lv_obj.o
    0x00005480   0x0000000a   Code   RO         2860    i.lv_area_copy      lv_refr.o
    0x0000548a   0x0000000e   Code   RO         3065    i.lv_area_get_height  lv_draw.o
    0x00005498   0x0000000e   Code   RO         5413    i.lv_area_get_height  lv_label.o
    0x000054a6   0x00000022   Code   RO         3566    i.lv_area_get_size  lv_area.o
    0x000054c8   0x0000000e   Code   RO         3066    i.lv_area_get_width  lv_draw.o
    0x000054d6   0x0000000e   Code   RO         3291    i.lv_area_get_width  lv_draw_vbasic.o
    0x000054e4   0x0000000e   Code   RO         5414    i.lv_area_get_width  lv_label.o
    0x000054f2   0x0000003a   Code   RO         3567    i.lv_area_is_in     lv_area.o
    0x0000552c   0x0000003a   Code   RO         3568    i.lv_area_is_on     lv_area.o
    0x00005566   0x0000003a   Code   RO         3569    i.lv_area_is_point_on  lv_area.o
    0x000055a0   0x00000064   Code   RO         3570    i.lv_area_join      lv_area.o
    0x00005604   0x0000000e   Code   RO         3571    i.lv_area_set       lv_area.o
    0x00005612   0x00000082   Code   RO         3575    i.lv_area_union     lv_area.o
    0x00005694   0x000000f8   Code   RO         4154    i.lv_bar_create     lv_bar.o
    0x0000578c   0x00000130   Code   RO         4155    i.lv_bar_design     lv_bar.o
    0x000058bc   0x00000026   Code   RO         4158    i.lv_bar_get_style  lv_bar.o
    0x000058e2   0x00000034   Code   RO         4161    i.lv_bar_set_style  lv_bar.o
    0x00005916   0x0000004c   Code   RO         4162    i.lv_bar_set_value  lv_bar.o
    0x00005962   0x00000002   PAD
    0x00005964   0x00000078   Code   RO         4163    i.lv_bar_signal     lv_bar.o
    0x000059dc   0x00000016   Code   RO         3638    i.lv_circ_cont      lv_circ.o
    0x000059f2   0x00000010   Code   RO         3639    i.lv_circ_init      lv_circ.o
    0x00005a02   0x0000003c   Code   RO         3640    i.lv_circ_next      lv_circ.o
    0x00005a3e   0x0000007c   Code   RO         2065    i.lv_color_mix      lv_group.o
    0x00005aba   0x0000007c   Code   RO         3067    i.lv_color_mix      lv_draw.o
    0x00005b36   0x0000007c   Code   RO         3292    i.lv_color_mix      lv_draw_vbasic.o
    0x00005bb2   0x0000000a   Code   RO         3369    i.lv_disp_drv_init  lv_hal_disp.o
    0x00005bbc   0x0000004c   Code   RO         3370    i.lv_disp_drv_register  lv_hal_disp.o
    0x00005c08   0x00000040   Code   RO         3372    i.lv_disp_flush     lv_hal_disp.o
    0x00005c48   0x0000002a   Code   RO         3068    i.lv_draw_cont_radius_corr  lv_draw.o
    0x00005c72   0x00000002   PAD
    0x00005c74   0x000000a0   Code   RO         3069    i.lv_draw_img       lv_draw.o
    0x00005d14   0x000002b4   Code   RO         3070    i.lv_draw_label     lv_draw.o
    0x00005fc8   0x00000062   Code   RO         3072    i.lv_draw_rect      lv_draw.o
    0x0000602a   0x00000002   PAD
    0x0000602c   0x00000464   Code   RO         3073    i.lv_draw_rect_border_corner  lv_draw.o
    0x00006490   0x00000364   Code   RO         3074    i.lv_draw_rect_border_straight  lv_draw.o
    0x000067f4   0x00000560   Code   RO         3075    i.lv_draw_rect_main_corner  lv_draw.o
    0x00006d54   0x00000120   Code   RO         3076    i.lv_draw_rect_main_mid  lv_draw.o
    0x00006e74   0x0000000c   Code   RO         3006    i.lv_flush_ready    lv_vdb.o
    0x00006e80   0x00000014   Code   RO         3686    i.lv_font_add       lv_font.o
    0x00006e94   0x0000002a   Code   RO         3687    i.lv_font_get_bitmap  lv_font.o
    0x00006ebe   0x00000026   Code   RO         3688    i.lv_font_get_bitmap_continuous  lv_font.o
    0x00006ee4   0x00000028   Code   RO         3690    i.lv_font_get_bpp   lv_font.o
    0x00006f0c   0x0000002a   Code   RO         3691    i.lv_font_get_width  lv_font.o
    0x00006f36   0x00000020   Code   RO         3692    i.lv_font_get_width_continuous  lv_font.o
    0x00006f56   0x00000002   PAD
    0x00006f58   0x0000001c   Code   RO         3694    i.lv_font_init      lv_font.o
    0x00006f74   0x00000024   Code   RO         2066    i.lv_group_add_obj  lv_group.o
    0x00006f98   0x00000072   Code   RO         2070    i.lv_group_focus_next  lv_group.o
    0x0000700a   0x00000072   Code   RO         2072    i.lv_group_focus_prev  lv_group.o
    0x0000707c   0x00000016   Code   RO         2074    i.lv_group_get_focused  lv_group.o
    0x00007092   0x0000002c   Code   RO         2076    i.lv_group_mod_style  lv_group.o
    0x000070be   0x0000001e   Code   RO         2078    i.lv_group_send_data  lv_group.o
    0x000070dc   0x000000ec   Code   RO         5225    i.lv_img_create     lv_img.o
    0x000071c8   0x00000150   Code   RO         5226    i.lv_img_design     lv_img.o
    0x00007318   0x00000014   Code   RO         5227    i.lv_img_get_auto_size  lv_img.o
    0x0000732c   0x00000036   Code   RO         5229    i.lv_img_get_src_type  lv_img.o
    0x00007362   0x0000011c   Code   RO         5231    i.lv_img_set_src    lv_img.o
    0x0000747e   0x00000002   PAD
    0x00007480   0x000000a4   Code   RO         5232    i.lv_img_signal     lv_img.o
    0x00007524   0x0000001c   Code   RO         2231    i.lv_indev_init     lv_indev.o
    0x00007540   0x0000001c   Code   RO         3480    i.lv_indev_next     lv_hal_indev.o
    0x0000755c   0x00000026   Code   RO         3481    i.lv_indev_read     lv_hal_indev.o
    0x00007582   0x0000003e   Code   RO         2233    i.lv_indev_reset    lv_indev.o
    0x000075c0   0x00000084   Code   RO         2394    i.lv_init           lv_obj.o
    0x00007644   0x000000bc   Code   RO         2861    i.lv_inv_area       lv_refr.o
    0x00007700   0x00000184   Code   RO         5415    i.lv_label_create   lv_label.o
    0x00007884   0x000000f0   Code   RO         5417    i.lv_label_design   lv_label.o
    0x00007974   0x00000014   Code   RO         5418    i.lv_label_get_align  lv_label.o
    0x00007988   0x00000014   Code   RO         5420    i.lv_label_get_body_draw  lv_label.o
    0x0000799c   0x00000178   Code   RO         5421    i.lv_label_get_letter_on  lv_label.o
    0x00007b14   0x00000010   Code   RO         5423    i.lv_label_get_long_mode  lv_label.o
    0x00007b24   0x00000014   Code   RO         5425    i.lv_label_get_recolor  lv_label.o
    0x00007b38   0x00000010   Code   RO         5426    i.lv_label_get_text  lv_label.o
    0x00007b48   0x000001b6   Code   RO         5428    i.lv_label_refr_text  lv_label.o
    0x00007cfe   0x00000056   Code   RO         5429    i.lv_label_revert_dots  lv_label.o
    0x00007d54   0x0000002c   Code   RO         5430    i.lv_label_set_align  lv_label.o
    0x00007d80   0x00000032   Code   RO         5433    i.lv_label_set_body_draw  lv_label.o
    0x00007db2   0x0000004e   Code   RO         5434    i.lv_label_set_long_mode  lv_label.o
    0x00007e00   0x0000002c   Code   RO         5436    i.lv_label_set_recolor  lv_label.o
    0x00007e2c   0x0000003a   Code   RO         5437    i.lv_label_set_static_text  lv_label.o
    0x00007e66   0x0000007e   Code   RO         5438    i.lv_label_set_text  lv_label.o
    0x00007ee4   0x00000110   Code   RO         5439    i.lv_label_signal   lv_label.o
    0x00007ff4   0x0000000c   Code   RO         2395    i.lv_layer_sys      lv_obj.o
    0x00008000   0x0000000c   Code   RO         2396    i.lv_layer_top      lv_obj.o
    0x0000800c   0x0000003c   Code   RO         3762    i.lv_ll_chg_list    lv_ll.o
    0x00008048   0x0000000a   Code   RO         3764    i.lv_ll_get_head    lv_ll.o
    0x00008052   0x00000016   Code   RO         3765    i.lv_ll_get_next    lv_ll.o
    0x00008068   0x00000014   Code   RO         3766    i.lv_ll_get_prev    lv_ll.o
    0x0000807c   0x0000000a   Code   RO         3767    i.lv_ll_get_tail    lv_ll.o
    0x00008086   0x00000016   Code   RO         3768    i.lv_ll_init        lv_ll.o
    0x0000809c   0x00000040   Code   RO         3769    i.lv_ll_ins_head    lv_ll.o
    0x000080dc   0x00000072   Code   RO         3770    i.lv_ll_ins_prev    lv_ll.o
    0x0000814e   0x00000040   Code   RO         3771    i.lv_ll_ins_tail    lv_ll.o
    0x0000818e   0x0000008a   Code   RO         3773    i.lv_ll_rem         lv_ll.o
    0x00008218   0x00000040   Code   RO         3877    i.lv_mem_alloc      lv_mem.o
    0x00008258   0x00000008   Code   RO         4164    i.lv_mem_assert     lv_bar.o
    0x00008260   0x00000008   Code   RO         5233    i.lv_mem_assert     lv_img.o
    0x00008268   0x00000008   Code   RO         5440    i.lv_mem_assert     lv_label.o
    0x00008270   0x0000005c   Code   RO         3879    i.lv_mem_free       lv_mem.o
    0x000082cc   0x00000020   Code   RO         3880    i.lv_mem_get_size   lv_mem.o
    0x000082ec   0x0000001c   Code   RO         3881    i.lv_mem_init       lv_mem.o
    0x00008308   0x0000006c   Code   RO         3883    i.lv_mem_realloc    lv_mem.o
    0x00008374   0x00000014   Code   RO         2398    i.lv_obj_allocate_ext_attr  lv_obj.o
    0x00008388   0x000001e8   Code   RO         2402    i.lv_obj_create     lv_obj.o
    0x00008570   0x000000b2   Code   RO         2404    i.lv_obj_design     lv_obj.o
    0x00008622   0x0000001a   Code   RO         2405    i.lv_obj_get_child  lv_obj.o
    0x0000863c   0x0000000c   Code   RO         2407    i.lv_obj_get_click  lv_obj.o
    0x00008648   0x00000012   Code   RO         2408    i.lv_obj_get_coords  lv_obj.o
    0x0000865a   0x00000006   Code   RO         2409    i.lv_obj_get_design_func  lv_obj.o
    0x00008660   0x0000000c   Code   RO         2410    i.lv_obj_get_drag   lv_obj.o
    0x0000866c   0x0000000c   Code   RO         2411    i.lv_obj_get_drag_parent  lv_obj.o
    0x00008678   0x0000000c   Code   RO         2412    i.lv_obj_get_drag_throw  lv_obj.o
    0x00008684   0x00000006   Code   RO         2413    i.lv_obj_get_ext_attr  lv_obj.o
    0x0000868a   0x00000006   Code   RO         2417    i.lv_obj_get_group  lv_obj.o
    0x00008690   0x00000010   Code   RO         2418    i.lv_obj_get_height  lv_obj.o
    0x000086a0   0x0000000c   Code   RO         2419    i.lv_obj_get_hidden  lv_obj.o
    0x000086ac   0x00000006   Code   RO         2420    i.lv_obj_get_parent  lv_obj.o
    0x000086b2   0x0000001a   Code   RO         2422    i.lv_obj_get_screen  lv_obj.o
    0x000086cc   0x00000006   Code   RO         2423    i.lv_obj_get_signal_func  lv_obj.o
    0x000086d2   0x00000002   PAD
    0x000086d4   0x00000070   Code   RO         2424    i.lv_obj_get_style  lv_obj.o
    0x00008744   0x00000010   Code   RO         2427    i.lv_obj_get_width  lv_obj.o
    0x00008754   0x00000018   Code   RO         2428    i.lv_obj_get_x      lv_obj.o
    0x0000876c   0x00000018   Code   RO         2429    i.lv_obj_get_y      lv_obj.o
    0x00008784   0x000000be   Code   RO         2430    i.lv_obj_invalidate  lv_obj.o
    0x00008842   0x00000012   Code   RO         2431    i.lv_obj_is_protected  lv_obj.o
    0x00008854   0x0000001a   Code   RO         2432    i.lv_obj_refresh_ext_size  lv_obj.o
    0x0000886e   0x0000001c   Code   RO         2433    i.lv_obj_refresh_style  lv_obj.o
    0x0000888a   0x00000012   Code   RO         2435    i.lv_obj_set_click  lv_obj.o
    0x0000889c   0x00000004   Code   RO         2436    i.lv_obj_set_design_func  lv_obj.o
    0x000088a0   0x0000001a   Code   RO         2442    i.lv_obj_set_height  lv_obj.o
    0x000088ba   0x000000a2   Code   RO         2445    i.lv_obj_set_pos    lv_obj.o
    0x0000895c   0x0000000c   Code   RO         2446    i.lv_obj_set_protect  lv_obj.o
    0x00008968   0x00000004   Code   RO         2447    i.lv_obj_set_signal_func  lv_obj.o
    0x0000896c   0x0000006c   Code   RO         2448    i.lv_obj_set_size   lv_obj.o
    0x000089d8   0x00000016   Code   RO         2449    i.lv_obj_set_style  lv_obj.o
    0x000089ee   0x0000001a   Code   RO         2451    i.lv_obj_set_width  lv_obj.o
    0x00008a08   0x00000068   Code   RO         2454    i.lv_obj_signal     lv_obj.o
    0x00008a70   0x0000004e   Code   RO         2862    i.lv_refr_area_part_vdb  lv_refr.o
    0x00008abe   0x000000b0   Code   RO         2863    i.lv_refr_area_with_vdb  lv_refr.o
    0x00008b6e   0x00000002   PAD
    0x00008b70   0x00000064   Code   RO         2864    i.lv_refr_areas     lv_refr.o
    0x00008bd4   0x0000000c   Code   RO         2865    i.lv_refr_get_buf_size  lv_refr.o
    0x00008be0   0x00000070   Code   RO         2866    i.lv_refr_get_top_obj  lv_refr.o
    0x00008c50   0x00000034   Code   RO         2867    i.lv_refr_init      lv_refr.o
    0x00008c84   0x000000d0   Code   RO         2868    i.lv_refr_join_area  lv_refr.o
    0x00008d54   0x00000116   Code   RO         2869    i.lv_refr_obj       lv_refr.o
    0x00008e6a   0x00000078   Code   RO         2870    i.lv_refr_obj_and_children  lv_refr.o
    0x00008ee2   0x00000002   PAD
    0x00008ee4   0x00000020   Code   RO         2871    i.lv_refr_pop_from_buf  lv_refr.o
    0x00008f04   0x00000060   Code   RO         2874    i.lv_refr_task      lv_refr.o
    0x00008f64   0x0000000c   Code   RO         2455    i.lv_scr_act        lv_obj.o
    0x00008f70   0x00000012   Code   RO         2969    i.lv_style_copy     lv_style.o
    0x00008f82   0x00000002   PAD
    0x00008f84   0x00000480   Code   RO         2970    i.lv_style_init     lv_style.o
    0x00009404   0x00000088   Code   RO         3943    i.lv_task_create    lv_task.o
    0x0000948c   0x00000018   Code   RO         3944    i.lv_task_del       lv_task.o
    0x000094a4   0x0000000c   Code   RO         3945    i.lv_task_enable    lv_task.o
    0x000094b0   0x00000034   Code   RO         3946    i.lv_task_exec      lv_task.o
    0x000094e4   0x00000108   Code   RO         3948    i.lv_task_handler   lv_task.o
    0x000095ec   0x00000018   Code   RO         3949    i.lv_task_init      lv_task.o
    0x00009604   0x00000012   Code   RO         3951    i.lv_task_ready     lv_task.o
    0x00009616   0x00000002   PAD
    0x00009618   0x0000000c   Code   RO         7050    i.lv_theme_get_current  lv_theme.o
    0x00009624   0x0000001a   Code   RO         3522    i.lv_tick_elaps     lv_hal_tick.o
    0x0000963e   0x00000002   PAD
    0x00009640   0x00000020   Code   RO         3523    i.lv_tick_get       lv_hal_tick.o
    0x00009660   0x0000001c   Code   RO         3524    i.lv_tick_inc       lv_hal_tick.o
    0x0000967c   0x00000022   Code   RO         4051    i.lv_txt_get_length  lv_txt.o
    0x0000969e   0x000000e4   Code   RO         4052    i.lv_txt_get_next_line  lv_txt.o
    0x00009782   0x000000cc   Code   RO         4053    i.lv_txt_get_size   lv_txt.o
    0x0000984e   0x0000009a   Code   RO         4054    i.lv_txt_get_width  lv_txt.o
    0x000098e8   0x00000048   Code   RO         4056    i.lv_txt_is_cmd     lv_txt.o
    0x00009930   0x00000022   Code   RO         4058    i.lv_txt_utf8_get_char_id  lv_txt.o
    0x00009952   0x00000148   Code   RO         4059    i.lv_txt_utf8_next  lv_txt.o
    0x00009a9a   0x00000052   Code   RO         4060    i.lv_txt_utf8_prev  lv_txt.o
    0x00009aec   0x00000034   Code   RO         4061    i.lv_txt_utf8_size  lv_txt.o
    0x00009b20   0x00000034   Code   RO         3007    i.lv_vdb_flush      lv_vdb.o
    0x00009b54   0x00000018   Code   RO         3008    i.lv_vdb_get        lv_vdb.o
    0x00009b6c   0x0000008c   Code   RO         3293    i.lv_vfill          lv_draw_vbasic.o
    0x00009bf8   0x000002d4   Code   RO         3294    i.lv_vletter        lv_draw_vbasic.o
    0x00009ecc   0x00000240   Code   RO         3295    i.lv_vmap           lv_draw_vbasic.o
    0x0000a10c   0x0000008c   Code   RO         3296    i.lv_vpx            lv_draw_vbasic.o
    0x0000a198   0x000005d8   Code   RO         7290    i.main              main.o
    0x0000a770   0x00000024   Code   RO         9611    i.mem_cmp           ff.o
    0x0000a794   0x0000001a   Code   RO         9612    i.mem_cpy           ff.o
    0x0000a7ae   0x00000012   Code   RO         9613    i.mem_set           ff.o
    0x0000a7c0   0x00000034   Code   RO         9614    i.move_window       ff.o
    0x0000a7f4   0x0000000a   Code   RO         3775    i.node_set_next     lv_ll.o
    0x0000a7fe   0x00000008   Code   RO         3776    i.node_set_prev     lv_ll.o
    0x0000a806   0x00000002   PAD
    0x0000a808   0x000000e0   Code   RO         1309    i.parseCID          swm320_sdio.o
    0x0000a8e8   0x0000021c   Code   RO         1310    i.parseCSD          swm320_sdio.o
    0x0000ab04   0x00000190   Code   RO         9616    i.put_fat           ff.o
    0x0000ac94   0x00000080   Code   RO         9617    i.put_lfn           ff.o
    0x0000ad14   0x00000050   Code   RO         2457    i.refresh_childen_position  lv_obj.o
    0x0000ad64   0x00000042   Code   RO         2458    i.refresh_childen_style  lv_obj.o
    0x0000ada6   0x0000009a   Code   RO         9619    i.remove_chain      ff.o
    0x0000ae40   0x00000024   Code   RO         9620    i.st_clust          ff.o
    0x0000ae64   0x00000018   Code   RO         9621    i.st_dword          ff.o
    0x0000ae7c   0x0000000c   Code   RO         9622    i.st_word           ff.o
    0x0000ae88   0x000000a4   Code   RO         2081    i.style_mod_def     lv_group.o
    0x0000af2c   0x00000020   Code   RO         9623    i.sum_sfn           ff.o
    0x0000af4c   0x000000ea   Code   RO         3297    i.sw_color_fill     lv_draw_vbasic.o
    0x0000b036   0x00000050   Code   RO         3298    i.sw_mem_blend      lv_draw_vbasic.o
    0x0000b086   0x00000002   PAD
    0x0000b088   0x00000034   Code   RO         1992    i.switchCLK_20MHz   system_swm320.o
    0x0000b0bc   0x00000048   Code   RO         1993    i.switchCLK_32KHz   system_swm320.o
    0x0000b104   0x00000034   Code   RO         1994    i.switchCLK_40MHz   system_swm320.o
    0x0000b138   0x00000040   Code   RO         1995    i.switchCLK_PLL     system_swm320.o
    0x0000b178   0x00000034   Code   RO         1996    i.switchCLK_XTAL    system_swm320.o
    0x0000b1ac   0x00000090   Code   RO         9624    i.sync_fs           ff.o
    0x0000b23c   0x0000004a   Code   RO         9625    i.sync_window       ff.o
    0x0000b286   0x0000004c   Code   RO         9626    i.tchar2uni         ff.o
    0x0000b2d2   0x00000002   PAD
    0x0000b2d4   0x00000090   Code   RO         7552    i.tft_drawpoint     tft.o
    0x0000b364   0x00000090   Code   RO         7553    i.tft_fill          tft.o
    0x0000b3f4   0x000000a4   Code   RO         7554    i.tft_flush         tft.o
    0x0000b498   0x00000050   Code   RO         7555    i.tft_init          tft.o
    0x0000b4e8   0x000000a0   Code   RO         7556    i.tft_map           tft.o
    0x0000b588   0x00000070   Code   RO         7557    i.tft_memoryinit    tft.o
    0x0000b5f8   0x000000a4   Code   RO         7558    i.tft_rgbinit       tft.o
    0x0000b69c   0x00000010   Code   RO         7559    i.tft_setlcd_srcadd  tft.o
    0x0000b6ac   0x0000001e   Code   RO         4062    i.txt_utf8_get_byte_id  lv_txt.o
    0x0000b6ca   0x0000003c   Code   RO         9627    i.validate          ff.o
    0x0000b706   0x00000002   PAD
    0x0000b708   0x00000012   Data   RO         2082    .constdata          lv_group.o
    0x0000b71a   0x00000002   PAD
    0x0000b71c   0x000000c2   Data   RO         2972    .constdata          lv_style.o
    0x0000b7de   0x00000002   PAD
    0x0000b7e0   0x00000002   Data   RO         3299    .constdata          lv_draw_vbasic.o
    0x0000b7e2   0x00000002   PAD
    0x0000b7e4   0x00002260   Data   RO         7184    .constdata          lv_font_dejavu_20.o
    0x0000da44   0x00002418   Data   RO         7252    .constdata          lv_font_symbol_20.o
    0x0000fe5c   0x000000aa   Data   RO         9628    .constdata          ff.o
    0x0000ff06   0x000003ae   Data   RO         9903    .constdata          ffunicode.o
    0x000102b4   0x00000020   Data   RO        10252    Region$$Table       anon$$obj.o


    Execution Region RW_IRAM1 (Base: 0x20000000, Size: 0x0001b210, Max: 0x00020000, ABSOLUTE, COMPRESSED[0x0000006c])

    Base Addr    Size         Type   Attr      Idx    E Section Name        Object

    0x20000000   0x00000008   Data   RW         1997    .data               system_swm320.o
    0x20000008   0x00000004   Data   RW         2239    .data               lv_indev.o
    0x2000000c   0x00000010   Data   RW         2461    .data               lv_obj.o
    0x2000001c   0x00000010   Data   RW         2876    .data               lv_refr.o
    0x2000002c   0x00000010   Data   RW         3010    .data               lv_vdb.o
    0x2000003c   0x00000010   Data   RW         3078    .data               lv_draw.o
    0x2000004c   0x00000016   Data   RW         3300    .data               lv_draw_vbasic.o
    0x20000062   0x00000002   PAD
    0x20000064   0x00000008   Data   RW         3377    .data               lv_hal_disp.o
    0x2000006c   0x00000004   Data   RW         3482    .data               lv_hal_indev.o
    0x20000070   0x00000005   Data   RW         3525    .data               lv_hal_tick.o
    0x20000075   0x00000003   PAD
    0x20000078   0x00000004   Data   RW         3885    .data               lv_mem.o
    0x2000007c   0x00000010   Data   RW         3956    .data               lv_task.o
    0x2000008c   0x00000008   Data   RW         4165    .data               lv_bar.o
    0x20000094   0x00000004   Data   RW         5234    .data               lv_img.o
    0x20000098   0x00000004   Data   RW         5441    .data               lv_label.o
    0x2000009c   0x00000004   Data   RW         7052    .data               lv_theme.o
    0x200000a0   0x00000028   Data   RW         7185    .data               lv_font_dejavu_20.o
    0x200000c8   0x00000028   Data   RW         7253    .data               lv_font_symbol_20.o
    0x200000f0   0x00000034   Data   RW         7292    .data               main.o
    0x20000124   0x00000004   Data   RW         9115    .data               bsp_systick.o
    0x20000128   0x00000004   Data   RW         9405    .data               bsp_spiflash.o
    0x2000012c   0x0000000b   Data   RW         9629    .data               ff.o
    0x20000137   0x00000001   PAD
    0x20000138   0x00000004   Data   RW        10224    .data               mc_w.l(stdout.o)
    0x2000013c   0x00000004   PAD
    0x20000140   0x00000050   Zero   RW         1311    .bss                swm320_sdio.o
    0x20000190   0x0000000c   Zero   RW         2460    .bss                lv_obj.o
    0x2000019c   0x00000140   Zero   RW         2875    .bss                lv_refr.o
    0x200002dc   0x0000030c   Zero   RW         2971    .bss                lv_style.o
    0x200005e8   0x00004b00   Zero   RW         3009    .bss                lv_vdb.o
    0x200050e8   0x00010000   Zero   RW         3884    .bss                lv_mem.o
    0x200150e8   0x0000000c   Zero   RW         3955    .bss                lv_task.o
    0x200150f4   0x00002518   Zero   RW         7291    .bss                main.o
    0x2001760c   0x00000004   PAD
    0x20017610   0x00003c00   Zero   RW         2058    STACK               startup_swm320.o



  Load Region LR$$.ARM.__AT_0x70000000 (Base: 0x70000000, Size: 0x00000000, Max: 0x0003fc00, ABSOLUTE)

    Execution Region ER$$.ARM.__AT_0x70000000 (Base: 0x70000000, Size: 0x0003fc00, Max: 0x0003fc00, ABSOLUTE, UNINIT)

    Base Addr    Size         Type   Attr      Idx    E Section Name        Object

    0x70000000   0x0003fc00   Zero   RW         7560    .ARM.__AT_0x70000000  tft.o



  Load Region LR$$.ARM.__AT_0x7003FC00 (Base: 0x7003fc00, Size: 0x00000000, Max: 0x0003fc00, ABSOLUTE)

    Execution Region ER$$.ARM.__AT_0x7003FC00 (Base: 0x7003fc00, Size: 0x0003fc00, Max: 0x0003fc00, ABSOLUTE, UNINIT)

    Base Addr    Size         Type   Attr      Idx    E Section Name        Object

    0x7003fc00   0x0003fc00   Zero   RW         7561    .ARM.__AT_0x7003FC00  tft.o


==============================================================================

Image component sizes


      Code (inc. data)   RO Data    RW Data    ZI Data      Debug   Object Name

        84          0          0          0          0        523   bsp_sdio.o
      1070        124          0          4          0       6705   bsp_spiflash.o
       132         18          0          4          0      26222   bsp_systick.o
       112         10          0          0          0       1125   bsp_uart.o
       388          6          0          0          0       7346   diskio.o
      8922        188        170         11          0      49814   ff.o
       284         32        942          0          0       2640   ffunicode.o
       452          0          0          0          0       5466   lv_area.o
       846         44          0          8          0      20841   lv_bar.o
         0          0          0          0          0       5418   lv_btn.o
         0          0          0          0          0       1154   lv_cb.o
        98          0          0          0          0       2681   lv_circ.o
      4874         54          0         16          0      21169   lv_draw.o
      2032         18          2         22          0      14573   lv_draw_vbasic.o
       242          8          0          0          0       6113   lv_font.o
         0          0       8800         40          0       1888   lv_font_dejavu_20.o
         0          0       9240         40          0       1888   lv_font_symbol_20.o
       648          6         18          0          0      15800   lv_group.o
       150         14          0          8          0       6158   lv_hal_disp.o
        66          6          0          4          0       4060   lv_hal_indev.o
        86         20          0          5          0       2252   lv_hal_tick.o
      1102         30          0          4          0       6978   lv_img.o
      1922         32          0          4          0      19283   lv_indev.o
      2328         36          0          4          0      22848   lv_label.o
       542          0          0          0          0       9089   lv_ll.o
       492         30          0          4      65536       6510   lv_mem.o
      2110         76          0         16         12      35348   lv_obj.o
      1462         78          0         16        320       9959   lv_refr.o
      1170         70        194          0        780       4250   lv_style.o
       530         44          0         16         12       5909   lv_task.o
        12          6          0          4          0       9639   lv_theme.o
      1262         14          0          0          0      10892   lv_txt.o
        88         20          0         16      19200       6433   lv_vdb.o
      1756        792          0         52       9496      20358   main.o
       156          4        328          0      15360       3492   startup_swm320.o
         0          0          0          0          0     100959   swm320_adc.o
         8          0          0          0          0       1185   swm320_exti.o
       772         38          0          0          0       2844   swm320_gpio.o
       240         10          0          0          0       3921   swm320_lcd.o
      1608         30          0          0          0       1324   swm320_port.o
      1892         54          0          0         80       9781   swm320_sdio.o
       200          4          0          0          0       1253   swm320_sdram.o
       314         14          0          0          0       4206   swm320_spi.o
       484         14          0          0          0       4906   swm320_uart.o
       646         58          0          8          0       5268   system_swm320.o
      1068         64          0          0     522240      10255   tft.o

    ----------------------------------------------------------------------
     42714       2066      19732        312     633040     520726   Object Totals
         0          0         32          0          0          0   (incl. Generated)
        64          0          6          6          4          0   (incl. Padding)

    ----------------------------------------------------------------------

      Code (inc. data)   RO Data    RW Data    ZI Data      Debug   Library Member Name

        86          0          0          0          0          0   __dczerorl2.o
         0          0          0          0          0          0   entry.o
         0          0          0          0          0          0   entry10a.o
         0          0          0          0          0          0   entry11a.o
         8          4          0          0          0          0   entry2.o
         4          0          0          0          0          0   entry5.o
         0          0          0          0          0          0   entry7b.o
         0          0          0          0          0          0   entry8b.o
         8          4          0          0          0          0   entry9a.o
        30          0          0          0          0          0   handlers.o
        36          8          0          0          0         68   init.o
         0          0          0          0          0          0   iusefp.o
        30          0          0          0          0         68   llshl.o
        36          0          0          0          0         68   llsshr.o
        32          0          0          0          0         68   llushr.o
        36          0          0          0          0         68   memcpya.o
        36          0          0          0          0        108   memseta.o
      2226         90          0          0          0        444   printfa.o
         0          0          0          4          0          0   stdout.o
        18          0          0          0          0         68   strcpy.o
        14          0          0          0          0         68   strlen.o
        44          0          0          0          0         80   uidiv.o
        98          0          0          0          0         92   uldiv.o
        48          0          0          0          0         68   cdrcmple.o
       334          0          0          0          0        148   dadd.o
       222          0          0          0          0        100   ddiv.o
       186          0          0          0          0        176   depilogue.o
        48          0          0          0          0         68   dfixul.o
       228          0          0          0          0         96   dmul.o

    ----------------------------------------------------------------------
      3814        106          0          4          4       1856   Library Totals
         6          0          0          0          4          0   (incl. Padding)

    ----------------------------------------------------------------------

      Code (inc. data)   RO Data    RW Data    ZI Data      Debug   Library Name

      2742        106          0          4          0       1200   mc_w.l
      1066          0          0          0          0        656   mf_w.l

    ----------------------------------------------------------------------
      3814        106          0          4          4       1856   Library Totals

    ----------------------------------------------------------------------

==============================================================================


      Code (inc. data)   RO Data    RW Data    ZI Data      Debug   

     46528       2172      19732        316     633044     505394   Grand Totals
     46528       2172      19732        108     633044     505394   ELF Image Totals (compressed)
     46528       2172      19732        108          0          0   ROM Totals

==============================================================================

    Total RO  Size (Code + RO Data)                66260 (  64.71kB)
    Total RW  Size (RW Data + ZI Data)            633360 ( 618.52kB)
    Total ROM Size (Code + RO Data + RW Data)      66368 (  64.81kB)

==============================================================================

