<!doctype html public "-//w3c//dtd html 4.0 transitional//en">
<html><head>
<title>Static Call Graph - [.\Objects\lv_test.axf]</title></head>
<body><HR>
<H1>Static Call Graph for image .\Objects\lv_test.axf</H1><HR>
<BR><P>#&#060CALLGRAPH&#062# ARM Linker, 5050106: Last Updated: Mon Oct 14 09:45:21 2019
<BR><P>
<H3>Maximum Stack Usage =       5120 bytes + Unknown(Cycles, Untraceable Function Pointers)</H3><H3>
Call chain for Maximum Stack Depth:</H3>
main &rArr; SPIFLASH2SDRAM &rArr; f_open &rArr; dir_register &rArr; dir_find &rArr; dir_next &rArr; create_chain &rArr; put_fat &rArr; move_window &rArr; sync_window &rArr; disk_write &rArr; SPI_FLASH_BufferWrite &rArr; SPI_FLASH_PageWrite &rArr; __2printf
<P>
<H3>
Mutually Recursive functions
</H3> <LI><a href="#[7]">NMI_Handler</a>&nbsp;&nbsp;&nbsp;&rArr;&nbsp;&nbsp;&nbsp;<a href="#[7]">NMI_Handler</a><BR>
 <LI><a href="#[8]">HardFault_Handler</a>&nbsp;&nbsp;&nbsp;&rArr;&nbsp;&nbsp;&nbsp;<a href="#[8]">HardFault_Handler</a><BR>
 <LI><a href="#[9]">MemManage_Handler</a>&nbsp;&nbsp;&nbsp;&rArr;&nbsp;&nbsp;&nbsp;<a href="#[9]">MemManage_Handler</a><BR>
 <LI><a href="#[a]">BusFault_Handler</a>&nbsp;&nbsp;&nbsp;&rArr;&nbsp;&nbsp;&nbsp;<a href="#[a]">BusFault_Handler</a><BR>
 <LI><a href="#[b]">UsageFault_Handler</a>&nbsp;&nbsp;&nbsp;&rArr;&nbsp;&nbsp;&nbsp;<a href="#[b]">UsageFault_Handler</a><BR>
 <LI><a href="#[c]">SVC_Handler</a>&nbsp;&nbsp;&nbsp;&rArr;&nbsp;&nbsp;&nbsp;<a href="#[c]">SVC_Handler</a><BR>
 <LI><a href="#[d]">DebugMon_Handler</a>&nbsp;&nbsp;&nbsp;&rArr;&nbsp;&nbsp;&nbsp;<a href="#[d]">DebugMon_Handler</a><BR>
 <LI><a href="#[e]">PendSV_Handler</a>&nbsp;&nbsp;&nbsp;&rArr;&nbsp;&nbsp;&nbsp;<a href="#[e]">PendSV_Handler</a><BR>
 <LI><a href="#[10]">GPIOA0_Handler</a>&nbsp;&nbsp;&nbsp;&rArr;&nbsp;&nbsp;&nbsp;<a href="#[10]">GPIOA0_Handler</a><BR>
 <LI><a href="#[11]">GPIOA1_Handler</a>&nbsp;&nbsp;&nbsp;&rArr;&nbsp;&nbsp;&nbsp;<a href="#[11]">GPIOA1_Handler</a><BR>
 <LI><a href="#[12]">GPIOA2_Handler</a>&nbsp;&nbsp;&nbsp;&rArr;&nbsp;&nbsp;&nbsp;<a href="#[12]">GPIOA2_Handler</a><BR>
 <LI><a href="#[13]">GPIOA3_Handler</a>&nbsp;&nbsp;&nbsp;&rArr;&nbsp;&nbsp;&nbsp;<a href="#[13]">GPIOA3_Handler</a><BR>
 <LI><a href="#[14]">GPIOA4_Handler</a>&nbsp;&nbsp;&nbsp;&rArr;&nbsp;&nbsp;&nbsp;<a href="#[14]">GPIOA4_Handler</a><BR>
 <LI><a href="#[15]">GPIOA5_Handler</a>&nbsp;&nbsp;&nbsp;&rArr;&nbsp;&nbsp;&nbsp;<a href="#[15]">GPIOA5_Handler</a><BR>
 <LI><a href="#[16]">GPIOA6_Handler</a>&nbsp;&nbsp;&nbsp;&rArr;&nbsp;&nbsp;&nbsp;<a href="#[16]">GPIOA6_Handler</a><BR>
 <LI><a href="#[17]">GPIOA7_Handler</a>&nbsp;&nbsp;&nbsp;&rArr;&nbsp;&nbsp;&nbsp;<a href="#[17]">GPIOA7_Handler</a><BR>
 <LI><a href="#[18]">GPIOB0_Handler</a>&nbsp;&nbsp;&nbsp;&rArr;&nbsp;&nbsp;&nbsp;<a href="#[18]">GPIOB0_Handler</a><BR>
 <LI><a href="#[19]">GPIOB1_Handler</a>&nbsp;&nbsp;&nbsp;&rArr;&nbsp;&nbsp;&nbsp;<a href="#[19]">GPIOB1_Handler</a><BR>
 <LI><a href="#[1a]">GPIOB2_Handler</a>&nbsp;&nbsp;&nbsp;&rArr;&nbsp;&nbsp;&nbsp;<a href="#[1a]">GPIOB2_Handler</a><BR>
 <LI><a href="#[1b]">GPIOB3_Handler</a>&nbsp;&nbsp;&nbsp;&rArr;&nbsp;&nbsp;&nbsp;<a href="#[1b]">GPIOB3_Handler</a><BR>
 <LI><a href="#[1c]">GPIOB4_Handler</a>&nbsp;&nbsp;&nbsp;&rArr;&nbsp;&nbsp;&nbsp;<a href="#[1c]">GPIOB4_Handler</a><BR>
 <LI><a href="#[1d]">GPIOB5_Handler</a>&nbsp;&nbsp;&nbsp;&rArr;&nbsp;&nbsp;&nbsp;<a href="#[1d]">GPIOB5_Handler</a><BR>
 <LI><a href="#[1e]">GPIOB6_Handler</a>&nbsp;&nbsp;&nbsp;&rArr;&nbsp;&nbsp;&nbsp;<a href="#[1e]">GPIOB6_Handler</a><BR>
 <LI><a href="#[1f]">GPIOB7_Handler</a>&nbsp;&nbsp;&nbsp;&rArr;&nbsp;&nbsp;&nbsp;<a href="#[1f]">GPIOB7_Handler</a><BR>
 <LI><a href="#[20]">GPIOC0_Handler</a>&nbsp;&nbsp;&nbsp;&rArr;&nbsp;&nbsp;&nbsp;<a href="#[20]">GPIOC0_Handler</a><BR>
 <LI><a href="#[21]">GPIOC1_Handler</a>&nbsp;&nbsp;&nbsp;&rArr;&nbsp;&nbsp;&nbsp;<a href="#[21]">GPIOC1_Handler</a><BR>
 <LI><a href="#[23]">GPIOC3_Handler</a>&nbsp;&nbsp;&nbsp;&rArr;&nbsp;&nbsp;&nbsp;<a href="#[23]">GPIOC3_Handler</a><BR>
 <LI><a href="#[24]">GPIOC4_Handler</a>&nbsp;&nbsp;&nbsp;&rArr;&nbsp;&nbsp;&nbsp;<a href="#[24]">GPIOC4_Handler</a><BR>
 <LI><a href="#[25]">GPIOC5_Handler</a>&nbsp;&nbsp;&nbsp;&rArr;&nbsp;&nbsp;&nbsp;<a href="#[25]">GPIOC5_Handler</a><BR>
 <LI><a href="#[26]">GPIOC6_Handler</a>&nbsp;&nbsp;&nbsp;&rArr;&nbsp;&nbsp;&nbsp;<a href="#[26]">GPIOC6_Handler</a><BR>
 <LI><a href="#[27]">GPIOC7_Handler</a>&nbsp;&nbsp;&nbsp;&rArr;&nbsp;&nbsp;&nbsp;<a href="#[27]">GPIOC7_Handler</a><BR>
 <LI><a href="#[28]">GPIOM0_Handler</a>&nbsp;&nbsp;&nbsp;&rArr;&nbsp;&nbsp;&nbsp;<a href="#[28]">GPIOM0_Handler</a><BR>
 <LI><a href="#[29]">GPIOM1_Handler</a>&nbsp;&nbsp;&nbsp;&rArr;&nbsp;&nbsp;&nbsp;<a href="#[29]">GPIOM1_Handler</a><BR>
 <LI><a href="#[2a]">GPIOM2_Handler</a>&nbsp;&nbsp;&nbsp;&rArr;&nbsp;&nbsp;&nbsp;<a href="#[2a]">GPIOM2_Handler</a><BR>
 <LI><a href="#[2b]">GPIOM3_Handler</a>&nbsp;&nbsp;&nbsp;&rArr;&nbsp;&nbsp;&nbsp;<a href="#[2b]">GPIOM3_Handler</a><BR>
 <LI><a href="#[2c]">GPIOM4_Handler</a>&nbsp;&nbsp;&nbsp;&rArr;&nbsp;&nbsp;&nbsp;<a href="#[2c]">GPIOM4_Handler</a><BR>
 <LI><a href="#[2d]">GPIOM5_Handler</a>&nbsp;&nbsp;&nbsp;&rArr;&nbsp;&nbsp;&nbsp;<a href="#[2d]">GPIOM5_Handler</a><BR>
 <LI><a href="#[2e]">GPIOM6_Handler</a>&nbsp;&nbsp;&nbsp;&rArr;&nbsp;&nbsp;&nbsp;<a href="#[2e]">GPIOM6_Handler</a><BR>
 <LI><a href="#[2f]">GPIOM7_Handler</a>&nbsp;&nbsp;&nbsp;&rArr;&nbsp;&nbsp;&nbsp;<a href="#[2f]">GPIOM7_Handler</a><BR>
 <LI><a href="#[30]">DMA_Handler</a>&nbsp;&nbsp;&nbsp;&rArr;&nbsp;&nbsp;&nbsp;<a href="#[30]">DMA_Handler</a><BR>
 <LI><a href="#[32]">NORFLC_Handler</a>&nbsp;&nbsp;&nbsp;&rArr;&nbsp;&nbsp;&nbsp;<a href="#[32]">NORFLC_Handler</a><BR>
 <LI><a href="#[33]">CAN_Handler</a>&nbsp;&nbsp;&nbsp;&rArr;&nbsp;&nbsp;&nbsp;<a href="#[33]">CAN_Handler</a><BR>
 <LI><a href="#[34]">PULSE_Handler</a>&nbsp;&nbsp;&nbsp;&rArr;&nbsp;&nbsp;&nbsp;<a href="#[34]">PULSE_Handler</a><BR>
 <LI><a href="#[35]">WDT_Handler</a>&nbsp;&nbsp;&nbsp;&rArr;&nbsp;&nbsp;&nbsp;<a href="#[35]">WDT_Handler</a><BR>
 <LI><a href="#[36]">PWM_Handler</a>&nbsp;&nbsp;&nbsp;&rArr;&nbsp;&nbsp;&nbsp;<a href="#[36]">PWM_Handler</a><BR>
 <LI><a href="#[37]">UART0_Handler</a>&nbsp;&nbsp;&nbsp;&rArr;&nbsp;&nbsp;&nbsp;<a href="#[37]">UART0_Handler</a><BR>
 <LI><a href="#[38]">UART1_Handler</a>&nbsp;&nbsp;&nbsp;&rArr;&nbsp;&nbsp;&nbsp;<a href="#[38]">UART1_Handler</a><BR>
 <LI><a href="#[39]">UART2_Handler</a>&nbsp;&nbsp;&nbsp;&rArr;&nbsp;&nbsp;&nbsp;<a href="#[39]">UART2_Handler</a><BR>
 <LI><a href="#[3a]">UART3_Handler</a>&nbsp;&nbsp;&nbsp;&rArr;&nbsp;&nbsp;&nbsp;<a href="#[3a]">UART3_Handler</a><BR>
 <LI><a href="#[3b]">I2C0_Handler</a>&nbsp;&nbsp;&nbsp;&rArr;&nbsp;&nbsp;&nbsp;<a href="#[3b]">I2C0_Handler</a><BR>
 <LI><a href="#[3c]">I2C1_Handler</a>&nbsp;&nbsp;&nbsp;&rArr;&nbsp;&nbsp;&nbsp;<a href="#[3c]">I2C1_Handler</a><BR>
 <LI><a href="#[3d]">SPI0_Handler</a>&nbsp;&nbsp;&nbsp;&rArr;&nbsp;&nbsp;&nbsp;<a href="#[3d]">SPI0_Handler</a><BR>
 <LI><a href="#[3e]">ADC0_Handler</a>&nbsp;&nbsp;&nbsp;&rArr;&nbsp;&nbsp;&nbsp;<a href="#[3e]">ADC0_Handler</a><BR>
 <LI><a href="#[3f]">RTC_Handler</a>&nbsp;&nbsp;&nbsp;&rArr;&nbsp;&nbsp;&nbsp;<a href="#[3f]">RTC_Handler</a><BR>
 <LI><a href="#[40]">BOD_Handler</a>&nbsp;&nbsp;&nbsp;&rArr;&nbsp;&nbsp;&nbsp;<a href="#[40]">BOD_Handler</a><BR>
 <LI><a href="#[41]">SDIO_Handler</a>&nbsp;&nbsp;&nbsp;&rArr;&nbsp;&nbsp;&nbsp;<a href="#[41]">SDIO_Handler</a><BR>
 <LI><a href="#[42]">GPIOA_Handler</a>&nbsp;&nbsp;&nbsp;&rArr;&nbsp;&nbsp;&nbsp;<a href="#[42]">GPIOA_Handler</a><BR>
 <LI><a href="#[43]">GPIOB_Handler</a>&nbsp;&nbsp;&nbsp;&rArr;&nbsp;&nbsp;&nbsp;<a href="#[43]">GPIOB_Handler</a><BR>
 <LI><a href="#[44]">GPIOC_Handler</a>&nbsp;&nbsp;&nbsp;&rArr;&nbsp;&nbsp;&nbsp;<a href="#[44]">GPIOC_Handler</a><BR>
 <LI><a href="#[45]">GPIOM_Handler</a>&nbsp;&nbsp;&nbsp;&rArr;&nbsp;&nbsp;&nbsp;<a href="#[45]">GPIOM_Handler</a><BR>
 <LI><a href="#[46]">GPION_Handler</a>&nbsp;&nbsp;&nbsp;&rArr;&nbsp;&nbsp;&nbsp;<a href="#[46]">GPION_Handler</a><BR>
 <LI><a href="#[47]">GPIOP_Handler</a>&nbsp;&nbsp;&nbsp;&rArr;&nbsp;&nbsp;&nbsp;<a href="#[47]">GPIOP_Handler</a><BR>
 <LI><a href="#[48]">ADC1_Handler</a>&nbsp;&nbsp;&nbsp;&rArr;&nbsp;&nbsp;&nbsp;<a href="#[48]">ADC1_Handler</a><BR>
 <LI><a href="#[49]">FPU_Handler</a>&nbsp;&nbsp;&nbsp;&rArr;&nbsp;&nbsp;&nbsp;<a href="#[49]">FPU_Handler</a><BR>
 <LI><a href="#[4a]">SPI1_Handler</a>&nbsp;&nbsp;&nbsp;&rArr;&nbsp;&nbsp;&nbsp;<a href="#[4a]">SPI1_Handler</a><BR>
 <LI><a href="#[4b]">TIMR0_Handler</a>&nbsp;&nbsp;&nbsp;&rArr;&nbsp;&nbsp;&nbsp;<a href="#[4b]">TIMR0_Handler</a><BR>
 <LI><a href="#[4c]">TIMR1_Handler</a>&nbsp;&nbsp;&nbsp;&rArr;&nbsp;&nbsp;&nbsp;<a href="#[4c]">TIMR1_Handler</a><BR>
 <LI><a href="#[4d]">TIMR2_Handler</a>&nbsp;&nbsp;&nbsp;&rArr;&nbsp;&nbsp;&nbsp;<a href="#[4d]">TIMR2_Handler</a><BR>
 <LI><a href="#[4e]">TIMR3_Handler</a>&nbsp;&nbsp;&nbsp;&rArr;&nbsp;&nbsp;&nbsp;<a href="#[4e]">TIMR3_Handler</a><BR>
 <LI><a href="#[4f]">TIMR4_Handler</a>&nbsp;&nbsp;&nbsp;&rArr;&nbsp;&nbsp;&nbsp;<a href="#[4f]">TIMR4_Handler</a><BR>
 <LI><a href="#[50]">TIMR5_Handler</a>&nbsp;&nbsp;&nbsp;&rArr;&nbsp;&nbsp;&nbsp;<a href="#[50]">TIMR5_Handler</a><BR>
 <LI><a href="#[17a]">refresh_childen_style</a>&nbsp;&nbsp;&nbsp;&rArr;&nbsp;&nbsp;&nbsp;<a href="#[17a]">refresh_childen_style</a><BR>
 <LI><a href="#[179]">refresh_childen_position</a>&nbsp;&nbsp;&nbsp;&rArr;&nbsp;&nbsp;&nbsp;<a href="#[179]">refresh_childen_position</a><BR>
 <LI><a href="#[fa]">indev_search_obj</a>&nbsp;&nbsp;&nbsp;&rArr;&nbsp;&nbsp;&nbsp;<a href="#[fa]">indev_search_obj</a><BR>
 <LI><a href="#[188]">lv_refr_obj</a>&nbsp;&nbsp;&nbsp;&rArr;&nbsp;&nbsp;&nbsp;<a href="#[188]">lv_refr_obj</a><BR>
 <LI><a href="#[17e]">lv_refr_get_top_obj</a>&nbsp;&nbsp;&nbsp;&rArr;&nbsp;&nbsp;&nbsp;<a href="#[17e]">lv_refr_get_top_obj</a><BR>
</UL>
<P>
<H3>
Function Pointers
</H3><UL>
 <LI><a href="#[3e]">ADC0_Handler</a> from startup_swm320.o(.text) referenced from startup_swm320.o(RESET)
 <LI><a href="#[48]">ADC1_Handler</a> from startup_swm320.o(.text) referenced from startup_swm320.o(RESET)
 <LI><a href="#[40]">BOD_Handler</a> from startup_swm320.o(.text) referenced from startup_swm320.o(RESET)
 <LI><a href="#[a]">BusFault_Handler</a> from startup_swm320.o(.text) referenced from startup_swm320.o(RESET)
 <LI><a href="#[33]">CAN_Handler</a> from startup_swm320.o(.text) referenced from startup_swm320.o(RESET)
 <LI><a href="#[30]">DMA_Handler</a> from startup_swm320.o(.text) referenced from startup_swm320.o(RESET)
 <LI><a href="#[d]">DebugMon_Handler</a> from startup_swm320.o(.text) referenced from startup_swm320.o(RESET)
 <LI><a href="#[49]">FPU_Handler</a> from startup_swm320.o(.text) referenced from startup_swm320.o(RESET)
 <LI><a href="#[10]">GPIOA0_Handler</a> from startup_swm320.o(.text) referenced from startup_swm320.o(RESET)
 <LI><a href="#[11]">GPIOA1_Handler</a> from startup_swm320.o(.text) referenced from startup_swm320.o(RESET)
 <LI><a href="#[12]">GPIOA2_Handler</a> from startup_swm320.o(.text) referenced from startup_swm320.o(RESET)
 <LI><a href="#[13]">GPIOA3_Handler</a> from startup_swm320.o(.text) referenced from startup_swm320.o(RESET)
 <LI><a href="#[14]">GPIOA4_Handler</a> from startup_swm320.o(.text) referenced from startup_swm320.o(RESET)
 <LI><a href="#[15]">GPIOA5_Handler</a> from startup_swm320.o(.text) referenced from startup_swm320.o(RESET)
 <LI><a href="#[16]">GPIOA6_Handler</a> from startup_swm320.o(.text) referenced from startup_swm320.o(RESET)
 <LI><a href="#[17]">GPIOA7_Handler</a> from startup_swm320.o(.text) referenced from startup_swm320.o(RESET)
 <LI><a href="#[42]">GPIOA_Handler</a> from startup_swm320.o(.text) referenced from startup_swm320.o(RESET)
 <LI><a href="#[18]">GPIOB0_Handler</a> from startup_swm320.o(.text) referenced from startup_swm320.o(RESET)
 <LI><a href="#[19]">GPIOB1_Handler</a> from startup_swm320.o(.text) referenced from startup_swm320.o(RESET)
 <LI><a href="#[1a]">GPIOB2_Handler</a> from startup_swm320.o(.text) referenced from startup_swm320.o(RESET)
 <LI><a href="#[1b]">GPIOB3_Handler</a> from startup_swm320.o(.text) referenced from startup_swm320.o(RESET)
 <LI><a href="#[1c]">GPIOB4_Handler</a> from startup_swm320.o(.text) referenced from startup_swm320.o(RESET)
 <LI><a href="#[1d]">GPIOB5_Handler</a> from startup_swm320.o(.text) referenced from startup_swm320.o(RESET)
 <LI><a href="#[1e]">GPIOB6_Handler</a> from startup_swm320.o(.text) referenced from startup_swm320.o(RESET)
 <LI><a href="#[1f]">GPIOB7_Handler</a> from startup_swm320.o(.text) referenced from startup_swm320.o(RESET)
 <LI><a href="#[43]">GPIOB_Handler</a> from startup_swm320.o(.text) referenced from startup_swm320.o(RESET)
 <LI><a href="#[20]">GPIOC0_Handler</a> from startup_swm320.o(.text) referenced from startup_swm320.o(RESET)
 <LI><a href="#[21]">GPIOC1_Handler</a> from startup_swm320.o(.text) referenced from startup_swm320.o(RESET)
 <LI><a href="#[22]">GPIOC2_Handler</a> from main.o(i.GPIOC2_Handler) referenced from startup_swm320.o(RESET)
 <LI><a href="#[23]">GPIOC3_Handler</a> from startup_swm320.o(.text) referenced from startup_swm320.o(RESET)
 <LI><a href="#[24]">GPIOC4_Handler</a> from startup_swm320.o(.text) referenced from startup_swm320.o(RESET)
 <LI><a href="#[25]">GPIOC5_Handler</a> from startup_swm320.o(.text) referenced from startup_swm320.o(RESET)
 <LI><a href="#[26]">GPIOC6_Handler</a> from startup_swm320.o(.text) referenced from startup_swm320.o(RESET)
 <LI><a href="#[27]">GPIOC7_Handler</a> from startup_swm320.o(.text) referenced from startup_swm320.o(RESET)
 <LI><a href="#[44]">GPIOC_Handler</a> from startup_swm320.o(.text) referenced from startup_swm320.o(RESET)
 <LI><a href="#[28]">GPIOM0_Handler</a> from startup_swm320.o(.text) referenced from startup_swm320.o(RESET)
 <LI><a href="#[29]">GPIOM1_Handler</a> from startup_swm320.o(.text) referenced from startup_swm320.o(RESET)
 <LI><a href="#[2a]">GPIOM2_Handler</a> from startup_swm320.o(.text) referenced from startup_swm320.o(RESET)
 <LI><a href="#[2b]">GPIOM3_Handler</a> from startup_swm320.o(.text) referenced from startup_swm320.o(RESET)
 <LI><a href="#[2c]">GPIOM4_Handler</a> from startup_swm320.o(.text) referenced from startup_swm320.o(RESET)
 <LI><a href="#[2d]">GPIOM5_Handler</a> from startup_swm320.o(.text) referenced from startup_swm320.o(RESET)
 <LI><a href="#[2e]">GPIOM6_Handler</a> from startup_swm320.o(.text) referenced from startup_swm320.o(RESET)
 <LI><a href="#[2f]">GPIOM7_Handler</a> from startup_swm320.o(.text) referenced from startup_swm320.o(RESET)
 <LI><a href="#[45]">GPIOM_Handler</a> from startup_swm320.o(.text) referenced from startup_swm320.o(RESET)
 <LI><a href="#[46]">GPION_Handler</a> from startup_swm320.o(.text) referenced from startup_swm320.o(RESET)
 <LI><a href="#[47]">GPIOP_Handler</a> from startup_swm320.o(.text) referenced from startup_swm320.o(RESET)
 <LI><a href="#[8]">HardFault_Handler</a> from startup_swm320.o(.text) referenced from startup_swm320.o(RESET)
 <LI><a href="#[3b]">I2C0_Handler</a> from startup_swm320.o(.text) referenced from startup_swm320.o(RESET)
 <LI><a href="#[3c]">I2C1_Handler</a> from startup_swm320.o(.text) referenced from startup_swm320.o(RESET)
 <LI><a href="#[31]">LCD_Handler</a> from main.o(i.LCD_Handler) referenced from startup_swm320.o(RESET)
 <LI><a href="#[9]">MemManage_Handler</a> from startup_swm320.o(.text) referenced from startup_swm320.o(RESET)
 <LI><a href="#[7]">NMI_Handler</a> from startup_swm320.o(.text) referenced from startup_swm320.o(RESET)
 <LI><a href="#[32]">NORFLC_Handler</a> from startup_swm320.o(.text) referenced from startup_swm320.o(RESET)
 <LI><a href="#[34]">PULSE_Handler</a> from startup_swm320.o(.text) referenced from startup_swm320.o(RESET)
 <LI><a href="#[36]">PWM_Handler</a> from startup_swm320.o(.text) referenced from startup_swm320.o(RESET)
 <LI><a href="#[e]">PendSV_Handler</a> from startup_swm320.o(.text) referenced from startup_swm320.o(RESET)
 <LI><a href="#[3f]">RTC_Handler</a> from startup_swm320.o(.text) referenced from startup_swm320.o(RESET)
 <LI><a href="#[6]">Reset_Handler</a> from startup_swm320.o(.text) referenced from startup_swm320.o(RESET)
 <LI><a href="#[41]">SDIO_Handler</a> from startup_swm320.o(.text) referenced from startup_swm320.o(RESET)
 <LI><a href="#[3d]">SPI0_Handler</a> from startup_swm320.o(.text) referenced from startup_swm320.o(RESET)
 <LI><a href="#[4a]">SPI1_Handler</a> from startup_swm320.o(.text) referenced from startup_swm320.o(RESET)
 <LI><a href="#[c]">SVC_Handler</a> from startup_swm320.o(.text) referenced from startup_swm320.o(RESET)
 <LI><a href="#[f]">SysTick_Handler</a> from bsp_systick.o(i.SysTick_Handler) referenced from startup_swm320.o(RESET)
 <LI><a href="#[4b]">TIMR0_Handler</a> from startup_swm320.o(.text) referenced from startup_swm320.o(RESET)
 <LI><a href="#[4c]">TIMR1_Handler</a> from startup_swm320.o(.text) referenced from startup_swm320.o(RESET)
 <LI><a href="#[4d]">TIMR2_Handler</a> from startup_swm320.o(.text) referenced from startup_swm320.o(RESET)
 <LI><a href="#[4e]">TIMR3_Handler</a> from startup_swm320.o(.text) referenced from startup_swm320.o(RESET)
 <LI><a href="#[4f]">TIMR4_Handler</a> from startup_swm320.o(.text) referenced from startup_swm320.o(RESET)
 <LI><a href="#[50]">TIMR5_Handler</a> from startup_swm320.o(.text) referenced from startup_swm320.o(RESET)
 <LI><a href="#[37]">UART0_Handler</a> from startup_swm320.o(.text) referenced from startup_swm320.o(RESET)
 <LI><a href="#[38]">UART1_Handler</a> from startup_swm320.o(.text) referenced from startup_swm320.o(RESET)
 <LI><a href="#[39]">UART2_Handler</a> from startup_swm320.o(.text) referenced from startup_swm320.o(RESET)
 <LI><a href="#[3a]">UART3_Handler</a> from startup_swm320.o(.text) referenced from startup_swm320.o(RESET)
 <LI><a href="#[b]">UsageFault_Handler</a> from startup_swm320.o(.text) referenced from startup_swm320.o(RESET)
 <LI><a href="#[35]">WDT_Handler</a> from startup_swm320.o(.text) referenced from startup_swm320.o(RESET)
 <LI><a href="#[52]">__main</a> from entry.o(.ARM.Collect$$$$00000000) referenced from startup_swm320.o(.text)
 <LI><a href="#[53]">fputc</a> from bsp_uart.o(i.fputc) referenced from printfa.o(i.__0printf)
 <LI><a href="#[58]">indev_proc_task</a> from lv_indev.o(i.indev_proc_task) referenced from lv_indev.o(i.lv_indev_init)
 <LI><a href="#[55]">lv_bar_design</a> from lv_bar.o(i.lv_bar_design) referenced from lv_bar.o(i.lv_bar_create)
 <LI><a href="#[54]">lv_bar_signal</a> from lv_bar.o(i.lv_bar_signal) referenced from lv_bar.o(i.lv_bar_create)
 <LI><a href="#[4]">lv_font_get_bitmap_continuous</a> from lv_font.o(i.lv_font_get_bitmap_continuous) referenced 4 times from lv_font_dejavu_20.o(.data)
 <LI><a href="#[5]">lv_font_get_width_continuous</a> from lv_font.o(i.lv_font_get_width_continuous) referenced 4 times from lv_font_dejavu_20.o(.data)
 <LI><a href="#[57]">lv_img_design</a> from lv_img.o(i.lv_img_design) referenced from lv_img.o(i.lv_img_create)
 <LI><a href="#[56]">lv_img_signal</a> from lv_img.o(i.lv_img_signal) referenced from lv_img.o(i.lv_img_create)
 <LI><a href="#[59]">lv_label_design</a> from lv_label.o(i.lv_label_design) referenced from lv_label.o(i.lv_label_create)
 <LI><a href="#[5a]">lv_label_signal</a> from lv_label.o(i.lv_label_signal) referenced from lv_label.o(i.lv_label_create)
 <LI><a href="#[5c]">lv_obj_design</a> from lv_obj.o(i.lv_obj_design) referenced from lv_obj.o(i.lv_obj_create)
 <LI><a href="#[5b]">lv_obj_signal</a> from lv_obj.o(i.lv_obj_signal) referenced from lv_obj.o(i.lv_obj_create)
 <LI><a href="#[5d]">lv_refr_task</a> from lv_refr.o(i.lv_refr_task) referenced from lv_refr.o(i.lv_refr_init)
 <LI><a href="#[1]">lv_vfill</a> from lv_draw_vbasic.o(i.lv_vfill) referenced 2 times from lv_draw.o(.data)
 <LI><a href="#[2]">lv_vletter</a> from lv_draw_vbasic.o(i.lv_vletter) referenced 2 times from lv_draw.o(.data)
 <LI><a href="#[3]">lv_vmap</a> from lv_draw_vbasic.o(i.lv_vmap) referenced 2 times from lv_draw.o(.data)
 <LI><a href="#[0]">lv_vpx</a> from lv_draw_vbasic.o(i.lv_vpx) referenced 2 times from lv_draw.o(.data)
 <LI><a href="#[51]">main</a> from main.o(i.main) referenced from entry9a.o(.ARM.Collect$$$$0000000B)
 <LI><a href="#[5e]">tft_fill</a> from tft.o(i.tft_fill) referenced from tft.o(i.tft_init)
 <LI><a href="#[60]">tft_flush</a> from tft.o(i.tft_flush) referenced from tft.o(i.tft_init)
 <LI><a href="#[5f]">tft_map</a> from tft.o(i.tft_map) referenced from tft.o(i.tft_init)
</UL>
<P>
<H3>
Global Symbols
</H3>
<P><STRONG><a name="[52]"></a>__main</STRONG> (Thumb, 0 bytes, Stack size unknown bytes, entry.o(.ARM.Collect$$$$00000000))
<BR>[Address Reference Count : 1]<UL><LI> startup_swm320.o(.text)
</UL>
<P><STRONG><a name="[1a8]"></a>_main_stk</STRONG> (Thumb, 0 bytes, Stack size unknown bytes, entry2.o(.ARM.Collect$$$$00000001))

<P><STRONG><a name="[61]"></a>_main_scatterload</STRONG> (Thumb, 0 bytes, Stack size unknown bytes, entry5.o(.ARM.Collect$$$$00000004))
<BR><BR>[Calls]<UL><LI><a href="#[62]">&gt;&gt;</a>&nbsp;&nbsp;&nbsp;__scatterload
</UL>

<P><STRONG><a name="[72]"></a>__main_after_scatterload</STRONG> (Thumb, 0 bytes, Stack size unknown bytes, entry5.o(.ARM.Collect$$$$00000004))
<BR><BR>[Called By]<UL><LI><a href="#[62]">&gt;&gt;</a>&nbsp;&nbsp;&nbsp;__scatterload
</UL>

<P><STRONG><a name="[1a9]"></a>_main_clock</STRONG> (Thumb, 0 bytes, Stack size unknown bytes, entry7b.o(.ARM.Collect$$$$00000008))

<P><STRONG><a name="[1aa]"></a>_main_cpp_init</STRONG> (Thumb, 0 bytes, Stack size unknown bytes, entry8b.o(.ARM.Collect$$$$0000000A))

<P><STRONG><a name="[1ab]"></a>_main_init</STRONG> (Thumb, 0 bytes, Stack size unknown bytes, entry9a.o(.ARM.Collect$$$$0000000B))

<P><STRONG><a name="[1ac]"></a>__rt_final_cpp</STRONG> (Thumb, 0 bytes, Stack size unknown bytes, entry10a.o(.ARM.Collect$$$$0000000D))

<P><STRONG><a name="[1ad]"></a>__rt_final_exit</STRONG> (Thumb, 0 bytes, Stack size unknown bytes, entry11a.o(.ARM.Collect$$$$0000000F))

<P><STRONG><a name="[6]"></a>Reset_Handler</STRONG> (Thumb, 4 bytes, Stack size 0 bytes, startup_swm320.o(.text))
<BR>[Address Reference Count : 1]<UL><LI> startup_swm320.o(RESET)
</UL>
<P><STRONG><a name="[7]"></a>NMI_Handler</STRONG> (Thumb, 2 bytes, Stack size 0 bytes, startup_swm320.o(.text))
<BR><BR>[Calls]<UL><LI><a href="#[7]">&gt;&gt;</a>&nbsp;&nbsp;&nbsp;NMI_Handler
</UL>
<BR>[Called By]<UL><LI><a href="#[7]">&gt;&gt;</a>&nbsp;&nbsp;&nbsp;NMI_Handler
</UL>
<BR>[Address Reference Count : 1]<UL><LI> startup_swm320.o(RESET)
</UL>
<P><STRONG><a name="[8]"></a>HardFault_Handler</STRONG> (Thumb, 2 bytes, Stack size 0 bytes, startup_swm320.o(.text))
<BR><BR>[Calls]<UL><LI><a href="#[8]">&gt;&gt;</a>&nbsp;&nbsp;&nbsp;HardFault_Handler
</UL>
<BR>[Called By]<UL><LI><a href="#[8]">&gt;&gt;</a>&nbsp;&nbsp;&nbsp;HardFault_Handler
</UL>
<BR>[Address Reference Count : 1]<UL><LI> startup_swm320.o(RESET)
</UL>
<P><STRONG><a name="[9]"></a>MemManage_Handler</STRONG> (Thumb, 2 bytes, Stack size 0 bytes, startup_swm320.o(.text))
<BR><BR>[Calls]<UL><LI><a href="#[9]">&gt;&gt;</a>&nbsp;&nbsp;&nbsp;MemManage_Handler
</UL>
<BR>[Called By]<UL><LI><a href="#[9]">&gt;&gt;</a>&nbsp;&nbsp;&nbsp;MemManage_Handler
</UL>
<BR>[Address Reference Count : 1]<UL><LI> startup_swm320.o(RESET)
</UL>
<P><STRONG><a name="[a]"></a>BusFault_Handler</STRONG> (Thumb, 2 bytes, Stack size 0 bytes, startup_swm320.o(.text))
<BR><BR>[Calls]<UL><LI><a href="#[a]">&gt;&gt;</a>&nbsp;&nbsp;&nbsp;BusFault_Handler
</UL>
<BR>[Called By]<UL><LI><a href="#[a]">&gt;&gt;</a>&nbsp;&nbsp;&nbsp;BusFault_Handler
</UL>
<BR>[Address Reference Count : 1]<UL><LI> startup_swm320.o(RESET)
</UL>
<P><STRONG><a name="[b]"></a>UsageFault_Handler</STRONG> (Thumb, 2 bytes, Stack size 0 bytes, startup_swm320.o(.text))
<BR><BR>[Calls]<UL><LI><a href="#[b]">&gt;&gt;</a>&nbsp;&nbsp;&nbsp;UsageFault_Handler
</UL>
<BR>[Called By]<UL><LI><a href="#[b]">&gt;&gt;</a>&nbsp;&nbsp;&nbsp;UsageFault_Handler
</UL>
<BR>[Address Reference Count : 1]<UL><LI> startup_swm320.o(RESET)
</UL>
<P><STRONG><a name="[c]"></a>SVC_Handler</STRONG> (Thumb, 2 bytes, Stack size 0 bytes, startup_swm320.o(.text))
<BR><BR>[Calls]<UL><LI><a href="#[c]">&gt;&gt;</a>&nbsp;&nbsp;&nbsp;SVC_Handler
</UL>
<BR>[Called By]<UL><LI><a href="#[c]">&gt;&gt;</a>&nbsp;&nbsp;&nbsp;SVC_Handler
</UL>
<BR>[Address Reference Count : 1]<UL><LI> startup_swm320.o(RESET)
</UL>
<P><STRONG><a name="[d]"></a>DebugMon_Handler</STRONG> (Thumb, 2 bytes, Stack size 0 bytes, startup_swm320.o(.text))
<BR><BR>[Calls]<UL><LI><a href="#[d]">&gt;&gt;</a>&nbsp;&nbsp;&nbsp;DebugMon_Handler
</UL>
<BR>[Called By]<UL><LI><a href="#[d]">&gt;&gt;</a>&nbsp;&nbsp;&nbsp;DebugMon_Handler
</UL>
<BR>[Address Reference Count : 1]<UL><LI> startup_swm320.o(RESET)
</UL>
<P><STRONG><a name="[e]"></a>PendSV_Handler</STRONG> (Thumb, 2 bytes, Stack size 0 bytes, startup_swm320.o(.text))
<BR><BR>[Calls]<UL><LI><a href="#[e]">&gt;&gt;</a>&nbsp;&nbsp;&nbsp;PendSV_Handler
</UL>
<BR>[Called By]<UL><LI><a href="#[e]">&gt;&gt;</a>&nbsp;&nbsp;&nbsp;PendSV_Handler
</UL>
<BR>[Address Reference Count : 1]<UL><LI> startup_swm320.o(RESET)
</UL>
<P><STRONG><a name="[10]"></a>GPIOA0_Handler</STRONG> (Thumb, 2 bytes, Stack size 0 bytes, startup_swm320.o(.text))
<BR><BR>[Calls]<UL><LI><a href="#[10]">&gt;&gt;</a>&nbsp;&nbsp;&nbsp;GPIOA0_Handler
</UL>
<BR>[Called By]<UL><LI><a href="#[10]">&gt;&gt;</a>&nbsp;&nbsp;&nbsp;GPIOA0_Handler
</UL>
<BR>[Address Reference Count : 1]<UL><LI> startup_swm320.o(RESET)
</UL>
<P><STRONG><a name="[11]"></a>GPIOA1_Handler</STRONG> (Thumb, 2 bytes, Stack size 0 bytes, startup_swm320.o(.text))
<BR><BR>[Calls]<UL><LI><a href="#[11]">&gt;&gt;</a>&nbsp;&nbsp;&nbsp;GPIOA1_Handler
</UL>
<BR>[Called By]<UL><LI><a href="#[11]">&gt;&gt;</a>&nbsp;&nbsp;&nbsp;GPIOA1_Handler
</UL>
<BR>[Address Reference Count : 1]<UL><LI> startup_swm320.o(RESET)
</UL>
<P><STRONG><a name="[12]"></a>GPIOA2_Handler</STRONG> (Thumb, 2 bytes, Stack size 0 bytes, startup_swm320.o(.text))
<BR><BR>[Calls]<UL><LI><a href="#[12]">&gt;&gt;</a>&nbsp;&nbsp;&nbsp;GPIOA2_Handler
</UL>
<BR>[Called By]<UL><LI><a href="#[12]">&gt;&gt;</a>&nbsp;&nbsp;&nbsp;GPIOA2_Handler
</UL>
<BR>[Address Reference Count : 1]<UL><LI> startup_swm320.o(RESET)
</UL>
<P><STRONG><a name="[13]"></a>GPIOA3_Handler</STRONG> (Thumb, 2 bytes, Stack size 0 bytes, startup_swm320.o(.text))
<BR><BR>[Calls]<UL><LI><a href="#[13]">&gt;&gt;</a>&nbsp;&nbsp;&nbsp;GPIOA3_Handler
</UL>
<BR>[Called By]<UL><LI><a href="#[13]">&gt;&gt;</a>&nbsp;&nbsp;&nbsp;GPIOA3_Handler
</UL>
<BR>[Address Reference Count : 1]<UL><LI> startup_swm320.o(RESET)
</UL>
<P><STRONG><a name="[14]"></a>GPIOA4_Handler</STRONG> (Thumb, 2 bytes, Stack size 0 bytes, startup_swm320.o(.text))
<BR><BR>[Calls]<UL><LI><a href="#[14]">&gt;&gt;</a>&nbsp;&nbsp;&nbsp;GPIOA4_Handler
</UL>
<BR>[Called By]<UL><LI><a href="#[14]">&gt;&gt;</a>&nbsp;&nbsp;&nbsp;GPIOA4_Handler
</UL>
<BR>[Address Reference Count : 1]<UL><LI> startup_swm320.o(RESET)
</UL>
<P><STRONG><a name="[15]"></a>GPIOA5_Handler</STRONG> (Thumb, 2 bytes, Stack size 0 bytes, startup_swm320.o(.text))
<BR><BR>[Calls]<UL><LI><a href="#[15]">&gt;&gt;</a>&nbsp;&nbsp;&nbsp;GPIOA5_Handler
</UL>
<BR>[Called By]<UL><LI><a href="#[15]">&gt;&gt;</a>&nbsp;&nbsp;&nbsp;GPIOA5_Handler
</UL>
<BR>[Address Reference Count : 1]<UL><LI> startup_swm320.o(RESET)
</UL>
<P><STRONG><a name="[16]"></a>GPIOA6_Handler</STRONG> (Thumb, 2 bytes, Stack size 0 bytes, startup_swm320.o(.text))
<BR><BR>[Calls]<UL><LI><a href="#[16]">&gt;&gt;</a>&nbsp;&nbsp;&nbsp;GPIOA6_Handler
</UL>
<BR>[Called By]<UL><LI><a href="#[16]">&gt;&gt;</a>&nbsp;&nbsp;&nbsp;GPIOA6_Handler
</UL>
<BR>[Address Reference Count : 1]<UL><LI> startup_swm320.o(RESET)
</UL>
<P><STRONG><a name="[17]"></a>GPIOA7_Handler</STRONG> (Thumb, 2 bytes, Stack size 0 bytes, startup_swm320.o(.text))
<BR><BR>[Calls]<UL><LI><a href="#[17]">&gt;&gt;</a>&nbsp;&nbsp;&nbsp;GPIOA7_Handler
</UL>
<BR>[Called By]<UL><LI><a href="#[17]">&gt;&gt;</a>&nbsp;&nbsp;&nbsp;GPIOA7_Handler
</UL>
<BR>[Address Reference Count : 1]<UL><LI> startup_swm320.o(RESET)
</UL>
<P><STRONG><a name="[18]"></a>GPIOB0_Handler</STRONG> (Thumb, 2 bytes, Stack size 0 bytes, startup_swm320.o(.text))
<BR><BR>[Calls]<UL><LI><a href="#[18]">&gt;&gt;</a>&nbsp;&nbsp;&nbsp;GPIOB0_Handler
</UL>
<BR>[Called By]<UL><LI><a href="#[18]">&gt;&gt;</a>&nbsp;&nbsp;&nbsp;GPIOB0_Handler
</UL>
<BR>[Address Reference Count : 1]<UL><LI> startup_swm320.o(RESET)
</UL>
<P><STRONG><a name="[19]"></a>GPIOB1_Handler</STRONG> (Thumb, 2 bytes, Stack size 0 bytes, startup_swm320.o(.text))
<BR><BR>[Calls]<UL><LI><a href="#[19]">&gt;&gt;</a>&nbsp;&nbsp;&nbsp;GPIOB1_Handler
</UL>
<BR>[Called By]<UL><LI><a href="#[19]">&gt;&gt;</a>&nbsp;&nbsp;&nbsp;GPIOB1_Handler
</UL>
<BR>[Address Reference Count : 1]<UL><LI> startup_swm320.o(RESET)
</UL>
<P><STRONG><a name="[1a]"></a>GPIOB2_Handler</STRONG> (Thumb, 2 bytes, Stack size 0 bytes, startup_swm320.o(.text))
<BR><BR>[Calls]<UL><LI><a href="#[1a]">&gt;&gt;</a>&nbsp;&nbsp;&nbsp;GPIOB2_Handler
</UL>
<BR>[Called By]<UL><LI><a href="#[1a]">&gt;&gt;</a>&nbsp;&nbsp;&nbsp;GPIOB2_Handler
</UL>
<BR>[Address Reference Count : 1]<UL><LI> startup_swm320.o(RESET)
</UL>
<P><STRONG><a name="[1b]"></a>GPIOB3_Handler</STRONG> (Thumb, 2 bytes, Stack size 0 bytes, startup_swm320.o(.text))
<BR><BR>[Calls]<UL><LI><a href="#[1b]">&gt;&gt;</a>&nbsp;&nbsp;&nbsp;GPIOB3_Handler
</UL>
<BR>[Called By]<UL><LI><a href="#[1b]">&gt;&gt;</a>&nbsp;&nbsp;&nbsp;GPIOB3_Handler
</UL>
<BR>[Address Reference Count : 1]<UL><LI> startup_swm320.o(RESET)
</UL>
<P><STRONG><a name="[1c]"></a>GPIOB4_Handler</STRONG> (Thumb, 2 bytes, Stack size 0 bytes, startup_swm320.o(.text))
<BR><BR>[Calls]<UL><LI><a href="#[1c]">&gt;&gt;</a>&nbsp;&nbsp;&nbsp;GPIOB4_Handler
</UL>
<BR>[Called By]<UL><LI><a href="#[1c]">&gt;&gt;</a>&nbsp;&nbsp;&nbsp;GPIOB4_Handler
</UL>
<BR>[Address Reference Count : 1]<UL><LI> startup_swm320.o(RESET)
</UL>
<P><STRONG><a name="[1d]"></a>GPIOB5_Handler</STRONG> (Thumb, 2 bytes, Stack size 0 bytes, startup_swm320.o(.text))
<BR><BR>[Calls]<UL><LI><a href="#[1d]">&gt;&gt;</a>&nbsp;&nbsp;&nbsp;GPIOB5_Handler
</UL>
<BR>[Called By]<UL><LI><a href="#[1d]">&gt;&gt;</a>&nbsp;&nbsp;&nbsp;GPIOB5_Handler
</UL>
<BR>[Address Reference Count : 1]<UL><LI> startup_swm320.o(RESET)
</UL>
<P><STRONG><a name="[1e]"></a>GPIOB6_Handler</STRONG> (Thumb, 2 bytes, Stack size 0 bytes, startup_swm320.o(.text))
<BR><BR>[Calls]<UL><LI><a href="#[1e]">&gt;&gt;</a>&nbsp;&nbsp;&nbsp;GPIOB6_Handler
</UL>
<BR>[Called By]<UL><LI><a href="#[1e]">&gt;&gt;</a>&nbsp;&nbsp;&nbsp;GPIOB6_Handler
</UL>
<BR>[Address Reference Count : 1]<UL><LI> startup_swm320.o(RESET)
</UL>
<P><STRONG><a name="[1f]"></a>GPIOB7_Handler</STRONG> (Thumb, 2 bytes, Stack size 0 bytes, startup_swm320.o(.text))
<BR><BR>[Calls]<UL><LI><a href="#[1f]">&gt;&gt;</a>&nbsp;&nbsp;&nbsp;GPIOB7_Handler
</UL>
<BR>[Called By]<UL><LI><a href="#[1f]">&gt;&gt;</a>&nbsp;&nbsp;&nbsp;GPIOB7_Handler
</UL>
<BR>[Address Reference Count : 1]<UL><LI> startup_swm320.o(RESET)
</UL>
<P><STRONG><a name="[20]"></a>GPIOC0_Handler</STRONG> (Thumb, 2 bytes, Stack size 0 bytes, startup_swm320.o(.text))
<BR><BR>[Calls]<UL><LI><a href="#[20]">&gt;&gt;</a>&nbsp;&nbsp;&nbsp;GPIOC0_Handler
</UL>
<BR>[Called By]<UL><LI><a href="#[20]">&gt;&gt;</a>&nbsp;&nbsp;&nbsp;GPIOC0_Handler
</UL>
<BR>[Address Reference Count : 1]<UL><LI> startup_swm320.o(RESET)
</UL>
<P><STRONG><a name="[21]"></a>GPIOC1_Handler</STRONG> (Thumb, 2 bytes, Stack size 0 bytes, startup_swm320.o(.text))
<BR><BR>[Calls]<UL><LI><a href="#[21]">&gt;&gt;</a>&nbsp;&nbsp;&nbsp;GPIOC1_Handler
</UL>
<BR>[Called By]<UL><LI><a href="#[21]">&gt;&gt;</a>&nbsp;&nbsp;&nbsp;GPIOC1_Handler
</UL>
<BR>[Address Reference Count : 1]<UL><LI> startup_swm320.o(RESET)
</UL>
<P><STRONG><a name="[23]"></a>GPIOC3_Handler</STRONG> (Thumb, 2 bytes, Stack size 0 bytes, startup_swm320.o(.text))
<BR><BR>[Calls]<UL><LI><a href="#[23]">&gt;&gt;</a>&nbsp;&nbsp;&nbsp;GPIOC3_Handler
</UL>
<BR>[Called By]<UL><LI><a href="#[23]">&gt;&gt;</a>&nbsp;&nbsp;&nbsp;GPIOC3_Handler
</UL>
<BR>[Address Reference Count : 1]<UL><LI> startup_swm320.o(RESET)
</UL>
<P><STRONG><a name="[24]"></a>GPIOC4_Handler</STRONG> (Thumb, 2 bytes, Stack size 0 bytes, startup_swm320.o(.text))
<BR><BR>[Calls]<UL><LI><a href="#[24]">&gt;&gt;</a>&nbsp;&nbsp;&nbsp;GPIOC4_Handler
</UL>
<BR>[Called By]<UL><LI><a href="#[24]">&gt;&gt;</a>&nbsp;&nbsp;&nbsp;GPIOC4_Handler
</UL>
<BR>[Address Reference Count : 1]<UL><LI> startup_swm320.o(RESET)
</UL>
<P><STRONG><a name="[25]"></a>GPIOC5_Handler</STRONG> (Thumb, 2 bytes, Stack size 0 bytes, startup_swm320.o(.text))
<BR><BR>[Calls]<UL><LI><a href="#[25]">&gt;&gt;</a>&nbsp;&nbsp;&nbsp;GPIOC5_Handler
</UL>
<BR>[Called By]<UL><LI><a href="#[25]">&gt;&gt;</a>&nbsp;&nbsp;&nbsp;GPIOC5_Handler
</UL>
<BR>[Address Reference Count : 1]<UL><LI> startup_swm320.o(RESET)
</UL>
<P><STRONG><a name="[26]"></a>GPIOC6_Handler</STRONG> (Thumb, 2 bytes, Stack size 0 bytes, startup_swm320.o(.text))
<BR><BR>[Calls]<UL><LI><a href="#[26]">&gt;&gt;</a>&nbsp;&nbsp;&nbsp;GPIOC6_Handler
</UL>
<BR>[Called By]<UL><LI><a href="#[26]">&gt;&gt;</a>&nbsp;&nbsp;&nbsp;GPIOC6_Handler
</UL>
<BR>[Address Reference Count : 1]<UL><LI> startup_swm320.o(RESET)
</UL>
<P><STRONG><a name="[27]"></a>GPIOC7_Handler</STRONG> (Thumb, 2 bytes, Stack size 0 bytes, startup_swm320.o(.text))
<BR><BR>[Calls]<UL><LI><a href="#[27]">&gt;&gt;</a>&nbsp;&nbsp;&nbsp;GPIOC7_Handler
</UL>
<BR>[Called By]<UL><LI><a href="#[27]">&gt;&gt;</a>&nbsp;&nbsp;&nbsp;GPIOC7_Handler
</UL>
<BR>[Address Reference Count : 1]<UL><LI> startup_swm320.o(RESET)
</UL>
<P><STRONG><a name="[28]"></a>GPIOM0_Handler</STRONG> (Thumb, 2 bytes, Stack size 0 bytes, startup_swm320.o(.text))
<BR><BR>[Calls]<UL><LI><a href="#[28]">&gt;&gt;</a>&nbsp;&nbsp;&nbsp;GPIOM0_Handler
</UL>
<BR>[Called By]<UL><LI><a href="#[28]">&gt;&gt;</a>&nbsp;&nbsp;&nbsp;GPIOM0_Handler
</UL>
<BR>[Address Reference Count : 1]<UL><LI> startup_swm320.o(RESET)
</UL>
<P><STRONG><a name="[29]"></a>GPIOM1_Handler</STRONG> (Thumb, 2 bytes, Stack size 0 bytes, startup_swm320.o(.text))
<BR><BR>[Calls]<UL><LI><a href="#[29]">&gt;&gt;</a>&nbsp;&nbsp;&nbsp;GPIOM1_Handler
</UL>
<BR>[Called By]<UL><LI><a href="#[29]">&gt;&gt;</a>&nbsp;&nbsp;&nbsp;GPIOM1_Handler
</UL>
<BR>[Address Reference Count : 1]<UL><LI> startup_swm320.o(RESET)
</UL>
<P><STRONG><a name="[2a]"></a>GPIOM2_Handler</STRONG> (Thumb, 2 bytes, Stack size 0 bytes, startup_swm320.o(.text))
<BR><BR>[Calls]<UL><LI><a href="#[2a]">&gt;&gt;</a>&nbsp;&nbsp;&nbsp;GPIOM2_Handler
</UL>
<BR>[Called By]<UL><LI><a href="#[2a]">&gt;&gt;</a>&nbsp;&nbsp;&nbsp;GPIOM2_Handler
</UL>
<BR>[Address Reference Count : 1]<UL><LI> startup_swm320.o(RESET)
</UL>
<P><STRONG><a name="[2b]"></a>GPIOM3_Handler</STRONG> (Thumb, 2 bytes, Stack size 0 bytes, startup_swm320.o(.text))
<BR><BR>[Calls]<UL><LI><a href="#[2b]">&gt;&gt;</a>&nbsp;&nbsp;&nbsp;GPIOM3_Handler
</UL>
<BR>[Called By]<UL><LI><a href="#[2b]">&gt;&gt;</a>&nbsp;&nbsp;&nbsp;GPIOM3_Handler
</UL>
<BR>[Address Reference Count : 1]<UL><LI> startup_swm320.o(RESET)
</UL>
<P><STRONG><a name="[2c]"></a>GPIOM4_Handler</STRONG> (Thumb, 2 bytes, Stack size 0 bytes, startup_swm320.o(.text))
<BR><BR>[Calls]<UL><LI><a href="#[2c]">&gt;&gt;</a>&nbsp;&nbsp;&nbsp;GPIOM4_Handler
</UL>
<BR>[Called By]<UL><LI><a href="#[2c]">&gt;&gt;</a>&nbsp;&nbsp;&nbsp;GPIOM4_Handler
</UL>
<BR>[Address Reference Count : 1]<UL><LI> startup_swm320.o(RESET)
</UL>
<P><STRONG><a name="[2d]"></a>GPIOM5_Handler</STRONG> (Thumb, 2 bytes, Stack size 0 bytes, startup_swm320.o(.text))
<BR><BR>[Calls]<UL><LI><a href="#[2d]">&gt;&gt;</a>&nbsp;&nbsp;&nbsp;GPIOM5_Handler
</UL>
<BR>[Called By]<UL><LI><a href="#[2d]">&gt;&gt;</a>&nbsp;&nbsp;&nbsp;GPIOM5_Handler
</UL>
<BR>[Address Reference Count : 1]<UL><LI> startup_swm320.o(RESET)
</UL>
<P><STRONG><a name="[2e]"></a>GPIOM6_Handler</STRONG> (Thumb, 2 bytes, Stack size 0 bytes, startup_swm320.o(.text))
<BR><BR>[Calls]<UL><LI><a href="#[2e]">&gt;&gt;</a>&nbsp;&nbsp;&nbsp;GPIOM6_Handler
</UL>
<BR>[Called By]<UL><LI><a href="#[2e]">&gt;&gt;</a>&nbsp;&nbsp;&nbsp;GPIOM6_Handler
</UL>
<BR>[Address Reference Count : 1]<UL><LI> startup_swm320.o(RESET)
</UL>
<P><STRONG><a name="[2f]"></a>GPIOM7_Handler</STRONG> (Thumb, 2 bytes, Stack size 0 bytes, startup_swm320.o(.text))
<BR><BR>[Calls]<UL><LI><a href="#[2f]">&gt;&gt;</a>&nbsp;&nbsp;&nbsp;GPIOM7_Handler
</UL>
<BR>[Called By]<UL><LI><a href="#[2f]">&gt;&gt;</a>&nbsp;&nbsp;&nbsp;GPIOM7_Handler
</UL>
<BR>[Address Reference Count : 1]<UL><LI> startup_swm320.o(RESET)
</UL>
<P><STRONG><a name="[30]"></a>DMA_Handler</STRONG> (Thumb, 2 bytes, Stack size 0 bytes, startup_swm320.o(.text))
<BR><BR>[Calls]<UL><LI><a href="#[30]">&gt;&gt;</a>&nbsp;&nbsp;&nbsp;DMA_Handler
</UL>
<BR>[Called By]<UL><LI><a href="#[30]">&gt;&gt;</a>&nbsp;&nbsp;&nbsp;DMA_Handler
</UL>
<BR>[Address Reference Count : 1]<UL><LI> startup_swm320.o(RESET)
</UL>
<P><STRONG><a name="[32]"></a>NORFLC_Handler</STRONG> (Thumb, 2 bytes, Stack size 0 bytes, startup_swm320.o(.text))
<BR><BR>[Calls]<UL><LI><a href="#[32]">&gt;&gt;</a>&nbsp;&nbsp;&nbsp;NORFLC_Handler
</UL>
<BR>[Called By]<UL><LI><a href="#[32]">&gt;&gt;</a>&nbsp;&nbsp;&nbsp;NORFLC_Handler
</UL>
<BR>[Address Reference Count : 1]<UL><LI> startup_swm320.o(RESET)
</UL>
<P><STRONG><a name="[33]"></a>CAN_Handler</STRONG> (Thumb, 2 bytes, Stack size 0 bytes, startup_swm320.o(.text))
<BR><BR>[Calls]<UL><LI><a href="#[33]">&gt;&gt;</a>&nbsp;&nbsp;&nbsp;CAN_Handler
</UL>
<BR>[Called By]<UL><LI><a href="#[33]">&gt;&gt;</a>&nbsp;&nbsp;&nbsp;CAN_Handler
</UL>
<BR>[Address Reference Count : 1]<UL><LI> startup_swm320.o(RESET)
</UL>
<P><STRONG><a name="[34]"></a>PULSE_Handler</STRONG> (Thumb, 2 bytes, Stack size 0 bytes, startup_swm320.o(.text))
<BR><BR>[Calls]<UL><LI><a href="#[34]">&gt;&gt;</a>&nbsp;&nbsp;&nbsp;PULSE_Handler
</UL>
<BR>[Called By]<UL><LI><a href="#[34]">&gt;&gt;</a>&nbsp;&nbsp;&nbsp;PULSE_Handler
</UL>
<BR>[Address Reference Count : 1]<UL><LI> startup_swm320.o(RESET)
</UL>
<P><STRONG><a name="[35]"></a>WDT_Handler</STRONG> (Thumb, 2 bytes, Stack size 0 bytes, startup_swm320.o(.text))
<BR><BR>[Calls]<UL><LI><a href="#[35]">&gt;&gt;</a>&nbsp;&nbsp;&nbsp;WDT_Handler
</UL>
<BR>[Called By]<UL><LI><a href="#[35]">&gt;&gt;</a>&nbsp;&nbsp;&nbsp;WDT_Handler
</UL>
<BR>[Address Reference Count : 1]<UL><LI> startup_swm320.o(RESET)
</UL>
<P><STRONG><a name="[36]"></a>PWM_Handler</STRONG> (Thumb, 2 bytes, Stack size 0 bytes, startup_swm320.o(.text))
<BR><BR>[Calls]<UL><LI><a href="#[36]">&gt;&gt;</a>&nbsp;&nbsp;&nbsp;PWM_Handler
</UL>
<BR>[Called By]<UL><LI><a href="#[36]">&gt;&gt;</a>&nbsp;&nbsp;&nbsp;PWM_Handler
</UL>
<BR>[Address Reference Count : 1]<UL><LI> startup_swm320.o(RESET)
</UL>
<P><STRONG><a name="[37]"></a>UART0_Handler</STRONG> (Thumb, 2 bytes, Stack size 0 bytes, startup_swm320.o(.text))
<BR><BR>[Calls]<UL><LI><a href="#[37]">&gt;&gt;</a>&nbsp;&nbsp;&nbsp;UART0_Handler
</UL>
<BR>[Called By]<UL><LI><a href="#[37]">&gt;&gt;</a>&nbsp;&nbsp;&nbsp;UART0_Handler
</UL>
<BR>[Address Reference Count : 1]<UL><LI> startup_swm320.o(RESET)
</UL>
<P><STRONG><a name="[38]"></a>UART1_Handler</STRONG> (Thumb, 2 bytes, Stack size 0 bytes, startup_swm320.o(.text))
<BR><BR>[Calls]<UL><LI><a href="#[38]">&gt;&gt;</a>&nbsp;&nbsp;&nbsp;UART1_Handler
</UL>
<BR>[Called By]<UL><LI><a href="#[38]">&gt;&gt;</a>&nbsp;&nbsp;&nbsp;UART1_Handler
</UL>
<BR>[Address Reference Count : 1]<UL><LI> startup_swm320.o(RESET)
</UL>
<P><STRONG><a name="[39]"></a>UART2_Handler</STRONG> (Thumb, 2 bytes, Stack size 0 bytes, startup_swm320.o(.text))
<BR><BR>[Calls]<UL><LI><a href="#[39]">&gt;&gt;</a>&nbsp;&nbsp;&nbsp;UART2_Handler
</UL>
<BR>[Called By]<UL><LI><a href="#[39]">&gt;&gt;</a>&nbsp;&nbsp;&nbsp;UART2_Handler
</UL>
<BR>[Address Reference Count : 1]<UL><LI> startup_swm320.o(RESET)
</UL>
<P><STRONG><a name="[3a]"></a>UART3_Handler</STRONG> (Thumb, 2 bytes, Stack size 0 bytes, startup_swm320.o(.text))
<BR><BR>[Calls]<UL><LI><a href="#[3a]">&gt;&gt;</a>&nbsp;&nbsp;&nbsp;UART3_Handler
</UL>
<BR>[Called By]<UL><LI><a href="#[3a]">&gt;&gt;</a>&nbsp;&nbsp;&nbsp;UART3_Handler
</UL>
<BR>[Address Reference Count : 1]<UL><LI> startup_swm320.o(RESET)
</UL>
<P><STRONG><a name="[3b]"></a>I2C0_Handler</STRONG> (Thumb, 2 bytes, Stack size 0 bytes, startup_swm320.o(.text))
<BR><BR>[Calls]<UL><LI><a href="#[3b]">&gt;&gt;</a>&nbsp;&nbsp;&nbsp;I2C0_Handler
</UL>
<BR>[Called By]<UL><LI><a href="#[3b]">&gt;&gt;</a>&nbsp;&nbsp;&nbsp;I2C0_Handler
</UL>
<BR>[Address Reference Count : 1]<UL><LI> startup_swm320.o(RESET)
</UL>
<P><STRONG><a name="[3c]"></a>I2C1_Handler</STRONG> (Thumb, 2 bytes, Stack size 0 bytes, startup_swm320.o(.text))
<BR><BR>[Calls]<UL><LI><a href="#[3c]">&gt;&gt;</a>&nbsp;&nbsp;&nbsp;I2C1_Handler
</UL>
<BR>[Called By]<UL><LI><a href="#[3c]">&gt;&gt;</a>&nbsp;&nbsp;&nbsp;I2C1_Handler
</UL>
<BR>[Address Reference Count : 1]<UL><LI> startup_swm320.o(RESET)
</UL>
<P><STRONG><a name="[3d]"></a>SPI0_Handler</STRONG> (Thumb, 2 bytes, Stack size 0 bytes, startup_swm320.o(.text))
<BR><BR>[Calls]<UL><LI><a href="#[3d]">&gt;&gt;</a>&nbsp;&nbsp;&nbsp;SPI0_Handler
</UL>
<BR>[Called By]<UL><LI><a href="#[3d]">&gt;&gt;</a>&nbsp;&nbsp;&nbsp;SPI0_Handler
</UL>
<BR>[Address Reference Count : 1]<UL><LI> startup_swm320.o(RESET)
</UL>
<P><STRONG><a name="[3e]"></a>ADC0_Handler</STRONG> (Thumb, 2 bytes, Stack size 0 bytes, startup_swm320.o(.text))
<BR><BR>[Calls]<UL><LI><a href="#[3e]">&gt;&gt;</a>&nbsp;&nbsp;&nbsp;ADC0_Handler
</UL>
<BR>[Called By]<UL><LI><a href="#[3e]">&gt;&gt;</a>&nbsp;&nbsp;&nbsp;ADC0_Handler
</UL>
<BR>[Address Reference Count : 1]<UL><LI> startup_swm320.o(RESET)
</UL>
<P><STRONG><a name="[3f]"></a>RTC_Handler</STRONG> (Thumb, 2 bytes, Stack size 0 bytes, startup_swm320.o(.text))
<BR><BR>[Calls]<UL><LI><a href="#[3f]">&gt;&gt;</a>&nbsp;&nbsp;&nbsp;RTC_Handler
</UL>
<BR>[Called By]<UL><LI><a href="#[3f]">&gt;&gt;</a>&nbsp;&nbsp;&nbsp;RTC_Handler
</UL>
<BR>[Address Reference Count : 1]<UL><LI> startup_swm320.o(RESET)
</UL>
<P><STRONG><a name="[40]"></a>BOD_Handler</STRONG> (Thumb, 2 bytes, Stack size 0 bytes, startup_swm320.o(.text))
<BR><BR>[Calls]<UL><LI><a href="#[40]">&gt;&gt;</a>&nbsp;&nbsp;&nbsp;BOD_Handler
</UL>
<BR>[Called By]<UL><LI><a href="#[40]">&gt;&gt;</a>&nbsp;&nbsp;&nbsp;BOD_Handler
</UL>
<BR>[Address Reference Count : 1]<UL><LI> startup_swm320.o(RESET)
</UL>
<P><STRONG><a name="[41]"></a>SDIO_Handler</STRONG> (Thumb, 2 bytes, Stack size 0 bytes, startup_swm320.o(.text))
<BR><BR>[Calls]<UL><LI><a href="#[41]">&gt;&gt;</a>&nbsp;&nbsp;&nbsp;SDIO_Handler
</UL>
<BR>[Called By]<UL><LI><a href="#[41]">&gt;&gt;</a>&nbsp;&nbsp;&nbsp;SDIO_Handler
</UL>
<BR>[Address Reference Count : 1]<UL><LI> startup_swm320.o(RESET)
</UL>
<P><STRONG><a name="[42]"></a>GPIOA_Handler</STRONG> (Thumb, 2 bytes, Stack size 0 bytes, startup_swm320.o(.text))
<BR><BR>[Calls]<UL><LI><a href="#[42]">&gt;&gt;</a>&nbsp;&nbsp;&nbsp;GPIOA_Handler
</UL>
<BR>[Called By]<UL><LI><a href="#[42]">&gt;&gt;</a>&nbsp;&nbsp;&nbsp;GPIOA_Handler
</UL>
<BR>[Address Reference Count : 1]<UL><LI> startup_swm320.o(RESET)
</UL>
<P><STRONG><a name="[43]"></a>GPIOB_Handler</STRONG> (Thumb, 2 bytes, Stack size 0 bytes, startup_swm320.o(.text))
<BR><BR>[Calls]<UL><LI><a href="#[43]">&gt;&gt;</a>&nbsp;&nbsp;&nbsp;GPIOB_Handler
</UL>
<BR>[Called By]<UL><LI><a href="#[43]">&gt;&gt;</a>&nbsp;&nbsp;&nbsp;GPIOB_Handler
</UL>
<BR>[Address Reference Count : 1]<UL><LI> startup_swm320.o(RESET)
</UL>
<P><STRONG><a name="[44]"></a>GPIOC_Handler</STRONG> (Thumb, 2 bytes, Stack size 0 bytes, startup_swm320.o(.text))
<BR><BR>[Calls]<UL><LI><a href="#[44]">&gt;&gt;</a>&nbsp;&nbsp;&nbsp;GPIOC_Handler
</UL>
<BR>[Called By]<UL><LI><a href="#[44]">&gt;&gt;</a>&nbsp;&nbsp;&nbsp;GPIOC_Handler
</UL>
<BR>[Address Reference Count : 1]<UL><LI> startup_swm320.o(RESET)
</UL>
<P><STRONG><a name="[45]"></a>GPIOM_Handler</STRONG> (Thumb, 2 bytes, Stack size 0 bytes, startup_swm320.o(.text))
<BR><BR>[Calls]<UL><LI><a href="#[45]">&gt;&gt;</a>&nbsp;&nbsp;&nbsp;GPIOM_Handler
</UL>
<BR>[Called By]<UL><LI><a href="#[45]">&gt;&gt;</a>&nbsp;&nbsp;&nbsp;GPIOM_Handler
</UL>
<BR>[Address Reference Count : 1]<UL><LI> startup_swm320.o(RESET)
</UL>
<P><STRONG><a name="[46]"></a>GPION_Handler</STRONG> (Thumb, 2 bytes, Stack size 0 bytes, startup_swm320.o(.text))
<BR><BR>[Calls]<UL><LI><a href="#[46]">&gt;&gt;</a>&nbsp;&nbsp;&nbsp;GPION_Handler
</UL>
<BR>[Called By]<UL><LI><a href="#[46]">&gt;&gt;</a>&nbsp;&nbsp;&nbsp;GPION_Handler
</UL>
<BR>[Address Reference Count : 1]<UL><LI> startup_swm320.o(RESET)
</UL>
<P><STRONG><a name="[47]"></a>GPIOP_Handler</STRONG> (Thumb, 2 bytes, Stack size 0 bytes, startup_swm320.o(.text))
<BR><BR>[Calls]<UL><LI><a href="#[47]">&gt;&gt;</a>&nbsp;&nbsp;&nbsp;GPIOP_Handler
</UL>
<BR>[Called By]<UL><LI><a href="#[47]">&gt;&gt;</a>&nbsp;&nbsp;&nbsp;GPIOP_Handler
</UL>
<BR>[Address Reference Count : 1]<UL><LI> startup_swm320.o(RESET)
</UL>
<P><STRONG><a name="[48]"></a>ADC1_Handler</STRONG> (Thumb, 2 bytes, Stack size 0 bytes, startup_swm320.o(.text))
<BR><BR>[Calls]<UL><LI><a href="#[48]">&gt;&gt;</a>&nbsp;&nbsp;&nbsp;ADC1_Handler
</UL>
<BR>[Called By]<UL><LI><a href="#[48]">&gt;&gt;</a>&nbsp;&nbsp;&nbsp;ADC1_Handler
</UL>
<BR>[Address Reference Count : 1]<UL><LI> startup_swm320.o(RESET)
</UL>
<P><STRONG><a name="[49]"></a>FPU_Handler</STRONG> (Thumb, 2 bytes, Stack size 0 bytes, startup_swm320.o(.text))
<BR><BR>[Calls]<UL><LI><a href="#[49]">&gt;&gt;</a>&nbsp;&nbsp;&nbsp;FPU_Handler
</UL>
<BR>[Called By]<UL><LI><a href="#[49]">&gt;&gt;</a>&nbsp;&nbsp;&nbsp;FPU_Handler
</UL>
<BR>[Address Reference Count : 1]<UL><LI> startup_swm320.o(RESET)
</UL>
<P><STRONG><a name="[4a]"></a>SPI1_Handler</STRONG> (Thumb, 2 bytes, Stack size 0 bytes, startup_swm320.o(.text))
<BR><BR>[Calls]<UL><LI><a href="#[4a]">&gt;&gt;</a>&nbsp;&nbsp;&nbsp;SPI1_Handler
</UL>
<BR>[Called By]<UL><LI><a href="#[4a]">&gt;&gt;</a>&nbsp;&nbsp;&nbsp;SPI1_Handler
</UL>
<BR>[Address Reference Count : 1]<UL><LI> startup_swm320.o(RESET)
</UL>
<P><STRONG><a name="[4b]"></a>TIMR0_Handler</STRONG> (Thumb, 2 bytes, Stack size 0 bytes, startup_swm320.o(.text))
<BR><BR>[Calls]<UL><LI><a href="#[4b]">&gt;&gt;</a>&nbsp;&nbsp;&nbsp;TIMR0_Handler
</UL>
<BR>[Called By]<UL><LI><a href="#[4b]">&gt;&gt;</a>&nbsp;&nbsp;&nbsp;TIMR0_Handler
</UL>
<BR>[Address Reference Count : 1]<UL><LI> startup_swm320.o(RESET)
</UL>
<P><STRONG><a name="[4c]"></a>TIMR1_Handler</STRONG> (Thumb, 2 bytes, Stack size 0 bytes, startup_swm320.o(.text))
<BR><BR>[Calls]<UL><LI><a href="#[4c]">&gt;&gt;</a>&nbsp;&nbsp;&nbsp;TIMR1_Handler
</UL>
<BR>[Called By]<UL><LI><a href="#[4c]">&gt;&gt;</a>&nbsp;&nbsp;&nbsp;TIMR1_Handler
</UL>
<BR>[Address Reference Count : 1]<UL><LI> startup_swm320.o(RESET)
</UL>
<P><STRONG><a name="[4d]"></a>TIMR2_Handler</STRONG> (Thumb, 2 bytes, Stack size 0 bytes, startup_swm320.o(.text))
<BR><BR>[Calls]<UL><LI><a href="#[4d]">&gt;&gt;</a>&nbsp;&nbsp;&nbsp;TIMR2_Handler
</UL>
<BR>[Called By]<UL><LI><a href="#[4d]">&gt;&gt;</a>&nbsp;&nbsp;&nbsp;TIMR2_Handler
</UL>
<BR>[Address Reference Count : 1]<UL><LI> startup_swm320.o(RESET)
</UL>
<P><STRONG><a name="[4e]"></a>TIMR3_Handler</STRONG> (Thumb, 2 bytes, Stack size 0 bytes, startup_swm320.o(.text))
<BR><BR>[Calls]<UL><LI><a href="#[4e]">&gt;&gt;</a>&nbsp;&nbsp;&nbsp;TIMR3_Handler
</UL>
<BR>[Called By]<UL><LI><a href="#[4e]">&gt;&gt;</a>&nbsp;&nbsp;&nbsp;TIMR3_Handler
</UL>
<BR>[Address Reference Count : 1]<UL><LI> startup_swm320.o(RESET)
</UL>
<P><STRONG><a name="[4f]"></a>TIMR4_Handler</STRONG> (Thumb, 2 bytes, Stack size 0 bytes, startup_swm320.o(.text))
<BR><BR>[Calls]<UL><LI><a href="#[4f]">&gt;&gt;</a>&nbsp;&nbsp;&nbsp;TIMR4_Handler
</UL>
<BR>[Called By]<UL><LI><a href="#[4f]">&gt;&gt;</a>&nbsp;&nbsp;&nbsp;TIMR4_Handler
</UL>
<BR>[Address Reference Count : 1]<UL><LI> startup_swm320.o(RESET)
</UL>
<P><STRONG><a name="[50]"></a>TIMR5_Handler</STRONG> (Thumb, 2 bytes, Stack size 0 bytes, startup_swm320.o(.text))
<BR><BR>[Calls]<UL><LI><a href="#[50]">&gt;&gt;</a>&nbsp;&nbsp;&nbsp;TIMR5_Handler
</UL>
<BR>[Called By]<UL><LI><a href="#[50]">&gt;&gt;</a>&nbsp;&nbsp;&nbsp;TIMR5_Handler
</UL>
<BR>[Address Reference Count : 1]<UL><LI> startup_swm320.o(RESET)
</UL>
<P><STRONG><a name="[162]"></a>__aeabi_memcpy</STRONG> (Thumb, 36 bytes, Stack size 0 bytes, memcpya.o(.text))
<BR><BR>[Called By]<UL><LI><a href="#[161]">&gt;&gt;</a>&nbsp;&nbsp;&nbsp;lv_mem_realloc
<LI><a href="#[196]">&gt;&gt;</a>&nbsp;&nbsp;&nbsp;sw_mem_blend
<LI><a href="#[192]">&gt;&gt;</a>&nbsp;&nbsp;&nbsp;sw_color_fill
<LI><a href="#[153]">&gt;&gt;</a>&nbsp;&nbsp;&nbsp;lv_label_create
<LI><a href="#[167]">&gt;&gt;</a>&nbsp;&nbsp;&nbsp;lv_label_refr_text
</UL>

<P><STRONG><a name="[189]"></a>__aeabi_memcpy4</STRONG> (Thumb, 0 bytes, Stack size 0 bytes, memcpya.o(.text))
<BR><BR>[Called By]<UL><LI><a href="#[139]">&gt;&gt;</a>&nbsp;&nbsp;&nbsp;lv_style_copy
<LI><a href="#[14e]">&gt;&gt;</a>&nbsp;&nbsp;&nbsp;lv_style_init
</UL>

<P><STRONG><a name="[1ae]"></a>__aeabi_memcpy8</STRONG> (Thumb, 0 bytes, Stack size 0 bytes, memcpya.o(.text), UNUSED)

<P><STRONG><a name="[64]"></a>__aeabi_memset</STRONG> (Thumb, 14 bytes, Stack size 0 bytes, memseta.o(.text))
<BR><BR>[Called By]<UL><LI><a href="#[65]">&gt;&gt;</a>&nbsp;&nbsp;&nbsp;_memset$wrapper
<LI><a href="#[63]">&gt;&gt;</a>&nbsp;&nbsp;&nbsp;__aeabi_memclr
</UL>

<P><STRONG><a name="[1af]"></a>__aeabi_memset4</STRONG> (Thumb, 0 bytes, Stack size 0 bytes, memseta.o(.text), UNUSED)

<P><STRONG><a name="[1b0]"></a>__aeabi_memset8</STRONG> (Thumb, 0 bytes, Stack size 0 bytes, memseta.o(.text), UNUSED)

<P><STRONG><a name="[63]"></a>__aeabi_memclr</STRONG> (Thumb, 4 bytes, Stack size 0 bytes, memseta.o(.text))
<BR><BR>[Calls]<UL><LI><a href="#[64]">&gt;&gt;</a>&nbsp;&nbsp;&nbsp;__aeabi_memset
</UL>
<BR>[Called By]<UL><LI><a href="#[5d]">&gt;&gt;</a>&nbsp;&nbsp;&nbsp;lv_refr_task
<LI><a href="#[14f]">&gt;&gt;</a>&nbsp;&nbsp;&nbsp;lv_refr_init
</UL>

<P><STRONG><a name="[1a5]"></a>__aeabi_memclr4</STRONG> (Thumb, 0 bytes, Stack size 0 bytes, memseta.o(.text))
<BR><BR>[Called By]<UL><LI><a href="#[198]">&gt;&gt;</a>&nbsp;&nbsp;&nbsp;tft_init
</UL>

<P><STRONG><a name="[1b1]"></a>__aeabi_memclr8</STRONG> (Thumb, 0 bytes, Stack size 0 bytes, memseta.o(.text), UNUSED)

<P><STRONG><a name="[65]"></a>_memset$wrapper</STRONG> (Thumb, 18 bytes, Stack size 8 bytes, memseta.o(.text), UNUSED)
<BR><BR>[Calls]<UL><LI><a href="#[64]">&gt;&gt;</a>&nbsp;&nbsp;&nbsp;__aeabi_memset
</UL>

<P><STRONG><a name="[146]"></a>strlen</STRONG> (Thumb, 14 bytes, Stack size 0 bytes, strlen.o(.text))
<BR><BR>[Called By]<UL><LI><a href="#[156]">&gt;&gt;</a>&nbsp;&nbsp;&nbsp;lv_label_set_text
<LI><a href="#[140]">&gt;&gt;</a>&nbsp;&nbsp;&nbsp;lv_img_set_src
</UL>

<P><STRONG><a name="[147]"></a>strcpy</STRONG> (Thumb, 18 bytes, Stack size 0 bytes, strcpy.o(.text))
<BR><BR>[Called By]<UL><LI><a href="#[156]">&gt;&gt;</a>&nbsp;&nbsp;&nbsp;lv_label_set_text
<LI><a href="#[140]">&gt;&gt;</a>&nbsp;&nbsp;&nbsp;lv_img_set_src
</UL>

<P><STRONG><a name="[1b2]"></a>__aeabi_uidiv</STRONG> (Thumb, 0 bytes, Stack size 12 bytes, uidiv.o(.text), UNUSED)

<P><STRONG><a name="[b0]"></a>__aeabi_uidivmod</STRONG> (Thumb, 44 bytes, Stack size 12 bytes, uidiv.o(.text), UNUSED)
<BR><BR>[Called By]<UL><LI><a href="#[ab]">&gt;&gt;</a>&nbsp;&nbsp;&nbsp;_printf_core
</UL>

<P><STRONG><a name="[66]"></a>__aeabi_uldivmod</STRONG> (Thumb, 98 bytes, Stack size 40 bytes, uldiv.o(.text), UNUSED)
<BR><BR>[Calls]<UL><LI><a href="#[67]">&gt;&gt;</a>&nbsp;&nbsp;&nbsp;__aeabi_llsr
<LI><a href="#[68]">&gt;&gt;</a>&nbsp;&nbsp;&nbsp;__aeabi_llsl
</UL>
<BR>[Called By]<UL><LI><a href="#[ab]">&gt;&gt;</a>&nbsp;&nbsp;&nbsp;_printf_core
<LI><a href="#[ac]">&gt;&gt;</a>&nbsp;&nbsp;&nbsp;_fp_digits
</UL>

<P><STRONG><a name="[1b3]"></a>__I$use$fp</STRONG> (Thumb, 0 bytes, Stack size 48 bytes, iusefp.o(.text), UNUSED)

<P><STRONG><a name="[69]"></a>__aeabi_dadd</STRONG> (Thumb, 322 bytes, Stack size 48 bytes, dadd.o(.text), UNUSED)
<BR><BR>[Calls]<UL><LI><a href="#[6a]">&gt;&gt;</a>&nbsp;&nbsp;&nbsp;__aeabi_lasr
<LI><a href="#[68]">&gt;&gt;</a>&nbsp;&nbsp;&nbsp;__aeabi_llsl
<LI><a href="#[6c]">&gt;&gt;</a>&nbsp;&nbsp;&nbsp;_double_round
<LI><a href="#[6b]">&gt;&gt;</a>&nbsp;&nbsp;&nbsp;_double_epilogue
</UL>
<BR>[Called By]<UL><LI><a href="#[6e]">&gt;&gt;</a>&nbsp;&nbsp;&nbsp;__aeabi_drsub
<LI><a href="#[6d]">&gt;&gt;</a>&nbsp;&nbsp;&nbsp;__aeabi_dsub
<LI><a href="#[ac]">&gt;&gt;</a>&nbsp;&nbsp;&nbsp;_fp_digits
</UL>

<P><STRONG><a name="[6d]"></a>__aeabi_dsub</STRONG> (Thumb, 6 bytes, Stack size 0 bytes, dadd.o(.text), UNUSED)
<BR><BR>[Calls]<UL><LI><a href="#[69]">&gt;&gt;</a>&nbsp;&nbsp;&nbsp;__aeabi_dadd
</UL>

<P><STRONG><a name="[6e]"></a>__aeabi_drsub</STRONG> (Thumb, 6 bytes, Stack size 0 bytes, dadd.o(.text), UNUSED)
<BR><BR>[Calls]<UL><LI><a href="#[69]">&gt;&gt;</a>&nbsp;&nbsp;&nbsp;__aeabi_dadd
</UL>

<P><STRONG><a name="[6f]"></a>__aeabi_dmul</STRONG> (Thumb, 228 bytes, Stack size 48 bytes, dmul.o(.text), UNUSED)
<BR><BR>[Calls]<UL><LI><a href="#[6b]">&gt;&gt;</a>&nbsp;&nbsp;&nbsp;_double_epilogue
</UL>
<BR>[Called By]<UL><LI><a href="#[ac]">&gt;&gt;</a>&nbsp;&nbsp;&nbsp;_fp_digits
</UL>

<P><STRONG><a name="[70]"></a>__aeabi_ddiv</STRONG> (Thumb, 222 bytes, Stack size 32 bytes, ddiv.o(.text), UNUSED)
<BR><BR>[Calls]<UL><LI><a href="#[6c]">&gt;&gt;</a>&nbsp;&nbsp;&nbsp;_double_round
</UL>
<BR>[Called By]<UL><LI><a href="#[ac]">&gt;&gt;</a>&nbsp;&nbsp;&nbsp;_fp_digits
</UL>

<P><STRONG><a name="[71]"></a>__aeabi_d2ulz</STRONG> (Thumb, 48 bytes, Stack size 0 bytes, dfixul.o(.text), UNUSED)
<BR><BR>[Calls]<UL><LI><a href="#[67]">&gt;&gt;</a>&nbsp;&nbsp;&nbsp;__aeabi_llsr
<LI><a href="#[68]">&gt;&gt;</a>&nbsp;&nbsp;&nbsp;__aeabi_llsl
</UL>
<BR>[Called By]<UL><LI><a href="#[ac]">&gt;&gt;</a>&nbsp;&nbsp;&nbsp;_fp_digits
</UL>

<P><STRONG><a name="[ad]"></a>__aeabi_cdrcmple</STRONG> (Thumb, 48 bytes, Stack size 0 bytes, cdrcmple.o(.text), UNUSED)
<BR><BR>[Called By]<UL><LI><a href="#[ac]">&gt;&gt;</a>&nbsp;&nbsp;&nbsp;_fp_digits
</UL>

<P><STRONG><a name="[62]"></a>__scatterload</STRONG> (Thumb, 28 bytes, Stack size 0 bytes, init.o(.text))
<BR><BR>[Calls]<UL><LI><a href="#[72]">&gt;&gt;</a>&nbsp;&nbsp;&nbsp;__main_after_scatterload
</UL>
<BR>[Called By]<UL><LI><a href="#[61]">&gt;&gt;</a>&nbsp;&nbsp;&nbsp;_main_scatterload
</UL>

<P><STRONG><a name="[1b4]"></a>__scatterload_rt2</STRONG> (Thumb, 0 bytes, Stack size 0 bytes, init.o(.text), UNUSED)

<P><STRONG><a name="[68]"></a>__aeabi_llsl</STRONG> (Thumb, 30 bytes, Stack size 0 bytes, llshl.o(.text), UNUSED)
<BR><BR>[Called By]<UL><LI><a href="#[6b]">&gt;&gt;</a>&nbsp;&nbsp;&nbsp;_double_epilogue
<LI><a href="#[66]">&gt;&gt;</a>&nbsp;&nbsp;&nbsp;__aeabi_uldivmod
<LI><a href="#[69]">&gt;&gt;</a>&nbsp;&nbsp;&nbsp;__aeabi_dadd
<LI><a href="#[71]">&gt;&gt;</a>&nbsp;&nbsp;&nbsp;__aeabi_d2ulz
</UL>

<P><STRONG><a name="[1b5]"></a>_ll_shift_l</STRONG> (Thumb, 0 bytes, Stack size 0 bytes, llshl.o(.text), UNUSED)

<P><STRONG><a name="[67]"></a>__aeabi_llsr</STRONG> (Thumb, 32 bytes, Stack size 0 bytes, llushr.o(.text), UNUSED)
<BR><BR>[Called By]<UL><LI><a href="#[6b]">&gt;&gt;</a>&nbsp;&nbsp;&nbsp;_double_epilogue
<LI><a href="#[66]">&gt;&gt;</a>&nbsp;&nbsp;&nbsp;__aeabi_uldivmod
<LI><a href="#[71]">&gt;&gt;</a>&nbsp;&nbsp;&nbsp;__aeabi_d2ulz
</UL>

<P><STRONG><a name="[1b6]"></a>_ll_ushift_r</STRONG> (Thumb, 0 bytes, Stack size 0 bytes, llushr.o(.text), UNUSED)

<P><STRONG><a name="[6a]"></a>__aeabi_lasr</STRONG> (Thumb, 36 bytes, Stack size 0 bytes, llsshr.o(.text), UNUSED)
<BR><BR>[Called By]<UL><LI><a href="#[69]">&gt;&gt;</a>&nbsp;&nbsp;&nbsp;__aeabi_dadd
</UL>

<P><STRONG><a name="[1b7]"></a>_ll_sshift_r</STRONG> (Thumb, 0 bytes, Stack size 0 bytes, llsshr.o(.text), UNUSED)

<P><STRONG><a name="[6c]"></a>_double_round</STRONG> (Thumb, 30 bytes, Stack size 8 bytes, depilogue.o(.text), UNUSED)
<BR><BR>[Called By]<UL><LI><a href="#[6b]">&gt;&gt;</a>&nbsp;&nbsp;&nbsp;_double_epilogue
<LI><a href="#[70]">&gt;&gt;</a>&nbsp;&nbsp;&nbsp;__aeabi_ddiv
<LI><a href="#[69]">&gt;&gt;</a>&nbsp;&nbsp;&nbsp;__aeabi_dadd
</UL>

<P><STRONG><a name="[6b]"></a>_double_epilogue</STRONG> (Thumb, 156 bytes, Stack size 32 bytes, depilogue.o(.text), UNUSED)
<BR><BR>[Calls]<UL><LI><a href="#[67]">&gt;&gt;</a>&nbsp;&nbsp;&nbsp;__aeabi_llsr
<LI><a href="#[68]">&gt;&gt;</a>&nbsp;&nbsp;&nbsp;__aeabi_llsl
<LI><a href="#[6c]">&gt;&gt;</a>&nbsp;&nbsp;&nbsp;_double_round
</UL>
<BR>[Called By]<UL><LI><a href="#[6f]">&gt;&gt;</a>&nbsp;&nbsp;&nbsp;__aeabi_dmul
<LI><a href="#[69]">&gt;&gt;</a>&nbsp;&nbsp;&nbsp;__aeabi_dadd
</UL>

<P><STRONG><a name="[1b8]"></a>__decompress</STRONG> (Thumb, 0 bytes, Stack size unknown bytes, __dczerorl2.o(.text), UNUSED)

<P><STRONG><a name="[1b9]"></a>__decompress1</STRONG> (Thumb, 86 bytes, Stack size unknown bytes, __dczerorl2.o(.text), UNUSED)

<P><STRONG><a name="[19b]"></a>DrawImage</STRONG> (Thumb, 78 bytes, Stack size 24 bytes, tft.o(i.DrawImage))
<BR><BR>[Stack]<UL><LI>Max Depth = 24<LI>Call Chain = DrawImage
</UL>
<BR>[Called By]<UL><LI><a href="#[51]">&gt;&gt;</a>&nbsp;&nbsp;&nbsp;main
</UL>

<P><STRONG><a name="[73]"></a>EXTI_Clear</STRONG> (Thumb, 8 bytes, Stack size 0 bytes, swm320_exti.o(i.EXTI_Clear))
<BR><BR>[Called By]<UL><LI><a href="#[22]">&gt;&gt;</a>&nbsp;&nbsp;&nbsp;GPIOC2_Handler
</UL>

<P><STRONG><a name="[22]"></a>GPIOC2_Handler</STRONG> (Thumb, 18 bytes, Stack size 8 bytes, main.o(i.GPIOC2_Handler))
<BR><BR>[Stack]<UL><LI>Max Depth = 8<LI>Call Chain = GPIOC2_Handler
</UL>
<BR>[Calls]<UL><LI><a href="#[73]">&gt;&gt;</a>&nbsp;&nbsp;&nbsp;EXTI_Clear
</UL>
<BR>[Address Reference Count : 1]<UL><LI> startup_swm320.o(RESET)
</UL>
<P><STRONG><a name="[88]"></a>GPIO_ClrBit</STRONG> (Thumb, 12 bytes, Stack size 0 bytes, swm320_gpio.o(i.GPIO_ClrBit))
<BR><BR>[Called By]<UL><LI><a href="#[91]">&gt;&gt;</a>&nbsp;&nbsp;&nbsp;SPI_FLASH_ReadID
<LI><a href="#[90]">&gt;&gt;</a>&nbsp;&nbsp;&nbsp;SPI_FLASH_ReadDeviceID
<LI><a href="#[96]">&gt;&gt;</a>&nbsp;&nbsp;&nbsp;SPI_Flash_WAKEUP
<LI><a href="#[8d]">&gt;&gt;</a>&nbsp;&nbsp;&nbsp;SPI_FLASH_WriteEnable
<LI><a href="#[8f]">&gt;&gt;</a>&nbsp;&nbsp;&nbsp;SPI_FLASH_WaitForWriteEnd
<LI><a href="#[92]">&gt;&gt;</a>&nbsp;&nbsp;&nbsp;SPI_FLASH_SectorErase
<LI><a href="#[8c]">&gt;&gt;</a>&nbsp;&nbsp;&nbsp;SPI_FLASH_PageWrite
<LI><a href="#[87]">&gt;&gt;</a>&nbsp;&nbsp;&nbsp;SPI_FLASH_BufferRead
</UL>

<P><STRONG><a name="[74]"></a>GPIO_Init</STRONG> (Thumb, 710 bytes, Stack size 24 bytes, swm320_gpio.o(i.GPIO_Init))
<BR><BR>[Stack]<UL><LI>Max Depth = 40<LI>Call Chain = GPIO_Init &rArr; PORT_Init
</UL>
<BR>[Calls]<UL><LI><a href="#[75]">&gt;&gt;</a>&nbsp;&nbsp;&nbsp;PORT_Init
</UL>
<BR>[Called By]<UL><LI><a href="#[1a4]">&gt;&gt;</a>&nbsp;&nbsp;&nbsp;tft_rgbinit
<LI><a href="#[93]">&gt;&gt;</a>&nbsp;&nbsp;&nbsp;SPI_Flash_Init
</UL>

<P><STRONG><a name="[8a]"></a>GPIO_SetBit</STRONG> (Thumb, 12 bytes, Stack size 0 bytes, swm320_gpio.o(i.GPIO_SetBit))
<BR><BR>[Called By]<UL><LI><a href="#[1a4]">&gt;&gt;</a>&nbsp;&nbsp;&nbsp;tft_rgbinit
<LI><a href="#[91]">&gt;&gt;</a>&nbsp;&nbsp;&nbsp;SPI_FLASH_ReadID
<LI><a href="#[90]">&gt;&gt;</a>&nbsp;&nbsp;&nbsp;SPI_FLASH_ReadDeviceID
<LI><a href="#[96]">&gt;&gt;</a>&nbsp;&nbsp;&nbsp;SPI_Flash_WAKEUP
<LI><a href="#[8d]">&gt;&gt;</a>&nbsp;&nbsp;&nbsp;SPI_FLASH_WriteEnable
<LI><a href="#[8f]">&gt;&gt;</a>&nbsp;&nbsp;&nbsp;SPI_FLASH_WaitForWriteEnd
<LI><a href="#[92]">&gt;&gt;</a>&nbsp;&nbsp;&nbsp;SPI_FLASH_SectorErase
<LI><a href="#[8c]">&gt;&gt;</a>&nbsp;&nbsp;&nbsp;SPI_FLASH_PageWrite
<LI><a href="#[87]">&gt;&gt;</a>&nbsp;&nbsp;&nbsp;SPI_FLASH_BufferRead
</UL>

<P><STRONG><a name="[31]"></a>LCD_Handler</STRONG> (Thumb, 16 bytes, Stack size 8 bytes, main.o(i.LCD_Handler))
<BR><BR>[Stack]<UL><LI>Max Depth = 8<LI>Call Chain = LCD_Handler
</UL>
<BR>[Calls]<UL><LI><a href="#[77]">&gt;&gt;</a>&nbsp;&nbsp;&nbsp;LCD_Start
<LI><a href="#[76]">&gt;&gt;</a>&nbsp;&nbsp;&nbsp;LCD_INTClr
</UL>
<BR>[Address Reference Count : 1]<UL><LI> startup_swm320.o(RESET)
</UL>
<P><STRONG><a name="[76]"></a>LCD_INTClr</STRONG> (Thumb, 6 bytes, Stack size 0 bytes, swm320_lcd.o(i.LCD_INTClr))
<BR><BR>[Called By]<UL><LI><a href="#[31]">&gt;&gt;</a>&nbsp;&nbsp;&nbsp;LCD_Handler
</UL>

<P><STRONG><a name="[7a]"></a>LCD_INTDis</STRONG> (Thumb, 6 bytes, Stack size 0 bytes, swm320_lcd.o(i.LCD_INTDis))
<BR><BR>[Called By]<UL><LI><a href="#[78]">&gt;&gt;</a>&nbsp;&nbsp;&nbsp;LCD_Init
</UL>

<P><STRONG><a name="[79]"></a>LCD_INTEn</STRONG> (Thumb, 6 bytes, Stack size 0 bytes, swm320_lcd.o(i.LCD_INTEn))
<BR><BR>[Called By]<UL><LI><a href="#[78]">&gt;&gt;</a>&nbsp;&nbsp;&nbsp;LCD_Init
</UL>

<P><STRONG><a name="[78]"></a>LCD_Init</STRONG> (Thumb, 202 bytes, Stack size 12 bytes, swm320_lcd.o(i.LCD_Init))
<BR><BR>[Stack]<UL><LI>Max Depth = 12<LI>Call Chain = LCD_Init
</UL>
<BR>[Calls]<UL><LI><a href="#[79]">&gt;&gt;</a>&nbsp;&nbsp;&nbsp;LCD_INTEn
<LI><a href="#[7a]">&gt;&gt;</a>&nbsp;&nbsp;&nbsp;LCD_INTDis
</UL>
<BR>[Called By]<UL><LI><a href="#[1a4]">&gt;&gt;</a>&nbsp;&nbsp;&nbsp;tft_rgbinit
</UL>

<P><STRONG><a name="[77]"></a>LCD_Start</STRONG> (Thumb, 10 bytes, Stack size 0 bytes, swm320_lcd.o(i.LCD_Start))
<BR><BR>[Called By]<UL><LI><a href="#[51]">&gt;&gt;</a>&nbsp;&nbsp;&nbsp;main
<LI><a href="#[31]">&gt;&gt;</a>&nbsp;&nbsp;&nbsp;LCD_Handler
</UL>

<P><STRONG><a name="[19d]"></a>PLLInit</STRONG> (Thumb, 78 bytes, Stack size 0 bytes, system_swm320.o(i.PLLInit))
<BR><BR>[Called By]<UL><LI><a href="#[a5]">&gt;&gt;</a>&nbsp;&nbsp;&nbsp;switchCLK_PLL
</UL>

<P><STRONG><a name="[75]"></a>PORT_Init</STRONG> (Thumb, 1596 bytes, Stack size 16 bytes, swm320_port.o(i.PORT_Init))
<BR><BR>[Stack]<UL><LI>Max Depth = 16<LI>Call Chain = PORT_Init
</UL>
<BR>[Called By]<UL><LI><a href="#[9a]">&gt;&gt;</a>&nbsp;&nbsp;&nbsp;SerialInit
<LI><a href="#[93]">&gt;&gt;</a>&nbsp;&nbsp;&nbsp;SPI_Flash_Init
<LI><a href="#[74]">&gt;&gt;</a>&nbsp;&nbsp;&nbsp;GPIO_Init
<LI><a href="#[b1]">&gt;&gt;</a>&nbsp;&nbsp;&nbsp;bsp_SDIOInit
</UL>

<P><STRONG><a name="[7b]"></a>SDIO_BlockRead</STRONG> (Thumb, 110 bytes, Stack size 32 bytes, swm320_sdio.o(i.SDIO_BlockRead))
<BR><BR>[Stack]<UL><LI>Max Depth = 52<LI>Call Chain = SDIO_BlockRead &rArr; SDIO_SendCmd
</UL>
<BR>[Calls]<UL><LI><a href="#[7c]">&gt;&gt;</a>&nbsp;&nbsp;&nbsp;SDIO_SendCmd
</UL>
<BR>[Called By]<UL><LI><a href="#[cf]">&gt;&gt;</a>&nbsp;&nbsp;&nbsp;disk_read
</UL>

<P><STRONG><a name="[7d]"></a>SDIO_BlockWrite</STRONG> (Thumb, 120 bytes, Stack size 32 bytes, swm320_sdio.o(i.SDIO_BlockWrite))
<BR><BR>[Stack]<UL><LI>Max Depth = 52<LI>Call Chain = SDIO_BlockWrite &rArr; SDIO_SendCmd
</UL>
<BR>[Calls]<UL><LI><a href="#[7c]">&gt;&gt;</a>&nbsp;&nbsp;&nbsp;SDIO_SendCmd
</UL>
<BR>[Called By]<UL><LI><a href="#[c6]">&gt;&gt;</a>&nbsp;&nbsp;&nbsp;disk_write
</UL>

<P><STRONG><a name="[7e]"></a>SDIO_Init</STRONG> (Thumb, 570 bytes, Stack size 32 bytes, swm320_sdio.o(i.SDIO_Init))
<BR><BR>[Stack]<UL><LI>Max Depth = 52<LI>Call Chain = SDIO_Init &rArr; parseCSD
</UL>
<BR>[Calls]<UL><LI><a href="#[81]">&gt;&gt;</a>&nbsp;&nbsp;&nbsp;parseCSD
<LI><a href="#[80]">&gt;&gt;</a>&nbsp;&nbsp;&nbsp;parseCID
<LI><a href="#[7f]">&gt;&gt;</a>&nbsp;&nbsp;&nbsp;calcSDCLKDiv
<LI><a href="#[7c]">&gt;&gt;</a>&nbsp;&nbsp;&nbsp;SDIO_SendCmd
</UL>
<BR>[Called By]<UL><LI><a href="#[b1]">&gt;&gt;</a>&nbsp;&nbsp;&nbsp;bsp_SDIOInit
</UL>

<P><STRONG><a name="[7c]"></a>SDIO_SendCmd</STRONG> (Thumb, 140 bytes, Stack size 20 bytes, swm320_sdio.o(i.SDIO_SendCmd))
<BR><BR>[Stack]<UL><LI>Max Depth = 20<LI>Call Chain = SDIO_SendCmd
</UL>
<BR>[Called By]<UL><LI><a href="#[7e]">&gt;&gt;</a>&nbsp;&nbsp;&nbsp;SDIO_Init
<LI><a href="#[7d]">&gt;&gt;</a>&nbsp;&nbsp;&nbsp;SDIO_BlockWrite
<LI><a href="#[7b]">&gt;&gt;</a>&nbsp;&nbsp;&nbsp;SDIO_BlockRead
</UL>

<P><STRONG><a name="[1a7]"></a>SDRAM_Init</STRONG> (Thumb, 196 bytes, Stack size 0 bytes, swm320_sdram.o(i.SDRAM_Init))
<BR><BR>[Called By]<UL><LI><a href="#[1a3]">&gt;&gt;</a>&nbsp;&nbsp;&nbsp;tft_memoryinit
</UL>

<P><STRONG><a name="[82]"></a>SPIFLASH2SDRAM</STRONG> (Thumb, 162 bytes, Stack size 24 bytes, main.o(i.SPIFLASH2SDRAM))
<BR><BR>[Stack]<UL><LI>Max Depth = 960<LI>Call Chain = SPIFLASH2SDRAM &rArr; f_open &rArr; dir_register &rArr; dir_find &rArr; dir_next &rArr; create_chain &rArr; put_fat &rArr; move_window &rArr; sync_window &rArr; disk_write &rArr; SPI_FLASH_BufferWrite &rArr; SPI_FLASH_PageWrite &rArr; __2printf
</UL>
<BR>[Calls]<UL><LI><a href="#[85]">&gt;&gt;</a>&nbsp;&nbsp;&nbsp;f_read
<LI><a href="#[83]">&gt;&gt;</a>&nbsp;&nbsp;&nbsp;f_open
<LI><a href="#[84]">&gt;&gt;</a>&nbsp;&nbsp;&nbsp;f_lseek
<LI><a href="#[86]">&gt;&gt;</a>&nbsp;&nbsp;&nbsp;f_close
</UL>
<BR>[Called By]<UL><LI><a href="#[51]">&gt;&gt;</a>&nbsp;&nbsp;&nbsp;main
</UL>

<P><STRONG><a name="[97]"></a>SPI_Close</STRONG> (Thumb, 10 bytes, Stack size 0 bytes, swm320_spi.o(i.SPI_Close))
<BR><BR>[Called By]<UL><LI><a href="#[94]">&gt;&gt;</a>&nbsp;&nbsp;&nbsp;SPI_Init
</UL>

<P><STRONG><a name="[87]"></a>SPI_FLASH_BufferRead</STRONG> (Thumb, 86 bytes, Stack size 16 bytes, bsp_spiflash.o(i.SPI_FLASH_BufferRead))
<BR><BR>[Stack]<UL><LI>Max Depth = 16<LI>Call Chain = SPI_FLASH_BufferRead
</UL>
<BR>[Calls]<UL><LI><a href="#[89]">&gt;&gt;</a>&nbsp;&nbsp;&nbsp;SPI_ReadWrite
<LI><a href="#[8a]">&gt;&gt;</a>&nbsp;&nbsp;&nbsp;GPIO_SetBit
<LI><a href="#[88]">&gt;&gt;</a>&nbsp;&nbsp;&nbsp;GPIO_ClrBit
</UL>
<BR>[Called By]<UL><LI><a href="#[cf]">&gt;&gt;</a>&nbsp;&nbsp;&nbsp;disk_read
</UL>

<P><STRONG><a name="[8b]"></a>SPI_FLASH_BufferWrite</STRONG> (Thumb, 290 bytes, Stack size 40 bytes, bsp_spiflash.o(i.SPI_FLASH_BufferWrite))
<BR><BR>[Stack]<UL><LI>Max Depth = 80<LI>Call Chain = SPI_FLASH_BufferWrite &rArr; SPI_FLASH_PageWrite &rArr; __2printf
</UL>
<BR>[Calls]<UL><LI><a href="#[8c]">&gt;&gt;</a>&nbsp;&nbsp;&nbsp;SPI_FLASH_PageWrite
</UL>
<BR>[Called By]<UL><LI><a href="#[c6]">&gt;&gt;</a>&nbsp;&nbsp;&nbsp;disk_write
</UL>

<P><STRONG><a name="[8c]"></a>SPI_FLASH_PageWrite</STRONG> (Thumb, 108 bytes, Stack size 16 bytes, bsp_spiflash.o(i.SPI_FLASH_PageWrite))
<BR><BR>[Stack]<UL><LI>Max Depth = 40<LI>Call Chain = SPI_FLASH_PageWrite &rArr; __2printf
</UL>
<BR>[Calls]<UL><LI><a href="#[89]">&gt;&gt;</a>&nbsp;&nbsp;&nbsp;SPI_ReadWrite
<LI><a href="#[8d]">&gt;&gt;</a>&nbsp;&nbsp;&nbsp;SPI_FLASH_WriteEnable
<LI><a href="#[8f]">&gt;&gt;</a>&nbsp;&nbsp;&nbsp;SPI_FLASH_WaitForWriteEnd
<LI><a href="#[8a]">&gt;&gt;</a>&nbsp;&nbsp;&nbsp;GPIO_SetBit
<LI><a href="#[88]">&gt;&gt;</a>&nbsp;&nbsp;&nbsp;GPIO_ClrBit
<LI><a href="#[8e]">&gt;&gt;</a>&nbsp;&nbsp;&nbsp;__2printf
</UL>
<BR>[Called By]<UL><LI><a href="#[8b]">&gt;&gt;</a>&nbsp;&nbsp;&nbsp;SPI_FLASH_BufferWrite
</UL>

<P><STRONG><a name="[90]"></a>SPI_FLASH_ReadDeviceID</STRONG> (Thumb, 66 bytes, Stack size 8 bytes, bsp_spiflash.o(i.SPI_FLASH_ReadDeviceID))
<BR><BR>[Stack]<UL><LI>Max Depth = 8<LI>Call Chain = SPI_FLASH_ReadDeviceID
</UL>
<BR>[Calls]<UL><LI><a href="#[89]">&gt;&gt;</a>&nbsp;&nbsp;&nbsp;SPI_ReadWrite
<LI><a href="#[8a]">&gt;&gt;</a>&nbsp;&nbsp;&nbsp;GPIO_SetBit
<LI><a href="#[88]">&gt;&gt;</a>&nbsp;&nbsp;&nbsp;GPIO_ClrBit
</UL>
<BR>[Called By]<UL><LI><a href="#[51]">&gt;&gt;</a>&nbsp;&nbsp;&nbsp;main
</UL>

<P><STRONG><a name="[91]"></a>SPI_FLASH_ReadID</STRONG> (Thumb, 82 bytes, Stack size 24 bytes, bsp_spiflash.o(i.SPI_FLASH_ReadID))
<BR><BR>[Stack]<UL><LI>Max Depth = 24<LI>Call Chain = SPI_FLASH_ReadID
</UL>
<BR>[Calls]<UL><LI><a href="#[89]">&gt;&gt;</a>&nbsp;&nbsp;&nbsp;SPI_ReadWrite
<LI><a href="#[8a]">&gt;&gt;</a>&nbsp;&nbsp;&nbsp;GPIO_SetBit
<LI><a href="#[88]">&gt;&gt;</a>&nbsp;&nbsp;&nbsp;GPIO_ClrBit
</UL>
<BR>[Called By]<UL><LI><a href="#[51]">&gt;&gt;</a>&nbsp;&nbsp;&nbsp;main
</UL>

<P><STRONG><a name="[92]"></a>SPI_FLASH_SectorErase</STRONG> (Thumb, 70 bytes, Stack size 8 bytes, bsp_spiflash.o(i.SPI_FLASH_SectorErase))
<BR><BR>[Stack]<UL><LI>Max Depth = 16<LI>Call Chain = SPI_FLASH_SectorErase &rArr; SPI_FLASH_WriteEnable
</UL>
<BR>[Calls]<UL><LI><a href="#[89]">&gt;&gt;</a>&nbsp;&nbsp;&nbsp;SPI_ReadWrite
<LI><a href="#[8d]">&gt;&gt;</a>&nbsp;&nbsp;&nbsp;SPI_FLASH_WriteEnable
<LI><a href="#[8f]">&gt;&gt;</a>&nbsp;&nbsp;&nbsp;SPI_FLASH_WaitForWriteEnd
<LI><a href="#[8a]">&gt;&gt;</a>&nbsp;&nbsp;&nbsp;GPIO_SetBit
<LI><a href="#[88]">&gt;&gt;</a>&nbsp;&nbsp;&nbsp;GPIO_ClrBit
</UL>
<BR>[Called By]<UL><LI><a href="#[c6]">&gt;&gt;</a>&nbsp;&nbsp;&nbsp;disk_write
</UL>

<P><STRONG><a name="[8f]"></a>SPI_FLASH_WaitForWriteEnd</STRONG> (Thumb, 74 bytes, Stack size 8 bytes, bsp_spiflash.o(i.SPI_FLASH_WaitForWriteEnd))
<BR><BR>[Stack]<UL><LI>Max Depth = 8<LI>Call Chain = SPI_FLASH_WaitForWriteEnd
</UL>
<BR>[Calls]<UL><LI><a href="#[89]">&gt;&gt;</a>&nbsp;&nbsp;&nbsp;SPI_ReadWrite
<LI><a href="#[8a]">&gt;&gt;</a>&nbsp;&nbsp;&nbsp;GPIO_SetBit
<LI><a href="#[88]">&gt;&gt;</a>&nbsp;&nbsp;&nbsp;GPIO_ClrBit
</UL>
<BR>[Called By]<UL><LI><a href="#[92]">&gt;&gt;</a>&nbsp;&nbsp;&nbsp;SPI_FLASH_SectorErase
<LI><a href="#[8c]">&gt;&gt;</a>&nbsp;&nbsp;&nbsp;SPI_FLASH_PageWrite
</UL>

<P><STRONG><a name="[8d]"></a>SPI_FLASH_WriteEnable</STRONG> (Thumb, 28 bytes, Stack size 8 bytes, bsp_spiflash.o(i.SPI_FLASH_WriteEnable))
<BR><BR>[Stack]<UL><LI>Max Depth = 8<LI>Call Chain = SPI_FLASH_WriteEnable
</UL>
<BR>[Calls]<UL><LI><a href="#[89]">&gt;&gt;</a>&nbsp;&nbsp;&nbsp;SPI_ReadWrite
<LI><a href="#[8a]">&gt;&gt;</a>&nbsp;&nbsp;&nbsp;GPIO_SetBit
<LI><a href="#[88]">&gt;&gt;</a>&nbsp;&nbsp;&nbsp;GPIO_ClrBit
</UL>
<BR>[Called By]<UL><LI><a href="#[92]">&gt;&gt;</a>&nbsp;&nbsp;&nbsp;SPI_FLASH_SectorErase
<LI><a href="#[8c]">&gt;&gt;</a>&nbsp;&nbsp;&nbsp;SPI_FLASH_PageWrite
</UL>

<P><STRONG><a name="[93]"></a>SPI_Flash_Init</STRONG> (Thumb, 114 bytes, Stack size 24 bytes, bsp_spiflash.o(i.SPI_Flash_Init))
<BR><BR>[Stack]<UL><LI>Max Depth = 64<LI>Call Chain = SPI_Flash_Init &rArr; GPIO_Init &rArr; PORT_Init
</UL>
<BR>[Calls]<UL><LI><a href="#[95]">&gt;&gt;</a>&nbsp;&nbsp;&nbsp;SPI_Open
<LI><a href="#[94]">&gt;&gt;</a>&nbsp;&nbsp;&nbsp;SPI_Init
<LI><a href="#[75]">&gt;&gt;</a>&nbsp;&nbsp;&nbsp;PORT_Init
<LI><a href="#[74]">&gt;&gt;</a>&nbsp;&nbsp;&nbsp;GPIO_Init
</UL>
<BR>[Called By]<UL><LI><a href="#[51]">&gt;&gt;</a>&nbsp;&nbsp;&nbsp;main
<LI><a href="#[cd]">&gt;&gt;</a>&nbsp;&nbsp;&nbsp;disk_initialize
</UL>

<P><STRONG><a name="[96]"></a>SPI_Flash_WAKEUP</STRONG> (Thumb, 28 bytes, Stack size 8 bytes, bsp_spiflash.o(i.SPI_Flash_WAKEUP))
<BR><BR>[Stack]<UL><LI>Max Depth = 8<LI>Call Chain = SPI_Flash_WAKEUP
</UL>
<BR>[Calls]<UL><LI><a href="#[89]">&gt;&gt;</a>&nbsp;&nbsp;&nbsp;SPI_ReadWrite
<LI><a href="#[8a]">&gt;&gt;</a>&nbsp;&nbsp;&nbsp;GPIO_SetBit
<LI><a href="#[88]">&gt;&gt;</a>&nbsp;&nbsp;&nbsp;GPIO_ClrBit
</UL>
<BR>[Called By]<UL><LI><a href="#[cd]">&gt;&gt;</a>&nbsp;&nbsp;&nbsp;disk_initialize
</UL>

<P><STRONG><a name="[94]"></a>SPI_Init</STRONG> (Thumb, 220 bytes, Stack size 16 bytes, swm320_spi.o(i.SPI_Init))
<BR><BR>[Stack]<UL><LI>Max Depth = 16<LI>Call Chain = SPI_Init
</UL>
<BR>[Calls]<UL><LI><a href="#[97]">&gt;&gt;</a>&nbsp;&nbsp;&nbsp;SPI_Close
<LI><a href="#[98]">&gt;&gt;</a>&nbsp;&nbsp;&nbsp;NVIC_EnableIRQ
<LI><a href="#[99]">&gt;&gt;</a>&nbsp;&nbsp;&nbsp;NVIC_DisableIRQ
</UL>
<BR>[Called By]<UL><LI><a href="#[93]">&gt;&gt;</a>&nbsp;&nbsp;&nbsp;SPI_Flash_Init
</UL>

<P><STRONG><a name="[95]"></a>SPI_Open</STRONG> (Thumb, 10 bytes, Stack size 0 bytes, swm320_spi.o(i.SPI_Open))
<BR><BR>[Called By]<UL><LI><a href="#[93]">&gt;&gt;</a>&nbsp;&nbsp;&nbsp;SPI_Flash_Init
</UL>

<P><STRONG><a name="[89]"></a>SPI_ReadWrite</STRONG> (Thumb, 20 bytes, Stack size 0 bytes, swm320_spi.o(i.SPI_ReadWrite))
<BR><BR>[Called By]<UL><LI><a href="#[91]">&gt;&gt;</a>&nbsp;&nbsp;&nbsp;SPI_FLASH_ReadID
<LI><a href="#[90]">&gt;&gt;</a>&nbsp;&nbsp;&nbsp;SPI_FLASH_ReadDeviceID
<LI><a href="#[96]">&gt;&gt;</a>&nbsp;&nbsp;&nbsp;SPI_Flash_WAKEUP
<LI><a href="#[8d]">&gt;&gt;</a>&nbsp;&nbsp;&nbsp;SPI_FLASH_WriteEnable
<LI><a href="#[8f]">&gt;&gt;</a>&nbsp;&nbsp;&nbsp;SPI_FLASH_WaitForWriteEnd
<LI><a href="#[92]">&gt;&gt;</a>&nbsp;&nbsp;&nbsp;SPI_FLASH_SectorErase
<LI><a href="#[8c]">&gt;&gt;</a>&nbsp;&nbsp;&nbsp;SPI_FLASH_PageWrite
<LI><a href="#[87]">&gt;&gt;</a>&nbsp;&nbsp;&nbsp;SPI_FLASH_BufferRead
</UL>

<P><STRONG><a name="[9d]"></a>SWM_IncTick</STRONG> (Thumb, 12 bytes, Stack size 0 bytes, bsp_systick.o(i.SWM_IncTick))
<BR><BR>[Called By]<UL><LI><a href="#[f]">&gt;&gt;</a>&nbsp;&nbsp;&nbsp;SysTick_Handler
</UL>

<P><STRONG><a name="[9a]"></a>SerialInit</STRONG> (Thumb, 72 bytes, Stack size 24 bytes, bsp_uart.o(i.SerialInit))
<BR><BR>[Stack]<UL><LI>Max Depth = 40<LI>Call Chain = SerialInit &rArr; UART_Init
</UL>
<BR>[Calls]<UL><LI><a href="#[9c]">&gt;&gt;</a>&nbsp;&nbsp;&nbsp;UART_Open
<LI><a href="#[9b]">&gt;&gt;</a>&nbsp;&nbsp;&nbsp;UART_Init
<LI><a href="#[75]">&gt;&gt;</a>&nbsp;&nbsp;&nbsp;PORT_Init
</UL>
<BR>[Called By]<UL><LI><a href="#[51]">&gt;&gt;</a>&nbsp;&nbsp;&nbsp;main
</UL>

<P><STRONG><a name="[f]"></a>SysTick_Handler</STRONG> (Thumb, 12 bytes, Stack size 8 bytes, bsp_systick.o(i.SysTick_Handler))
<BR><BR>[Stack]<UL><LI>Max Depth = 16<LI>Call Chain = SysTick_Handler &rArr; SysTick_Handler_CallBack
</UL>
<BR>[Calls]<UL><LI><a href="#[9e]">&gt;&gt;</a>&nbsp;&nbsp;&nbsp;SysTick_Handler_CallBack
<LI><a href="#[9d]">&gt;&gt;</a>&nbsp;&nbsp;&nbsp;SWM_IncTick
</UL>
<BR>[Address Reference Count : 1]<UL><LI> startup_swm320.o(RESET)
</UL>
<P><STRONG><a name="[9e]"></a>SysTick_Handler_CallBack</STRONG> (Thumb, 10 bytes, Stack size 8 bytes, main.o(i.SysTick_Handler_CallBack))
<BR><BR>[Stack]<UL><LI>Max Depth = 8<LI>Call Chain = SysTick_Handler_CallBack
</UL>
<BR>[Calls]<UL><LI><a href="#[9f]">&gt;&gt;</a>&nbsp;&nbsp;&nbsp;lv_tick_inc
</UL>
<BR>[Called By]<UL><LI><a href="#[f]">&gt;&gt;</a>&nbsp;&nbsp;&nbsp;SysTick_Handler
</UL>

<P><STRONG><a name="[197]"></a>SysTick_Init</STRONG> (Thumb, 90 bytes, Stack size 12 bytes, bsp_systick.o(i.SysTick_Init))
<BR><BR>[Stack]<UL><LI>Max Depth = 12<LI>Call Chain = SysTick_Init
</UL>
<BR>[Called By]<UL><LI><a href="#[51]">&gt;&gt;</a>&nbsp;&nbsp;&nbsp;main
</UL>

<P><STRONG><a name="[a6]"></a>SystemCoreClockUpdate</STRONG> (Thumb, 150 bytes, Stack size 0 bytes, system_swm320.o(i.SystemCoreClockUpdate))
<BR><BR>[Called By]<UL><LI><a href="#[a0]">&gt;&gt;</a>&nbsp;&nbsp;&nbsp;SystemInit
</UL>

<P><STRONG><a name="[a0]"></a>SystemInit</STRONG> (Thumb, 94 bytes, Stack size 4 bytes, system_swm320.o(i.SystemInit))
<BR><BR>[Stack]<UL><LI>Max Depth = 8<LI>Call Chain = SystemInit &rArr; switchCLK_PLL
</UL>
<BR>[Calls]<UL><LI><a href="#[a4]">&gt;&gt;</a>&nbsp;&nbsp;&nbsp;switchCLK_XTAL
<LI><a href="#[a5]">&gt;&gt;</a>&nbsp;&nbsp;&nbsp;switchCLK_PLL
<LI><a href="#[a2]">&gt;&gt;</a>&nbsp;&nbsp;&nbsp;switchCLK_40MHz
<LI><a href="#[a3]">&gt;&gt;</a>&nbsp;&nbsp;&nbsp;switchCLK_32KHz
<LI><a href="#[a1]">&gt;&gt;</a>&nbsp;&nbsp;&nbsp;switchCLK_20MHz
<LI><a href="#[a6]">&gt;&gt;</a>&nbsp;&nbsp;&nbsp;SystemCoreClockUpdate
</UL>
<BR>[Called By]<UL><LI><a href="#[51]">&gt;&gt;</a>&nbsp;&nbsp;&nbsp;main
</UL>

<P><STRONG><a name="[a7]"></a>UART_Close</STRONG> (Thumb, 10 bytes, Stack size 0 bytes, swm320_uart.o(i.UART_Close))
<BR><BR>[Called By]<UL><LI><a href="#[9b]">&gt;&gt;</a>&nbsp;&nbsp;&nbsp;UART_Init
</UL>

<P><STRONG><a name="[9b]"></a>UART_Init</STRONG> (Thumb, 392 bytes, Stack size 16 bytes, swm320_uart.o(i.UART_Init))
<BR><BR>[Stack]<UL><LI>Max Depth = 16<LI>Call Chain = UART_Init
</UL>
<BR>[Calls]<UL><LI><a href="#[a7]">&gt;&gt;</a>&nbsp;&nbsp;&nbsp;UART_Close
<LI><a href="#[a8]">&gt;&gt;</a>&nbsp;&nbsp;&nbsp;NVIC_EnableIRQ
<LI><a href="#[a9]">&gt;&gt;</a>&nbsp;&nbsp;&nbsp;NVIC_DisableIRQ
</UL>
<BR>[Called By]<UL><LI><a href="#[9a]">&gt;&gt;</a>&nbsp;&nbsp;&nbsp;SerialInit
</UL>

<P><STRONG><a name="[e2]"></a>UART_IsTXBusy</STRONG> (Thumb, 14 bytes, Stack size 0 bytes, swm320_uart.o(i.UART_IsTXBusy))
<BR><BR>[Called By]<UL><LI><a href="#[53]">&gt;&gt;</a>&nbsp;&nbsp;&nbsp;fputc
</UL>

<P><STRONG><a name="[9c]"></a>UART_Open</STRONG> (Thumb, 10 bytes, Stack size 0 bytes, swm320_uart.o(i.UART_Open))
<BR><BR>[Called By]<UL><LI><a href="#[9a]">&gt;&gt;</a>&nbsp;&nbsp;&nbsp;SerialInit
</UL>

<P><STRONG><a name="[e1]"></a>UART_WriteByte</STRONG> (Thumb, 4 bytes, Stack size 0 bytes, swm320_uart.o(i.UART_WriteByte))
<BR><BR>[Called By]<UL><LI><a href="#[53]">&gt;&gt;</a>&nbsp;&nbsp;&nbsp;fputc
</UL>

<P><STRONG><a name="[aa]"></a>__0printf</STRONG> (Thumb, 22 bytes, Stack size 24 bytes, printfa.o(i.__0printf), UNUSED)
<BR><BR>[Calls]<UL><LI><a href="#[ab]">&gt;&gt;</a>&nbsp;&nbsp;&nbsp;_printf_core
</UL>

<P><STRONG><a name="[1ba]"></a>__1printf</STRONG> (Thumb, 0 bytes, Stack size 24 bytes, printfa.o(i.__0printf), UNUSED)

<P><STRONG><a name="[8e]"></a>__2printf</STRONG> (Thumb, 0 bytes, Stack size 24 bytes, printfa.o(i.__0printf))
<BR><BR>[Stack]<UL><LI>Max Depth = 24<LI>Call Chain = __2printf
</UL>
<BR>[Called By]<UL><LI><a href="#[51]">&gt;&gt;</a>&nbsp;&nbsp;&nbsp;main
<LI><a href="#[8c]">&gt;&gt;</a>&nbsp;&nbsp;&nbsp;SPI_FLASH_PageWrite
</UL>

<P><STRONG><a name="[1bb]"></a>__c89printf</STRONG> (Thumb, 0 bytes, Stack size 24 bytes, printfa.o(i.__0printf), UNUSED)

<P><STRONG><a name="[1bc]"></a>printf</STRONG> (Thumb, 0 bytes, Stack size 24 bytes, printfa.o(i.__0printf), UNUSED)

<P><STRONG><a name="[1bd]"></a>__scatterload_copy</STRONG> (Thumb, 14 bytes, Stack size unknown bytes, handlers.o(i.__scatterload_copy), UNUSED)

<P><STRONG><a name="[1be]"></a>__scatterload_null</STRONG> (Thumb, 2 bytes, Stack size unknown bytes, handlers.o(i.__scatterload_null), UNUSED)

<P><STRONG><a name="[1bf]"></a>__scatterload_zeroinit</STRONG> (Thumb, 14 bytes, Stack size unknown bytes, handlers.o(i.__scatterload_zeroinit), UNUSED)

<P><STRONG><a name="[b1]"></a>bsp_SDIOInit</STRONG> (Thumb, 84 bytes, Stack size 8 bytes, bsp_sdio.o(i.bsp_SDIOInit))
<BR><BR>[Stack]<UL><LI>Max Depth = 60<LI>Call Chain = bsp_SDIOInit &rArr; SDIO_Init &rArr; parseCSD
</UL>
<BR>[Calls]<UL><LI><a href="#[7e]">&gt;&gt;</a>&nbsp;&nbsp;&nbsp;SDIO_Init
<LI><a href="#[75]">&gt;&gt;</a>&nbsp;&nbsp;&nbsp;PORT_Init
</UL>
<BR>[Called By]<UL><LI><a href="#[cd]">&gt;&gt;</a>&nbsp;&nbsp;&nbsp;disk_initialize
</UL>

<P><STRONG><a name="[7f]"></a>calcSDCLKDiv</STRONG> (Thumb, 142 bytes, Stack size 8 bytes, swm320_sdio.o(i.calcSDCLKDiv))
<BR><BR>[Stack]<UL><LI>Max Depth = 8<LI>Call Chain = calcSDCLKDiv
</UL>
<BR>[Called By]<UL><LI><a href="#[7e]">&gt;&gt;</a>&nbsp;&nbsp;&nbsp;SDIO_Init
</UL>

<P><STRONG><a name="[cd]"></a>disk_initialize</STRONG> (Thumb, 70 bytes, Stack size 16 bytes, diskio.o(i.disk_initialize))
<BR><BR>[Stack]<UL><LI>Max Depth = 80<LI>Call Chain = disk_initialize &rArr; SPI_Flash_Init &rArr; GPIO_Init &rArr; PORT_Init
</UL>
<BR>[Calls]<UL><LI><a href="#[93]">&gt;&gt;</a>&nbsp;&nbsp;&nbsp;SPI_Flash_Init
<LI><a href="#[96]">&gt;&gt;</a>&nbsp;&nbsp;&nbsp;SPI_Flash_WAKEUP
<LI><a href="#[ce]">&gt;&gt;</a>&nbsp;&nbsp;&nbsp;disk_status
<LI><a href="#[b1]">&gt;&gt;</a>&nbsp;&nbsp;&nbsp;bsp_SDIOInit
</UL>
<BR>[Called By]<UL><LI><a href="#[d4]">&gt;&gt;</a>&nbsp;&nbsp;&nbsp;f_mkfs
<LI><a href="#[da]">&gt;&gt;</a>&nbsp;&nbsp;&nbsp;find_volume
</UL>

<P><STRONG><a name="[d6]"></a>disk_ioctl</STRONG> (Thumb, 110 bytes, Stack size 8 bytes, diskio.o(i.disk_ioctl))
<BR><BR>[Stack]<UL><LI>Max Depth = 8<LI>Call Chain = disk_ioctl
</UL>
<BR>[Called By]<UL><LI><a href="#[d4]">&gt;&gt;</a>&nbsp;&nbsp;&nbsp;f_mkfs
<LI><a href="#[e0]">&gt;&gt;</a>&nbsp;&nbsp;&nbsp;sync_fs
<LI><a href="#[da]">&gt;&gt;</a>&nbsp;&nbsp;&nbsp;find_volume
</UL>

<P><STRONG><a name="[cf]"></a>disk_read</STRONG> (Thumb, 78 bytes, Stack size 24 bytes, diskio.o(i.disk_read))
<BR><BR>[Stack]<UL><LI>Max Depth = 76<LI>Call Chain = disk_read &rArr; SDIO_BlockRead &rArr; SDIO_SendCmd
</UL>
<BR>[Calls]<UL><LI><a href="#[7b]">&gt;&gt;</a>&nbsp;&nbsp;&nbsp;SDIO_BlockRead
<LI><a href="#[87]">&gt;&gt;</a>&nbsp;&nbsp;&nbsp;SPI_FLASH_BufferRead
</UL>
<BR>[Called By]<UL><LI><a href="#[85]">&gt;&gt;</a>&nbsp;&nbsp;&nbsp;f_read
<LI><a href="#[83]">&gt;&gt;</a>&nbsp;&nbsp;&nbsp;f_open
<LI><a href="#[84]">&gt;&gt;</a>&nbsp;&nbsp;&nbsp;f_lseek
<LI><a href="#[b3]">&gt;&gt;</a>&nbsp;&nbsp;&nbsp;move_window
</UL>

<P><STRONG><a name="[ce]"></a>disk_status</STRONG> (Thumb, 32 bytes, Stack size 0 bytes, diskio.o(i.disk_status))
[...]

<P><STRONG><a name="[bb]"></a>create_name</STRONG> (Thumb, 680 bytes, Stack size 56 bytes, ff.o(i.create_name))
<BR><BR>[Stack]<UL><LI>Max Depth = 88<LI>Call Chain = create_name &rArr; tchar2uni &rArr; ff_oem2uni
</UL>
<BR>[Calls]<UL><LI><a href="#[bf]">&gt;&gt;</a>&nbsp;&nbsp;&nbsp;ff_uni2oem
<LI><a href="#[bc]">&gt;&gt;</a>&nbsp;&nbsp;&nbsp;tchar2uni
<LI><a href="#[be]">&gt;&gt;</a>&nbsp;&nbsp;&nbsp;mem_set
<LI><a href="#[bd]">&gt;&gt;</a>&nbsp;&nbsp;&nbsp;chk_chr
</UL>
<BR>[Called By]<UL><LI><a href="#[db]">&gt;&gt;</a>&nbsp;&nbsp;&nbsp;follow_path
</UL>

<P><STRONG><a name="[e3]"></a>dbc_1st</STRONG> (Thumb, 12 bytes, Stack size 0 bytes, ff.o(i.dbc_1st))
<BR><BR>[Called By]<UL><LI><a href="#[bc]">&gt;&gt;</a>&nbsp;&nbsp;&nbsp;tchar2uni
<LI><a href="#[cb]">&gt;&gt;</a>&nbsp;&nbsp;&nbsp;gen_numname
</UL>

<P><STRONG><a name="[19e]"></a>dbc_2nd</STRONG> (Thumb, 12 bytes, Stack size 0 bytes, ff.o(i.dbc_2nd))
<BR><BR>[Called By]<UL><LI><a href="#[bc]">&gt;&gt;</a>&nbsp;&nbsp;&nbsp;tchar2uni
</UL>

<P><STRONG><a name="[c0]"></a>dir_alloc</STRONG> (Thumb, 96 bytes, Stack size 24 bytes, ff.o(i.dir_alloc))
<BR><BR>[Stack]<UL><LI>Max Depth = 264<LI>Call Chain = dir_alloc &rArr; dir_next &rArr; create_chain &rArr; put_fat &rArr; move_window &rArr; sync_window &rArr; disk_write &rArr; SPI_FLASH_BufferWrite &rArr; SPI_FLASH_PageWrite &rArr; __2printf
</UL>
<BR>[Calls]<UL><LI><a href="#[b3]">&gt;&gt;</a>&nbsp;&nbsp;&nbsp;move_window
<LI><a href="#[c1]">&gt;&gt;</a>&nbsp;&nbsp;&nbsp;dir_sdi
<LI><a href="#[c2]">&gt;&gt;</a>&nbsp;&nbsp;&nbsp;dir_next
</UL>
<BR>[Called By]<UL><LI><a href="#[c9]">&gt;&gt;</a>&nbsp;&nbsp;&nbsp;dir_register
</UL>

<P><STRONG><a name="[c3]"></a>dir_clear</STRONG> (Thumb, 94 bytes, Stack size 32 bytes, ff.o(i.dir_clear))
<BR><BR>[Stack]<UL><LI>Max Depth = 160<LI>Call Chain = dir_clear &rArr; sync_window &rArr; disk_write &rArr; SPI_FLASH_BufferWrite &rArr; SPI_FLASH_PageWrite &rArr; __2printf
</UL>
<BR>[Calls]<UL><LI><a href="#[c4]">&gt;&gt;</a>&nbsp;&nbsp;&nbsp;sync_window
<LI><a href="#[be]">&gt;&gt;</a>&nbsp;&nbsp;&nbsp;mem_set
<LI><a href="#[c5]">&gt;&gt;</a>&nbsp;&nbsp;&nbsp;clst2sect
<LI><a href="#[c6]">&gt;&gt;</a>&nbsp;&nbsp;&nbsp;disk_write
</UL>
<BR>[Called By]<UL><LI><a href="#[c2]">&gt;&gt;</a>&nbsp;&nbsp;&nbsp;dir_next
</UL>

<P><STRONG><a name="[c7]"></a>dir_find</STRONG> (Thumb, 252 bytes, Stack size 32 bytes, ff.o(i.dir_find))
<BR><BR>[Stack]<UL><LI>Max Depth = 272<LI>Call Chain = dir_find &rArr; dir_next &rArr; create_chain &rArr; put_fat &rArr; move_window &rArr; sync_window &rArr; disk_write &rArr; SPI_FLASH_BufferWrite &rArr; SPI_FLASH_PageWrite &rArr; __2printf
</UL>
<BR>[Calls]<UL><LI><a href="#[c8]">&gt;&gt;</a>&nbsp;&nbsp;&nbsp;sum_sfn
<LI><a href="#[b3]">&gt;&gt;</a>&nbsp;&nbsp;&nbsp;move_window
<LI><a href="#[b5]">&gt;&gt;</a>&nbsp;&nbsp;&nbsp;mem_cmp
<LI><a href="#[c1]">&gt;&gt;</a>&nbsp;&nbsp;&nbsp;dir_sdi
<LI><a href="#[c2]">&gt;&gt;</a>&nbsp;&nbsp;&nbsp;dir_next
<LI><a href="#[b6]">&gt;&gt;</a>&nbsp;&nbsp;&nbsp;cmp_lfn
</UL>
<BR>[Called By]<UL><LI><a href="#[db]">&gt;&gt;</a>&nbsp;&nbsp;&nbsp;follow_path
<LI><a href="#[c9]">&gt;&gt;</a>&nbsp;&nbsp;&nbsp;dir_register
</UL>

<P><STRONG><a name="[c2]"></a>dir_next</STRONG> (Thumb, 214 bytes, Stack size 24 bytes, ff.o(i.dir_next))
<BR><BR>[Stack]<UL><LI>Max Depth = 240<LI>Call Chain = dir_next &rArr; create_chain &rArr; put_fat &rArr; move_window &rArr; sync_window &rArr; disk_write &rArr; SPI_FLASH_BufferWrite &rArr; SPI_FLASH_PageWrite &rArr; __2printf
</UL>
<BR>[Calls]<UL><LI><a href="#[b9]">&gt;&gt;</a>&nbsp;&nbsp;&nbsp;get_fat
<LI><a href="#[c3]">&gt;&gt;</a>&nbsp;&nbsp;&nbsp;dir_clear
<LI><a href="#[b8]">&gt;&gt;</a>&nbsp;&nbsp;&nbsp;create_chain
<LI><a href="#[c5]">&gt;&gt;</a>&nbsp;&nbsp;&nbsp;clst2sect
</UL>
<BR>[Called By]<UL><LI><a href="#[c9]">&gt;&gt;</a>&nbsp;&nbsp;&nbsp;dir_register
<LI><a href="#[c7]">&gt;&gt;</a>&nbsp;&nbsp;&nbsp;dir_find
<LI><a href="#[c0]">&gt;&gt;</a>&nbsp;&nbsp;&nbsp;dir_alloc
</UL>

<P><STRONG><a name="[c9]"></a>dir_register</STRONG> (Thumb, 322 bytes, Stack size 48 bytes, ff.o(i.dir_register))
<BR><BR>[Stack]<UL><LI>Max Depth = 320<LI>Call Chain = dir_register &rArr; dir_find &rArr; dir_next &rArr; create_chain &rArr; put_fat &rArr; move_window &rArr; sync_window &rArr; disk_write &rArr; SPI_FLASH_BufferWrite &rArr; SPI_FLASH_PageWrite &rArr; __2printf
</UL>
<BR>[Calls]<UL><LI><a href="#[c8]">&gt;&gt;</a>&nbsp;&nbsp;&nbsp;sum_sfn
<LI><a href="#[cc]">&gt;&gt;</a>&nbsp;&nbsp;&nbsp;put_lfn
<LI><a href="#[b3]">&gt;&gt;</a>&nbsp;&nbsp;&nbsp;move_window
<LI><a href="#[be]">&gt;&gt;</a>&nbsp;&nbsp;&nbsp;mem_set
<LI><a href="#[ca]">&gt;&gt;</a>&nbsp;&nbsp;&nbsp;mem_cpy
<LI><a href="#[cb]">&gt;&gt;</a>&nbsp;&nbsp;&nbsp;gen_numname
<LI><a href="#[c1]">&gt;&gt;</a>&nbsp;&nbsp;&nbsp;dir_sdi
<LI><a href="#[c2]">&gt;&gt;</a>&nbsp;&nbsp;&nbsp;dir_next
<LI><a href="#[c7]">&gt;&gt;</a>&nbsp;&nbsp;&nbsp;dir_find
<LI><a href="#[c0]">&gt;&gt;</a>&nbsp;&nbsp;&nbsp;dir_alloc
</UL>
<BR>[Called By]<UL><LI><a href="#[83]">&gt;&gt;</a>&nbsp;&nbsp;&nbsp;f_open
</UL>

<P><STRONG><a name="[c1]"></a>dir_sdi</STRONG> (Thumb, 166 bytes, Stack size 24 bytes, ff.o(i.dir_sdi))
<BR><BR>[Stack]<UL><LI>Max Depth = 208<LI>Call Chain = dir_sdi &rArr; get_fat &rArr; move_window &rArr; sync_window &rArr; disk_write &rArr; SPI_FLASH_BufferWrite &rArr; SPI_FLASH_PageWrite &rArr; __2printf
</UL>
<BR>[Calls]<UL><LI><a href="#[b9]">&gt;&gt;</a>&nbsp;&nbsp;&nbsp;get_fat
<LI><a href="#[c5]">&gt;&gt;</a>&nbsp;&nbsp;&nbsp;clst2sect
</UL>
<BR>[Called By]<UL><LI><a href="#[db]">&gt;&gt;</a>&nbsp;&nbsp;&nbsp;follow_path
<LI><a href="#[c9]">&gt;&gt;</a>&nbsp;&nbsp;&nbsp;dir_register
<LI><a href="#[c7]">&gt;&gt;</a>&nbsp;&nbsp;&nbsp;dir_find
<LI><a href="#[c0]">&gt;&gt;</a>&nbsp;&nbsp;&nbsp;dir_alloc
</UL>

<P><STRONG><a name="[da]"></a>find_volume</STRONG> (Thumb, 842 bytes, Stack size 88 bytes, ff.o(i.find_volume))
<BR><BR>[Stack]<UL><LI>Max Depth = 248<LI>Call Chain = find_volume &rArr; check_fs &rArr; move_window &rArr; sync_window &rArr; disk_write &rArr; SPI_FLASH_BufferWrite &rArr; SPI_FLASH_PageWrite &rArr; __2printf
</UL>
<BR>[Calls]<UL><LI><a href="#[b3]">&gt;&gt;</a>&nbsp;&nbsp;&nbsp;move_window
<LI><a href="#[b4]">&gt;&gt;</a>&nbsp;&nbsp;&nbsp;ld_word
<LI><a href="#[df]">&gt;&gt;</a>&nbsp;&nbsp;&nbsp;ld_dword
<LI><a href="#[d5]">&gt;&gt;</a>&nbsp;&nbsp;&nbsp;get_ldnumber
<LI><a href="#[b2]">&gt;&gt;</a>&nbsp;&nbsp;&nbsp;check_fs
<LI><a href="#[ce]">&gt;&gt;</a>&nbsp;&nbsp;&nbsp;disk_status
<LI><a href="#[d6]">&gt;&gt;</a>&nbsp;&nbsp;&nbsp;disk_ioctl
<LI><a href="#[cd]">&gt;&gt;</a>&nbsp;&nbsp;&nbsp;disk_initialize
</UL>
<BR>[Called By]<UL><LI><a href="#[83]">&gt;&gt;</a>&nbsp;&nbsp;&nbsp;f_open
<LI><a href="#[d9]">&gt;&gt;</a>&nbsp;&nbsp;&nbsp;f_mount
</UL>

<P><STRONG><a name="[db]"></a>follow_path</STRONG> (Thumb, 212 bytes, Stack size 32 bytes, ff.o(i.follow_path))
<BR><BR>[Stack]<UL><LI>Max Depth = 304<LI>Call Chain = follow_path &rArr; dir_find &rArr; dir_next &rArr; create_chain &rArr; put_fat &rArr; move_window &rArr; sync_window &rArr; disk_write &rArr; SPI_FLASH_BufferWrite &rArr; SPI_FLASH_PageWrite &rArr; __2printf
</UL>
<BR>[Calls]<UL><LI><a href="#[dc]">&gt;&gt;</a>&nbsp;&nbsp;&nbsp;ld_clust
<LI><a href="#[c1]">&gt;&gt;</a>&nbsp;&nbsp;&nbsp;dir_sdi
<LI><a href="#[c7]">&gt;&gt;</a>&nbsp;&nbsp;&nbsp;dir_find
<LI><a href="#[bb]">&gt;&gt;</a>&nbsp;&nbsp;&nbsp;create_name
</UL>
<BR>[Called By]<UL><LI><a href="#[83]">&gt;&gt;</a>&nbsp;&nbsp;&nbsp;f_open
</UL>

<P><STRONG><a name="[cb]"></a>gen_numname</STRONG> (Thumb, 198 bytes, Stack size 64 bytes, ff.o(i.gen_numname))
<BR><BR>[Stack]<UL><LI>Max Depth = 76<LI>Call Chain = gen_numname &rArr; mem_cpy
</UL>
<BR>[Calls]<UL><LI><a href="#[ca]">&gt;&gt;</a>&nbsp;&nbsp;&nbsp;mem_cpy
<LI><a href="#[e3]">&gt;&gt;</a>&nbsp;&nbsp;&nbsp;dbc_1st
</UL>
<BR>[Called By]<UL><LI><a href="#[c9]">&gt;&gt;</a>&nbsp;&nbsp;&nbsp;dir_register
</UL>

<P><STRONG><a name="[b9]"></a>get_fat</STRONG> (Thumb, 306 bytes, Stack size 40 bytes, ff.o(i.get_fat))
<BR><BR>[Stack]<UL><LI>Max Depth = 184<LI>Call Chain = get_fat &rArr; move_window &rArr; sync_window &rArr; disk_write &rArr; SPI_FLASH_BufferWrite &rArr; SPI_FLASH_PageWrite &rArr; __2printf
</UL>
<BR>[Calls]<UL><LI><a href="#[b3]">&gt;&gt;</a>&nbsp;&nbsp;&nbsp;move_window
<LI><a href="#[b4]">&gt;&gt;</a>&nbsp;&nbsp;&nbsp;ld_word
<LI><a href="#[df]">&gt;&gt;</a>&nbsp;&nbsp;&nbsp;ld_dword
</UL>
<BR>[Called By]<UL><LI><a href="#[85]">&gt;&gt;</a>&nbsp;&nbsp;&nbsp;f_read
<LI><a href="#[83]">&gt;&gt;</a>&nbsp;&nbsp;&nbsp;f_open
<LI><a href="#[84]">&gt;&gt;</a>&nbsp;&nbsp;&nbsp;f_lseek
<LI><a href="#[de]">&gt;&gt;</a>&nbsp;&nbsp;&nbsp;remove_chain
<LI><a href="#[c1]">&gt;&gt;</a>&nbsp;&nbsp;&nbsp;dir_sdi
<LI><a href="#[c2]">&gt;&gt;</a>&nbsp;&nbsp;&nbsp;dir_next
<LI><a href="#[b8]">&gt;&gt;</a>&nbsp;&nbsp;&nbsp;create_chain
</UL>

<P><STRONG><a name="[d5]"></a>get_ldnumber</STRONG> (Thumb, 80 bytes, Stack size 12 bytes, ff.o(i.get_ldnumber))
<BR><BR>[Stack]<UL><LI>Max Depth = 12<LI>Call Chain = get_ldnumber
</UL>
<BR>[Called By]<UL><LI><a href="#[d9]">&gt;&gt;</a>&nbsp;&nbsp;&nbsp;f_mount
<LI><a href="#[d4]">&gt;&gt;</a>&nbsp;&nbsp;&nbsp;f_mkfs
<LI><a href="#[da]">&gt;&gt;</a>&nbsp;&nbsp;&nbsp;find_volume
</UL>

<P><STRONG><a name="[dc]"></a>ld_clust</STRONG> (Thumb, 38 bytes, Stack size 16 bytes, ff.o(i.ld_clust))
<BR><BR>[Stack]<UL><LI>Max Depth = 16<LI>Call Chain = ld_clust
</UL>
<BR>[Calls]<UL><LI><a href="#[b4]">&gt;&gt;</a>&nbsp;&nbsp;&nbsp;ld_word
</UL>
<BR>[Called By]<UL><LI><a href="#[83]">&gt;&gt;</a>&nbsp;&nbsp;&nbsp;f_open
<LI><a href="#[db]">&gt;&gt;</a>&nbsp;&nbsp;&nbsp;follow_path
</UL>

<P><STRONG><a name="[df]"></a>ld_dword</STRONG> (Thumb, 24 bytes, Stack size 0 bytes, ff.o(i.ld_dword))
<BR><BR>[Called By]<UL><LI><a href="#[83]">&gt;&gt;</a>&nbsp;&nbsp;&nbsp;f_open
<LI><a href="#[ba]">&gt;&gt;</a>&nbsp;&nbsp;&nbsp;put_fat
<LI><a href="#[b9]">&gt;&gt;</a>&nbsp;&nbsp;&nbsp;get_fat
<LI><a href="#[da]">&gt;&gt;</a>&nbsp;&nbsp;&nbsp;find_volume
</UL>

<P><STRONG><a name="[b4]"></a>ld_word</STRONG> (Thumb, 12 bytes, Stack size 0 bytes, ff.o(i.ld_word))
<BR><BR>[Called By]<UL><LI><a href="#[dc]">&gt;&gt;</a>&nbsp;&nbsp;&nbsp;ld_clust
<LI><a href="#[b9]">&gt;&gt;</a>&nbsp;&nbsp;&nbsp;get_fat
<LI><a href="#[da]">&gt;&gt;</a>&nbsp;&nbsp;&nbsp;find_volume
<LI><a href="#[b6]">&gt;&gt;</a>&nbsp;&nbsp;&nbsp;cmp_lfn
<LI><a href="#[b2]">&gt;&gt;</a>&nbsp;&nbsp;&nbsp;check_fs
</UL>

<P><STRONG><a name="[b5]"></a>mem_cmp</STRONG> (Thumb, 36 bytes, Stack size 20 bytes, ff.o(i.mem_cmp))
<BR><BR>[Stack]<UL><LI>Max Depth = 20<LI>Call Chain = mem_cmp
</UL>
<BR>[Called By]<UL><LI><a href="#[c7]">&gt;&gt;</a>&nbsp;&nbsp;&nbsp;dir_find
<LI><a href="#[b2]">&gt;&gt;</a>&nbsp;&nbsp;&nbsp;check_fs
</UL>

<P><STRONG><a name="[ca]"></a>mem_cpy</STRONG> (Thumb, 26 bytes, Stack size 12 bytes, ff.o(i.mem_cpy))
<BR><BR>[Stack]<UL><LI>Max Depth = 12<LI>Call Chain = mem_cpy
</UL>
<BR>[Called By]<UL><LI><a href="#[85]">&gt;&gt;</a>&nbsp;&nbsp;&nbsp;f_read
<LI><a href="#[d4]">&gt;&gt;</a>&nbsp;&nbsp;&nbsp;f_mkfs
<LI><a href="#[cb]">&gt;&gt;</a>&nbsp;&nbsp;&nbsp;gen_numname
<LI><a href="#[c9]">&gt;&gt;</a>&nbsp;&nbsp;&nbsp;dir_register
</UL>

<P><STRONG><a name="[be]"></a>mem_set</STRONG> (Thumb, 18 bytes, Stack size 8 bytes, ff.o(i.mem_set))
<BR><BR>[Stack]<UL><LI>Max Depth = 8<LI>Call Chain = mem_set
</UL>
<BR>[Called By]<UL><LI><a href="#[83]">&gt;&gt;</a>&nbsp;&nbsp;&nbsp;f_open
<LI><a href="#[d4]">&gt;&gt;</a>&nbsp;&nbsp;&nbsp;f_mkfs
<LI><a href="#[e0]">&gt;&gt;</a>&nbsp;&nbsp;&nbsp;sync_fs
<LI><a href="#[c9]">&gt;&gt;</a>&nbsp;&nbsp;&nbsp;dir_register
<LI><a href="#[c3]">&gt;&gt;</a>&nbsp;&nbsp;&nbsp;dir_clear
<LI><a href="#[bb]">&gt;&gt;</a>&nbsp;&nbsp;&nbsp;create_name
</UL>

<P><STRONG><a name="[b3]"></a>move_window</STRONG> (Thumb, 52 bytes, Stack size 16 bytes, ff.o(i.move_window))
<BR><BR>[Stack]<UL><LI>Max Depth = 144<LI>Call Chain = move_window &rArr; sync_window &rArr; disk_write &rArr; SPI_FLASH_BufferWrite &rArr; SPI_FLASH_PageWrite &rArr; __2printf
</UL>
<BR>[Calls]<UL><LI><a href="#[c4]">&gt;&gt;</a>&nbsp;&nbsp;&nbsp;sync_window
<LI><a href="#[cf]">&gt;&gt;</a>&nbsp;&nbsp;&nbsp;disk_read
</UL>
<BR>[Called By]<UL><LI><a href="#[83]">&gt;&gt;</a>&nbsp;&nbsp;&nbsp;f_open
<LI><a href="#[d2]">&gt;&gt;</a>&nbsp;&nbsp;&nbsp;f_sync
<LI><a href="#[ba]">&gt;&gt;</a>&nbsp;&nbsp;&nbsp;put_fat
<LI><a href="#[b9]">&gt;&gt;</a>&nbsp;&nbsp;&nbsp;get_fat
<LI><a href="#[da]">&gt;&gt;</a>&nbsp;&nbsp;&nbsp;find_volume
<LI><a href="#[c9]">&gt;&gt;</a>&nbsp;&nbsp;&nbsp;dir_register
<LI><a href="#[c7]">&gt;&gt;</a>&nbsp;&nbsp;&nbsp;dir_find
<LI><a href="#[c0]">&gt;&gt;</a>&nbsp;&nbsp;&nbsp;dir_alloc
<LI><a href="#[b2]">&gt;&gt;</a>&nbsp;&nbsp;&nbsp;check_fs
</UL>

<P><STRONG><a name="[ba]"></a>put_fat</STRONG> (Thumb, 400 bytes, Stack size 40 bytes, ff.o(i.put_fat))
<BR><BR>[Stack]<UL><LI>Max Depth = 184<LI>Call Chain = put_fat &rArr; move_window &rArr; sync_window &rArr; disk_write &rArr; SPI_FLASH_BufferWrite &rArr; SPI_FLASH_PageWrite &rArr; __2printf
</UL>
<BR>[Calls]<UL><LI><a href="#[d7]">&gt;&gt;</a>&nbsp;&nbsp;&nbsp;st_word
<LI><a href="#[d8]">&gt;&gt;</a>&nbsp;&nbsp;&nbsp;st_dword
<LI><a href="#[b3]">&gt;&gt;</a>&nbsp;&nbsp;&nbsp;move_window
<LI><a href="#[df]">&gt;&gt;</a>&nbsp;&nbsp;&nbsp;ld_dword
</UL>
<BR>[Called By]<UL><LI><a href="#[de]">&gt;&gt;</a>&nbsp;&nbsp;&nbsp;remove_chain
<LI><a href="#[b8]">&gt;&gt;</a>&nbsp;&nbsp;&nbsp;create_chain
</UL>

<P><STRONG><a name="[cc]"></a>put_lfn</STRONG> (Thumb, 124 bytes, Stack size 32 bytes, ff.o(i.put_lfn))
<BR><BR>[Stack]<UL><LI>Max Depth = 32<LI>Call Chain = put_lfn
</UL>
<BR>[Calls]<UL><LI><a href="#[d7]">&gt;&gt;</a>&nbsp;&nbsp;&nbsp;st_word
</UL>
<BR>[Called By]<UL><LI><a href="#[c9]">&gt;&gt;</a>&nbsp;&nbsp;&nbsp;dir_register
</UL>

<P><STRONG><a name="[de]"></a>remove_chain</STRONG> (Thumb, 154 bytes, Stack size 32 bytes, ff.o(i.remove_chain))
<BR><BR>[Stack]<UL><LI>Max Depth = 216<LI>Call Chain = remove_chain &rArr; put_fat &rArr; move_window &rArr; sync_window &rArr; disk_write &rArr; SPI_FLASH_BufferWrite &rArr; SPI_FLASH_PageWrite &rArr; __2printf
</UL>
<BR>[Calls]<UL><LI><a href="#[ba]">&gt;&gt;</a>&nbsp;&nbsp;&nbsp;put_fat
<LI><a href="#[b9]">&gt;&gt;</a>&nbsp;&nbsp;&nbsp;get_fat
</UL>
<BR>[Called By]<UL><LI><a href="#[83]">&gt;&gt;</a>&nbsp;&nbsp;&nbsp;f_open
</UL>

<P><STRONG><a name="[dd]"></a>st_clust</STRONG> (Thumb, 36 bytes, Stack size 16 bytes, ff.o(i.st_clust))
<BR><BR>[Stack]<UL><LI>Max Depth = 16<LI>Call Chain = st_clust
</UL>
<BR>[Calls]<UL><LI><a href="#[d7]">&gt;&gt;</a>&nbsp;&nbsp;&nbsp;st_word
</UL>
<BR>[Called By]<UL><LI><a href="#[83]">&gt;&gt;</a>&nbsp;&nbsp;&nbsp;f_open
<LI><a href="#[d2]">&gt;&gt;</a>&nbsp;&nbsp;&nbsp;f_sync
</UL>

<P><STRONG><a name="[d8]"></a>st_dword</STRONG> (Thumb, 24 bytes, Stack size 0 bytes, ff.o(i.st_dword))
<BR><BR>[Called By]<UL><LI><a href="#[83]">&gt;&gt;</a>&nbsp;&nbsp;&nbsp;f_open
<LI><a href="#[d4]">&gt;&gt;</a>&nbsp;&nbsp;&nbsp;f_mkfs
<LI><a href="#[d2]">&gt;&gt;</a>&nbsp;&nbsp;&nbsp;f_sync
<LI><a href="#[e0]">&gt;&gt;</a>&nbsp;&nbsp;&nbsp;sync_fs
<LI><a href="#[ba]">&gt;&gt;</a>&nbsp;&nbsp;&nbsp;put_fat
</UL>

<P><STRONG><a name="[d7]"></a>st_word</STRONG> (Thumb, 12 bytes, Stack size 0 bytes, ff.o(i.st_word))
<BR><BR>[Called By]<UL><LI><a href="#[d4]">&gt;&gt;</a>&nbsp;&nbsp;&nbsp;f_mkfs
<LI><a href="#[d2]">&gt;&gt;</a>&nbsp;&nbsp;&nbsp;f_sync
<LI><a href="#[e0]">&gt;&gt;</a>&nbsp;&nbsp;&nbsp;sync_fs
<LI><a href="#[dd]">&gt;&gt;</a>&nbsp;&nbsp;&nbsp;st_clust
<LI><a href="#[cc]">&gt;&gt;</a>&nbsp;&nbsp;&nbsp;put_lfn
<LI><a href="#[ba]">&gt;&gt;</a>&nbsp;&nbsp;&nbsp;put_fat
</UL>

<P><STRONG><a name="[c8]"></a>sum_sfn</STRONG> (Thumb, 32 bytes, Stack size 12 bytes, ff.o(i.sum_sfn))
<BR><BR>[Stack]<UL><LI>Max Depth = 12<LI>Call Chain = sum_sfn
</UL>
<BR>[Called By]<UL><LI><a href="#[c9]">&gt;&gt;</a>&nbsp;&nbsp;&nbsp;dir_register
<LI><a href="#[c7]">&gt;&gt;</a>&nbsp;&nbsp;&nbsp;dir_find
</UL>

<P><STRONG><a name="[e0]"></a>sync_fs</STRONG> (Thumb, 134 bytes, Stack size 16 bytes, ff.o(i.sync_fs))
<BR><BR>[Stack]<UL><LI>Max Depth = 144<LI>Call Chain = sync_fs &rArr; sync_window &rArr; disk_write &rArr; SPI_FLASH_BufferWrite &rArr; SPI_FLASH_PageWrite &rArr; __2printf
</UL>
<BR>[Calls]<UL><LI><a href="#[c4]">&gt;&gt;</a>&nbsp;&nbsp;&nbsp;sync_window
<LI><a href="#[d7]">&gt;&gt;</a>&nbsp;&nbsp;&nbsp;st_word
<LI><a href="#[d8]">&gt;&gt;</a>&nbsp;&nbsp;&nbsp;st_dword
<LI><a href="#[be]">&gt;&gt;</a>&nbsp;&nbsp;&nbsp;mem_set
<LI><a href="#[c6]">&gt;&gt;</a>&nbsp;&nbsp;&nbsp;disk_write
<LI><a href="#[d6]">&gt;&gt;</a>&nbsp;&nbsp;&nbsp;disk_ioctl
</UL>
<BR>[Called By]<UL><LI><a href="#[d2]">&gt;&gt;</a>&nbsp;&nbsp;&nbsp;f_sync
</UL>

<P><STRONG><a name="[c4]"></a>sync_window</STRONG> (Thumb, 74 bytes, Stack size 16 bytes, ff.o(i.sync_window))
<BR><BR>[Stack]<UL><LI>Max Depth = 128<LI>Call Chain = sync_window &rArr; disk_write &rArr; SPI_FLASH_BufferWrite &rArr; SPI_FLASH_PageWrite &rArr; __2printf
</UL>
<BR>[Calls]<UL><LI><a href="#[c6]">&gt;&gt;</a>&nbsp;&nbsp;&nbsp;disk_write
</UL>
<BR>[Called By]<UL><LI><a href="#[e0]">&gt;&gt;</a>&nbsp;&nbsp;&nbsp;sync_fs
<LI><a href="#[b3]">&gt;&gt;</a>&nbsp;&nbsp;&nbsp;move_window
<LI><a href="#[c3]">&gt;&gt;</a>&nbsp;&nbsp;&nbsp;dir_clear
</UL>

<P><STRONG><a name="[bc]"></a>tchar2uni</STRONG> (Thumb, 76 bytes, Stack size 24 bytes, ff.o(i.tchar2uni))
<BR><BR>[Stack]<UL><LI>Max Depth = 32<LI>Call Chain = tchar2uni &rArr; ff_oem2uni
</UL>
<BR>[Calls]<UL><LI><a href="#[19f]">&gt;&gt;</a>&nbsp;&nbsp;&nbsp;ff_oem2uni
<LI><a href="#[19e]">&gt;&gt;</a>&nbsp;&nbsp;&nbsp;dbc_2nd
<LI><a href="#[e3]">&gt;&gt;</a>&nbsp;&nbsp;&nbsp;dbc_1st
</UL>
<BR>[Called By]<UL><LI><a href="#[bb]">&gt;&gt;</a>&nbsp;&nbsp;&nbsp;create_name
</UL>

<P><STRONG><a name="[d3]"></a>validate</STRONG> (Thumb, 60 bytes, Stack size 16 bytes, ff.o(i.validate))
<BR><BR>[Stack]<UL><LI>Max Depth = 16<LI>Call Chain = validate
</UL>
<BR>[Calls]<UL><LI><a href="#[ce]">&gt;&gt;</a>&nbsp;&nbsp;&nbsp;disk_status
</UL>
<BR>[Called By]<UL><LI><a href="#[85]">&gt;&gt;</a>&nbsp;&nbsp;&nbsp;f_read
<LI><a href="#[84]">&gt;&gt;</a>&nbsp;&nbsp;&nbsp;f_lseek
<LI><a href="#[86]">&gt;&gt;</a>&nbsp;&nbsp;&nbsp;f_close
<LI><a href="#[d2]">&gt;&gt;</a>&nbsp;&nbsp;&nbsp;f_sync
</UL>

<P><STRONG><a name="[ac]"></a>_fp_digits</STRONG> (Thumb, 334 bytes, Stack size 56 bytes, printfa.o(i._fp_digits), UNUSED)
<BR><BR>[Calls]<UL><LI><a href="#[66]">&gt;&gt;</a>&nbsp;&nbsp;&nbsp;__aeabi_uldivmod
<LI><a href="#[6f]">&gt;&gt;</a>&nbsp;&nbsp;&nbsp;__aeabi_dmul
<LI><a href="#[70]">&gt;&gt;</a>&nbsp;&nbsp;&nbsp;__aeabi_ddiv
<LI><a href="#[69]">&gt;&gt;</a>&nbsp;&nbsp;&nbsp;__aeabi_dadd
<LI><a href="#[71]">&gt;&gt;</a>&nbsp;&nbsp;&nbsp;__aeabi_d2ulz
<LI><a href="#[ad]">&gt;&gt;</a>&nbsp;&nbsp;&nbsp;__aeabi_cdrcmple
</UL>
<BR>[Called By]<UL><LI><a href="#[ab]">&gt;&gt;</a>&nbsp;&nbsp;&nbsp;_printf_core
</UL>

<P><STRONG><a name="[ab]"></a>_printf_core</STRONG> (Thumb, 1744 bytes, Stack size 136 bytes, printfa.o(i._printf_core), UNUSED)
<BR><BR>[Calls]<UL><LI><a href="#[66]">&gt;&gt;</a>&nbsp;&nbsp;&nbsp;__aeabi_uldivmod
<LI><a href="#[b0]">&gt;&gt;</a>&nbsp;&nbsp;&nbsp;__aeabi_uidivmod
<LI><a href="#[ae]">&gt;&gt;</a>&nbsp;&nbsp;&nbsp;_printf_pre_padding
<LI><a href="#[af]">&gt;&gt;</a>&nbsp;&nbsp;&nbsp;_printf_post_padding
<LI><a href="#[ac]">&gt;&gt;</a>&nbsp;&nbsp;&nbsp;_fp_digits
</UL>
<BR>[Called By]<UL><LI><a href="#[aa]">&gt;&gt;</a>&nbsp;&nbsp;&nbsp;__0printf
</UL>

<P><STRONG><a name="[af]"></a>_printf_post_padding</STRONG> (Thumb, 36 bytes, Stack size 24 bytes, printfa.o(i._printf_post_padding), UNUSED)
<BR><BR>[Called By]<UL><LI><a href="#[ab]">&gt;&gt;</a>&nbsp;&nbsp;&nbsp;_printf_core
</UL>

<P><STRONG><a name="[ae]"></a>_printf_pre_padding</STRONG> (Thumb, 46 bytes, Stack size 24 bytes, printfa.o(i._printf_pre_padding), UNUSED)
<BR><BR>[Called By]<UL><LI><a href="#[ab]">&gt;&gt;</a>&nbsp;&nbsp;&nbsp;_printf_core
</UL>
<P>
<H3>
Undefined Global Symbols
</H3><HR></body></html>
